******************************************************************************
                  TI ARM Linker PC v18.12.4                    
******************************************************************************
>> Linked Fri May  1 02:02:34 2020

OUTPUT FILE NAME:   <Project1_improved.out>
ENTRY POINT SYMBOL: "_c_int00_noargs"  address: 00005629


MEMORY CONFIGURATION

         name            origin    length      used     unused   attr    fill
----------------------  --------  ---------  --------  --------  ----  --------
  FLASH                 00000000   00040000  00005946  0003a6ba  R  X
  SRAM                  20000000   00008000  000026a4  0000595c  RW X


SEGMENT ALLOCATION MAP

run origin  load origin   length   init length attrs members
----------  ----------- ---------- ----------- ----- -------
00000000    00000000    00005948   00005948    r-x
  00000000    00000000    0000026c   0000026c    r-- .intvecs
  0000026c    0000026c    00005544   00005544    r-x .text
  000057b0    000057b0    0000015e   0000015e    r-- .const
  00005910    00005910    00000038   00000038    r-- .cinit
20000000    20000000    000026a7   00000000    rw-
  20000000    20000000    00002000   00000000    rw- .stack
  20002000    20002000    00000685   00000000    rw- .bss
  20002688    20002688    0000001f   00000000    rw- .data


SECTION ALLOCATION MAP

 output                                  attributes/
section   page    origin      length       input sections
--------  ----  ----------  ----------   ----------------
.intvecs   0    00000000    0000026c     
                  00000000    0000026c     tm4c123gh6pm_startup_ccs.obj (.intvecs)

.text      0    0000026c    00005544     
                  0000026c    000011dc     eth0.obj (.text)
                  00001448    00000c8c     dhcp.obj (.text)
                  000020d4    00000a4e     rtsv7M4_T_le_v4SPD16_eabi.lib : _printfi.c.obj (.text:__TI_printfi)
                  00002b22    00000002                                   : div0.asm.obj (.text)
                  00002b24    000007c0     gpio.obj (.text)
                  000032e4    00000468     ethernet.obj (.text)
                  0000374c    00000374     timer.obj (.text)
                  00003ac0    000002f8     commands.obj (.text)
                  00003db8    000002ba     terminal.obj (.text)
                  00004072    00000002     --HOLE-- [fill = 0]
                  00004074    00000270     rtsv7M4_T_le_v4SPD16_eabi.lib : _printfi.c.obj (.text:_pconv_a)
                  000042e4    000001d0                                   : _printfi.c.obj (.text:_pconv_g)
                  000044b4    000001b6                                   : fd_add_t2.asm.obj (.text)
                  0000466a    00000002     --HOLE-- [fill = 0]
                  0000466c    0000017c     uart0.obj (.text)
                  000047e8    00000160     spi0.obj (.text)
                  00004948    0000013c     rtsv7M4_T_le_v4SPD16_eabi.lib : _printfi.c.obj (.text:_pconv_e)
                  00004a84    00000136                                   : fd_div_t2.asm.obj (.text)
                  00004bba    00000002     --HOLE-- [fill = 0]
                  00004bbc    00000124                                   : _printfi.c.obj (.text:fcvt)
                  00004ce0    00000110                                   : s_scalbn.c.obj (.text:scalbn)
                  00004df0    000000fc                                   : fd_mul_t2.asm.obj (.text)
                  00004eec    000000b1                                   : _printfi.c.obj (.text:_ltostr)
                  00004f9d    00000001     --HOLE-- [fill = 0]
                  00004f9e    0000009c                                   : memcpy_t2.asm.obj (.text)
                  0000503a    00000096                                   : ull_div_t2.asm.obj (.text)
                  000050d0    00000086                                   : fd_cmp_t2.asm.obj (.text:__aeabi_cdcmple)
                  00005156    00000086                                   : fd_cmp_t2.asm.obj (.text:__aeabi_cdrcmple)
                  000051dc    0000007a                                   : memset_t2.asm.obj (.text)
                  00005256    0000006e                                   : _printfi.c.obj (.text:_mcpy)
                  000052c4    00000068                                   : copy_decompress_lzss.c.obj (.text:decompress:lzss:__TI_decompress_lzss)
                  0000532c    00000064                                   : s_frexp.c.obj (.text:frexp)
                  00005390    00000056                                   : _printfi.c.obj (.text:_pconv_f)
                  000053e6    00000054                                   : ltoa.c.obj (.text:ltoa)
                  0000543a    00000052                                   : _printfi.c.obj (.text:_ecpy)
                  0000548c    0000004c                                   : atoi.c.obj (.text:atoi)
                  000054d8    00000048                                   : fd_toi_t2.asm.obj (.text)
                  00005520    00000044                                   : autoinit.c.obj (.text:__TI_auto_init_nobinit_nopinit:__TI_auto_init_nobinit_nopinit)
                  00005564    00000044                                   : fd_tou_t2.asm.obj (.text)
                  000055a8    00000040                                   : sprintf.c.obj (.text:sprintf)
                  000055e8    0000003e                                   : _printfi.c.obj (.text:_fcpy)
                  00005626    00000002     --HOLE-- [fill = 0]
                  00005628    00000034                                   : boot_cortex_m.c.obj (.text:_c_int00_noargs:_c_int00_noargs)
                  0000565c    0000002e                                   : i_tofd_t2.asm.obj (.text)
                  0000568a    00000024     wait.obj (.text)
                  000056ae    00000020     rtsv7M4_T_le_v4SPD16_eabi.lib : u_tofd_t2.asm.obj (.text)
                  000056ce    0000001c                                   : memccpy.c.obj (.text:memccpy)
                  000056ea    0000001a                                   : s_copysign.c.obj (.text:copysign)
                  00005704    00000018                                   : sprintf.c.obj (.text:_outs)
                  0000571c    00000018                                   : strcmp.c.obj (.text:strcmp)
                  00005734    00000016                                   : strchr.c.obj (.text:strchr)
                  0000574a    00000014                                   : strlen.c.obj (.text:strlen)
                  0000575e    00000012                                   : wcslen.c.obj (.text:wcslen)
                  00005770    0000000e                                   : copy_decompress_none.c.obj (.text:decompress:none:__TI_decompress_none)
                  0000577e    0000000c                                   : copy_zero_init.c.obj (.text:decompress:ZI:__TI_zero_init)
                  0000578a    0000000c     tm4c123gh6pm_startup_ccs.obj (.text)
                  00005796    0000000a     rtsv7M4_T_le_v4SPD16_eabi.lib : sprintf.c.obj (.text:_outc)
                  000057a0    00000008                                   : errno.c.obj (.text:__aeabi_errno_addr)
                  000057a8    00000004                                   : pre_init.c.obj (.text:_system_pre_init)
                  000057ac    00000004                                   : exit.c.obj (.text:abort:abort)

.const     0    000057b0    0000015e     
                  000057b0    00000101     rtsv7M4_T_le_v4SPD16_eabi.lib : ctype.c.obj (.const:.string:_ctypes_)
                  000058b1    0000005d     ethernet.obj (.const:$P$T0$1)

.cinit     0    00005910    00000038     
                  00005910    00000014     (.cinit..data.load) [load image, compression = lzss]
                  00005924    0000000c     (__TI_handler_table)
                  00005930    00000008     (.cinit..bss.load) [load image, compression = zero_init]
                  00005938    00000010     (__TI_cinit_table)

.init_array 
*          0    00000000    00000000     UNINITIALIZED

.bss       0    20002000    00000685     UNINITIALIZED
                  20002000    000005f4     (.common:data)
                  200025f4    00000028     (.common:fn)
                  2000261c    00000028     (.common:period)
                  20002644    00000028     (.common:ticks)
                  2000266c    0000000c     (.common:reload)
                  20002678    00000004     (.common:dhcpLeaseTime)
                  2000267c    00000004     (.common:dhcpState)
                  20002680    00000004     (.common:sum)
                  20002684    00000001     (.common:dhcpEnabled)

.data      0    20002688    0000001f     UNINITIALIZED
                  20002688    00000006     eth0.obj (.data:macAddress)
                  2000268e    00000004     eth0.obj (.data:ipAddress)
                  20002692    00000004     eth0.obj (.data:ipDnsAddress)
                  20002696    00000004     eth0.obj (.data:ipGwAddress)
                  2000269a    00000004     eth0.obj (.data:ipSubnetMask)
                  2000269e    00000002     --HOLE--
                  200026a0    00000004     rtsv7M4_T_le_v4SPD16_eabi.lib : errno.c.obj (.data)
                  200026a4    00000003     eth0.obj (.data)

.stack     0    20000000    00002000     UNINITIALIZED
                  20000000    00000004     rtsv7M4_T_le_v4SPD16_eabi.lib : boot_cortex_m.c.obj (.stack)
                  20000004    00001ffc     --HOLE--

MODULE SUMMARY

       Module                         code    ro data   rw data
       ------                         ----    -------   -------
    .\
       eth0.obj                       4572    0         25     
       dhcp.obj                       3212    0         5      
       commands.obj                   760     0         1532   
       gpio.obj                       1984    0         0      
       ethernet.obj                   1128    93        0      
       timer.obj                      884     0         132    
       terminal.obj                   698     0         0      
       tm4c123gh6pm_startup_ccs.obj   12      620       0      
       uart0.obj                      380     0         0      
       spi0.obj                       352     0         0      
       wait.obj                       36      0         0      
    +--+------------------------------+-------+---------+---------+
       Total:                         14018   713       1694   
                                                               
    C:\ti\ccs930\ccs\tools\compiler\ti-cgt-arm_18.12.4.LTS\lib\rtsv7M4_T_le_v4SPD16_eabi.lib
       _printfi.c.obj                 4851    0         0      
       fd_add_t2.asm.obj              438     0         0      
       fd_div_t2.asm.obj              310     0         0      
       s_scalbn.c.obj                 272     0         0      
       fd_cmp_t2.asm.obj              268     0         0      
       ctype.c.obj                    0       257       0      
       fd_mul_t2.asm.obj              252     0         0      
       memcpy_t2.asm.obj              156     0         0      
       ull_div_t2.asm.obj             150     0         0      
       memset_t2.asm.obj              122     0         0      
       copy_decompress_lzss.c.obj     104     0         0      
       s_frexp.c.obj                  100     0         0      
       sprintf.c.obj                  98      0         0      
       ltoa.c.obj                     84      0         0      
       atoi.c.obj                     76      0         0      
       fd_toi_t2.asm.obj              72      0         0      
       autoinit.c.obj                 68      0         0      
       fd_tou_t2.asm.obj              68      0         0      
       boot_cortex_m.c.obj            52      0         0      
       i_tofd_t2.asm.obj              46      0         0      
       u_tofd_t2.asm.obj              32      0         0      
       memccpy.c.obj                  28      0         0      
       s_copysign.c.obj               26      0         0      
       strcmp.c.obj                   24      0         0      
       strchr.c.obj                   22      0         0      
       strlen.c.obj                   20      0         0      
       wcslen.c.obj                   18      0         0      
       copy_decompress_none.c.obj     14      0         0      
       copy_zero_init.c.obj           12      0         0      
       errno.c.obj                    8       0         4      
       exit.c.obj                     4       0         0      
       pre_init.c.obj                 4       0         0      
       div0.asm.obj                   2       0         0      
    +--+------------------------------+-------+---------+---------+
       Total:                         7801    257       4      
                                                               
       Stack:                         0       0         8192   
       Linker Generated:              0       56        0      
    +--+------------------------------+-------+---------+---------+
       Grand Total:                   21819   1026      9890   


LINKER GENERATED COPY TABLES

__TI_cinit_table @ 00005938 records: 2, size/record: 8, table size: 16
	.data: load addr=00005910, load size=00000014 bytes, run addr=20002688, run size=0000001f bytes, compression=lzss
	.bss: load addr=00005930, load size=00000008 bytes, run addr=20002000, run size=00000685 bytes, compression=zero_init


LINKER GENERATED HANDLER TABLE

__TI_handler_table @ 00005924 records: 3, size/record: 4, table size: 12
	index: 0, handler: __TI_decompress_lzss
	index: 1, handler: __TI_decompress_none
	index: 2, handler: __TI_zero_init


GLOBAL SYMBOLS: SORTED ALPHABETICALLY BY Name 

address   name                          
-------   ----                          
000057ad  C$$EXIT                       
0000578b  ResetISR                      
20002000  __STACK_END                   
00002000  __STACK_SIZE                  
20000200  __STACK_TOP                   
00005938  __TI_CINIT_Base               
00005948  __TI_CINIT_Limit              
00005924  __TI_Handler_Table_Base       
00005930  __TI_Handler_Table_Limit      
00005521  __TI_auto_init_nobinit_nopinit
000052c5  __TI_decompress_lzss          
00005771  __TI_decompress_none          
ffffffff  __TI_pprof_out_hndl           
000020d5  __TI_printfi                  
ffffffff  __TI_prof_data_size           
ffffffff  __TI_prof_data_start          
00000000  __TI_static_base__            
0000577f  __TI_zero_init                
000050d1  __aeabi_cdcmpeq               
000050d1  __aeabi_cdcmple               
00005157  __aeabi_cdrcmple              
000054d9  __aeabi_d2iz                  
00005565  __aeabi_d2uiz                 
000044bf  __aeabi_dadd                  
00004a85  __aeabi_ddiv                  
00004df1  __aeabi_dmul                  
000044b5  __aeabi_dsub                  
000057a1  __aeabi_errno_addr            
0000565d  __aeabi_i2d                   
00002b23  __aeabi_idiv0                 
00002b23  __aeabi_ldiv0                 
000051dd  __aeabi_memclr                
000051dd  __aeabi_memclr4               
000051dd  __aeabi_memclr8               
00004f9f  __aeabi_memcpy                
00004f9f  __aeabi_memcpy4               
00004f9f  __aeabi_memcpy8               
000051df  __aeabi_memset                
000051df  __aeabi_memset4               
000051df  __aeabi_memset8               
000056af  __aeabi_ui2d                  
0000503b  __aeabi_uldivmod              
ffffffff  __binit__                     
ffffffff  __c_args__                    
UNDEFED   __mpu_init                    
20000000  __stack                       
00005629  _c_int00_noargs               
000057b0  _ctypes_                      
UNDEFED   _system_post_cinit            
000057a9  _system_pre_init              
000057ad  abort                         
00001b5d  acceptDhcp                    
0000548d  atoi                          
ffffffff  binit                         
00001e6f  callDiscover                  
00001e85  callRequest                   
000056eb  copysign                      
000056eb  copysignl                     
20002000  data                          
00001ed7  dhcpBound                     
20002684  dhcpEnabled                   
00001e95  dhcpInit                      
20002678  dhcpLeaseTime                 
00001f2f  dhcpRebinding                 
00001f19  dhcpRenew                     
00001ec9  dhcpRequesting                
00001ead  dhcpSelecting                 
2000267c  dhcpState                     
00003155  disablePinInterrupt           
00002e8d  disablePinPulldown            
00002e45  disablePinPullup              
00002be1  disablePort                   
00003515  displayConnectionInfo         
00003131  enablePinInterrupt            
00002e69  enablePinPulldown             
00002e17  enablePinPullup               
00002b25  enablePort                    
200026a0  errno                         
00000939  etherCalcIpChecksum           
0000032b  etherClearReg                 
00000283  etherCsOff                    
0000026d  etherCsOn                     
00001165  etherDisableDhcpMode          
0000115d  etherEnableDhcpMode           
00001147  etherGetId                    
000011dd  etherGetIpAddress             
00001333  etherGetIpDnsAddress          
000012c1  etherGetIpGatewayAddress      
0000124f  etherGetIpSubnetMask          
000013af  etherGetMacAddress            
000006a5  etherGetPacket                
00000f55  etherGetUdpData               
00001153  etherIncId                    
00000477  etherInit                     
00000c01  etherIsArpRequest             
0000065b  etherIsDataAvailable          
00001777  etherIsDhcp                   
0000116d  etherIsDhcpEnabled            
000009c9  etherIsIp                     
00000a33  etherIsIpUnicast              
00001179  etherIsIpValid                
00000641  etherIsLinkUp                 
00000675  etherIsOverflow               
00000a9b  etherIsPingRequest            
00000eb5  etherIsUdp                    
00000791  etherPutPacket                
0000045f  etherReadMem                  
0000044d  etherReadMemStart             
0000046f  etherReadMemStop              
000003b3  etherReadPhy                  
000002c5  etherReadReg                  
00000d87  etherSendArpRequest           
00000cad  etherSendArpResponse          
00000ae9  etherSendPingResponse         
00000f81  etherSendUdpResponse          
0000035f  etherSetBank                  
0000119f  etherSetIpAddress             
000012fb  etherSetIpDnsAddress          
00001289  etherSetIpGatewayAddress      
00001217  etherSetIpSubnetMask          
0000136d  etherSetMacAddress            
000002f7  etherSetReg                   
00000873  etherSumWords                 
00000431  etherWriteMem                 
0000041f  etherWriteMemStart            
00000445  etherWriteMemStop             
0000037b  etherWritePhy                 
00000291  etherWriteReg                 
00001b53  flash                         
200025f4  fn                            
0000532d  frexp                         
0000532d  frexpl                        
00000000  g_pfnVectors                  
000008ed  getEtherChecksum              
0000319f  getPinValue                   
00003255  getPortValue                  
00004775  getcUart0                     
00003db9  getsUart0                     
00000971  htons                         
00000995  htons32                       
00001c1d  ifconfig                      
000034b3  initHw                        
000047e9  initSpi0                      
0000374d  initTimer                     
0000466d  initUart0                     
2000268e  ipAddress                     
20002692  ipDnsAddress                  
20002696  ipGwAddress                   
2000269a  ipSubnetMask                  
00004789  kbhitUart0                    
00004ce1  ldexp                         
00004ce1  ldexpl                        
000053e7  ltoa                          
20002688  macAddress                    
000032e5  main                          
00001449  makeDhcpDiscoverPacket        
0000183d  makeDhcpRequestPacket         
000056cf  memccpy                       
00004f9f  memcpy                        
000051e5  memset                        
200026a4  nextPacketLsb                 
200026a5  nextPacketMsb                 
00003eb1  parseFields                   
2000261c  period                        
0000472d  putcUart0                     
00004749  putsUart0                     
00003aa3  random32                      
00004921  readSpi0Data                  
2000266c  reload                        
00003999  restartTimer                  
00003ac1  runCommands                   
00004ce1  scalbn                        
00004ce1  scalbnl                       
00002d4b  selectPinAnalogInput          
00002cfd  selectPinDigitalInput         
00003067  selectPinInterruptBothEdges   
00003017  selectPinInterruptFallingEdge 
000030bd  selectPinInterruptHighLevel   
000030f7  selectPinInterruptLowLevel    
00002fc7  selectPinInterruptRisingEdge  
00002caf  selectPinOpenDrainOutput      
00002c61  selectPinPushPullOutput       
200026a6  sequenceId                    
00002eb5  setPinAuxFunction             
00002d9b  setPinCommitControl           
00003179  setPinValue                   
000031d1  setPortValue                  
00004885  setSpi0BaudRate               
000048bb  setSpi0Mode                   
00004701  setUart0BaudRate              
000055a9  sprintf                       
000037ed  startOneshotTimer             
00003897  startPeriodicTimer            
00003933  stopTimer                     
00005735  strchr                        
0000571d  strcmp                        
0000574b  strlen                        
20002680  sum                           
00001e1b  t1_expired                    
00001e31  t2_expired                    
00001e47  t3_expired                    
00003a29  tickIsr                       
20002644  ticks                         
0000568b  waitMicrosecond               
0000575f  wcslen                        
00004909  writeSpi0Data                 


GLOBAL SYMBOLS: SORTED BY Symbol Address 

address   name                          
-------   ----                          
00000000  __TI_static_base__            
00000000  g_pfnVectors                  
0000026d  etherCsOn                     
00000283  etherCsOff                    
00000291  etherWriteReg                 
000002c5  etherReadReg                  
000002f7  etherSetReg                   
0000032b  etherClearReg                 
0000035f  etherSetBank                  
0000037b  etherWritePhy                 
000003b3  etherReadPhy                  
0000041f  etherWriteMemStart            
00000431  etherWriteMem                 
00000445  etherWriteMemStop             
0000044d  etherReadMemStart             
0000045f  etherReadMem                  
0000046f  etherReadMemStop              
00000477  etherInit                     
00000641  etherIsLinkUp                 
0000065b  etherIsDataAvailable          
00000675  etherIsOverflow               
000006a5  etherGetPacket                
00000791  etherPutPacket                
00000873  etherSumWords                 
000008ed  getEtherChecksum              
00000939  etherCalcIpChecksum           
00000971  htons                         
00000995  htons32                       
000009c9  etherIsIp                     
00000a33  etherIsIpUnicast              
00000a9b  etherIsPingRequest            
00000ae9  etherSendPingResponse         
00000c01  etherIsArpRequest             
00000cad  etherSendArpResponse          
00000d87  etherSendArpRequest           
00000eb5  etherIsUdp                    
00000f55  etherGetUdpData               
00000f81  etherSendUdpResponse          
00001147  etherGetId                    
00001153  etherIncId                    
0000115d  etherEnableDhcpMode           
00001165  etherDisableDhcpMode          
0000116d  etherIsDhcpEnabled            
00001179  etherIsIpValid                
0000119f  etherSetIpAddress             
000011dd  etherGetIpAddress             
00001217  etherSetIpSubnetMask          
0000124f  etherGetIpSubnetMask          
00001289  etherSetIpGatewayAddress      
000012c1  etherGetIpGatewayAddress      
000012fb  etherSetIpDnsAddress          
00001333  etherGetIpDnsAddress          
0000136d  etherSetMacAddress            
000013af  etherGetMacAddress            
00001449  makeDhcpDiscoverPacket        
00001777  etherIsDhcp                   
0000183d  makeDhcpRequestPacket         
00001b53  flash                         
00001b5d  acceptDhcp                    
00001c1d  ifconfig                      
00001e1b  t1_expired                    
00001e31  t2_expired                    
00001e47  t3_expired                    
00001e6f  callDiscover                  
00001e85  callRequest                   
00001e95  dhcpInit                      
00001ead  dhcpSelecting                 
00001ec9  dhcpRequesting                
00001ed7  dhcpBound                     
00001f19  dhcpRenew                     
00001f2f  dhcpRebinding                 
00002000  __STACK_SIZE                  
000020d5  __TI_printfi                  
00002b23  __aeabi_idiv0                 
00002b23  __aeabi_ldiv0                 
00002b25  enablePort                    
00002be1  disablePort                   
00002c61  selectPinPushPullOutput       
00002caf  selectPinOpenDrainOutput      
00002cfd  selectPinDigitalInput         
00002d4b  selectPinAnalogInput          
00002d9b  setPinCommitControl           
00002e17  enablePinPullup               
00002e45  disablePinPullup              
00002e69  enablePinPulldown             
00002e8d  disablePinPulldown            
00002eb5  setPinAuxFunction             
00002fc7  selectPinInterruptRisingEdge  
00003017  selectPinInterruptFallingEdge 
00003067  selectPinInterruptBothEdges   
000030bd  selectPinInterruptHighLevel   
000030f7  selectPinInterruptLowLevel    
00003131  enablePinInterrupt            
00003155  disablePinInterrupt           
00003179  setPinValue                   
0000319f  getPinValue                   
000031d1  setPortValue                  
00003255  getPortValue                  
000032e5  main                          
000034b3  initHw                        
00003515  displayConnectionInfo         
0000374d  initTimer                     
000037ed  startOneshotTimer             
00003897  startPeriodicTimer            
00003933  stopTimer                     
00003999  restartTimer                  
00003a29  tickIsr                       
00003aa3  random32                      
00003ac1  runCommands                   
00003db9  getsUart0                     
00003eb1  parseFields                   
000044b5  __aeabi_dsub                  
000044bf  __aeabi_dadd                  
0000466d  initUart0                     
00004701  setUart0BaudRate              
0000472d  putcUart0                     
00004749  putsUart0                     
00004775  getcUart0                     
00004789  kbhitUart0                    
000047e9  initSpi0                      
00004885  setSpi0BaudRate               
000048bb  setSpi0Mode                   
00004909  writeSpi0Data                 
00004921  readSpi0Data                  
00004a85  __aeabi_ddiv                  
00004ce1  ldexp                         
00004ce1  ldexpl                        
00004ce1  scalbn                        
00004ce1  scalbnl                       
00004df1  __aeabi_dmul                  
00004f9f  __aeabi_memcpy                
00004f9f  __aeabi_memcpy4               
00004f9f  __aeabi_memcpy8               
00004f9f  memcpy                        
0000503b  __aeabi_uldivmod              
000050d1  __aeabi_cdcmpeq               
000050d1  __aeabi_cdcmple               
00005157  __aeabi_cdrcmple              
000051dd  __aeabi_memclr                
000051dd  __aeabi_memclr4               
000051dd  __aeabi_memclr8               
000051df  __aeabi_memset                
000051df  __aeabi_memset4               
000051df  __aeabi_memset8               
000051e5  memset                        
000052c5  __TI_decompress_lzss          
0000532d  frexp                         
0000532d  frexpl                        
000053e7  ltoa                          
0000548d  atoi                          
000054d9  __aeabi_d2iz                  
00005521  __TI_auto_init_nobinit_nopinit
00005565  __aeabi_d2uiz                 
000055a9  sprintf                       
00005629  _c_int00_noargs               
0000565d  __aeabi_i2d                   
0000568b  waitMicrosecond               
000056af  __aeabi_ui2d                  
000056cf  memccpy                       
000056eb  copysign                      
000056eb  copysignl                     
0000571d  strcmp                        
00005735  strchr                        
0000574b  strlen                        
0000575f  wcslen                        
00005771  __TI_decompress_none          
0000577f  __TI_zero_init                
0000578b  ResetISR                      
000057a1  __aeabi_errno_addr            
000057a9  _system_pre_init              
000057ad  C$$EXIT                       
000057ad  abort                         
000057b0  _ctypes_                      
00005924  __TI_Handler_Table_Base       
00005930  __TI_Handler_Table_Limit      
00005938  __TI_CINIT_Base               
00005948  __TI_CINIT_Limit              
20000000  __stack                       
20000200  __STACK_TOP                   
20002000  __STACK_END                   
20002000  data                          
200025f4  fn                            
2000261c  period                        
20002644  ticks                         
2000266c  reload                        
20002678  dhcpLeaseTime                 
2000267c  dhcpState                     
20002680  sum                           
20002684  dhcpEnabled                   
20002688  macAddress                    
2000268e  ipAddress                     
20002692  ipDnsAddress                  
20002696  ipGwAddress                   
2000269a  ipSubnetMask                  
200026a0  errno                         
200026a4  nextPacketLsb                 
200026a5  nextPacketMsb                 
200026a6  sequenceId                    
ffffffff  __TI_pprof_out_hndl           
ffffffff  __TI_prof_data_size           
ffffffff  __TI_prof_data_start          
ffffffff  __binit__                     
ffffffff  __c_args__                    
ffffffff  binit                         
UNDEFED   __mpu_init                    
UNDEFED   _system_post_cinit            

[206 symbols]
