******************************************************************************
                  TI ARM Linker PC v18.12.4                    
******************************************************************************
>> Linked Wed Apr 29 00:11:46 2020

OUTPUT FILE NAME:   <Project1_improved.out>
ENTRY POINT SYMBOL: "_c_int00_noargs"  address: 00004815


MEMORY CONFIGURATION

         name            origin    length      used     unused   attr    fill
----------------------  --------  ---------  --------  --------  ----  --------
  FLASH                 00000000   00040000  00004b1a  0003b4e6  R  X
  SRAM                  20000000   00008000  00002614  000059ec  RW X


SEGMENT ALLOCATION MAP

run origin  load origin   length   init length attrs members
----------  ----------- ---------- ----------- ----- -------
00000000    00000000    00004b20   00004b20    r-x
  00000000    00000000    0000026c   0000026c    r-- .intvecs
  0000026c    0000026c    00004710   00004710    r-x .text
  0000497c    0000497c    0000015e   0000015e    r-- .const
  00004ae0    00004ae0    00000040   00000040    r-- .cinit
20000000    20000000    00002614   00000000    rw-
  20000000    20000000    00002000   00000000    rw- .stack
  20002000    20002000    000005f8   00000000    rw- .bss
  200025f8    200025f8    0000001c   00000000    rw- .data


SECTION ALLOCATION MAP

 output                                  attributes/
section   page    origin      length       input sections
--------  ----  ----------  ----------   ----------------
.intvecs   0    00000000    0000026c     
                  00000000    0000026c     tm4c123gh6pm_startup_ccs.obj (.intvecs)

.text      0    0000026c    00004710     
                  0000026c    00001110     eth0.obj (.text)
                  0000137c    00000a4e     rtsv7M4_T_le_v4SPD16_eabi.lib : _printfi.c.obj (.text:__TI_printfi)
                  00001dca    00000002                                   : div0.asm.obj (.text)
                  00001dcc    000007c0     gpio.obj (.text)
                  0000258c    000003d0     dhcp.obj (.text)
                  0000295c    000003ac     ethernet.obj (.text)
                  00002d08    000002e0     commands.obj (.text)
                  00002fe8    000002ba     terminal.obj (.text)
                  000032a2    00000002     --HOLE-- [fill = 0]
                  000032a4    00000270     rtsv7M4_T_le_v4SPD16_eabi.lib : _printfi.c.obj (.text:_pconv_a)
                  00003514    000001d0                                   : _printfi.c.obj (.text:_pconv_g)
                  000036e4    000001b6                                   : fd_add_t2.asm.obj (.text)
                  0000389a    00000002     --HOLE-- [fill = 0]
                  0000389c    0000017c     uart0.obj (.text)
                  00003a18    00000160     spi0.obj (.text)
                  00003b78    0000013c     rtsv7M4_T_le_v4SPD16_eabi.lib : _printfi.c.obj (.text:_pconv_e)
                  00003cb4    00000136                                   : fd_div_t2.asm.obj (.text)
                  00003dea    00000002     --HOLE-- [fill = 0]
                  00003dec    00000124                                   : _printfi.c.obj (.text:fcvt)
                  00003f10    00000110                                   : s_scalbn.c.obj (.text:scalbn)
                  00004020    000000fc                                   : fd_mul_t2.asm.obj (.text)
                  0000411c    000000b1                                   : _printfi.c.obj (.text:_ltostr)
                  000041cd    00000001     --HOLE-- [fill = 0]
                  000041ce    0000009c                                   : memcpy_t2.asm.obj (.text)
                  0000426a    00000096                                   : ull_div_t2.asm.obj (.text)
                  00004300    00000086                                   : fd_cmp_t2.asm.obj (.text:__aeabi_cdcmple)
                  00004386    00000086                                   : fd_cmp_t2.asm.obj (.text:__aeabi_cdrcmple)
                  0000440c    0000007a                                   : memset_t2.asm.obj (.text)
                  00004486    0000006e                                   : _printfi.c.obj (.text:_mcpy)
                  000044f4    00000068                                   : copy_decompress_lzss.c.obj (.text:decompress:lzss:__TI_decompress_lzss)
                  0000455c    00000064                                   : s_frexp.c.obj (.text:frexp)
                  000045c0    00000056                                   : _printfi.c.obj (.text:_pconv_f)
                  00004616    00000054                                   : ltoa.c.obj (.text:ltoa)
                  0000466a    00000052                                   : _printfi.c.obj (.text:_ecpy)
                  000046bc    0000004c                                   : atoi.c.obj (.text:atoi)
                  00004708    00000048                                   : fd_toi_t2.asm.obj (.text)
                  00004750    00000044                                   : autoinit.c.obj (.text:__TI_auto_init_nobinit_nopinit:__TI_auto_init_nobinit_nopinit)
                  00004794    00000040                                   : sprintf.c.obj (.text:sprintf)
                  000047d4    0000003e                                   : _printfi.c.obj (.text:_fcpy)
                  00004812    00000002     --HOLE-- [fill = 0]
                  00004814    00000034                                   : boot_cortex_m.c.obj (.text:_c_int00_noargs:_c_int00_noargs)
                  00004848    0000002e                                   : i_tofd_t2.asm.obj (.text)
                  00004876    00000024     wait.obj (.text)
                  0000489a    0000001c     rtsv7M4_T_le_v4SPD16_eabi.lib : memccpy.c.obj (.text:memccpy)
                  000048b6    0000001a                                   : s_copysign.c.obj (.text:copysign)
                  000048d0    00000018                                   : sprintf.c.obj (.text:_outs)
                  000048e8    00000018                                   : strcmp.c.obj (.text:strcmp)
                  00004900    00000016                                   : strchr.c.obj (.text:strchr)
                  00004916    00000014                                   : strlen.c.obj (.text:strlen)
                  0000492a    00000012                                   : wcslen.c.obj (.text:wcslen)
                  0000493c    0000000e                                   : copy_decompress_none.c.obj (.text:decompress:none:__TI_decompress_none)
                  0000494a    0000000c                                   : copy_zero_init.c.obj (.text:decompress:ZI:__TI_zero_init)
                  00004956    0000000c     tm4c123gh6pm_startup_ccs.obj (.text)
                  00004962    0000000a     rtsv7M4_T_le_v4SPD16_eabi.lib : sprintf.c.obj (.text:_outc)
                  0000496c    00000008                                   : errno.c.obj (.text:__aeabi_errno_addr)
                  00004974    00000004                                   : pre_init.c.obj (.text:_system_pre_init)
                  00004978    00000004                                   : exit.c.obj (.text:abort:abort)

.const     0    0000497c    0000015e     
                  0000497c    00000101     rtsv7M4_T_le_v4SPD16_eabi.lib : ctype.c.obj (.const:.string:_ctypes_)
                  00004a7d    0000005d     ethernet.obj (.const:$P$T0$1)

.cinit     0    00004ae0    00000040     
                  00004ae0    00000018     (.cinit..data.load) [load image, compression = lzss]
                  00004af8    0000000c     (__TI_handler_table)
                  00004b04    00000004     --HOLE-- [fill = 0]
                  00004b08    00000008     (.cinit..bss.load) [load image, compression = zero_init]
                  00004b10    00000010     (__TI_cinit_table)

.init_array 
*          0    00000000    00000000     UNINITIALIZED

.bss       0    20002000    000005f8     UNINITIALIZED
                  20002000    000005f4     (.common:data)
                  200025f4    00000004     (.common:sum)

.data      0    200025f8    0000001c     UNINITIALIZED
                  200025f8    00000006     eth0.obj (.data:macAddress)
                  200025fe    00000004     eth0.obj (.data)
                  20002602    00000004     eth0.obj (.data:ipAddress)
                  20002606    00000004     eth0.obj (.data:ipGwAddress)
                  2000260a    00000004     eth0.obj (.data:ipSubnetMask)
                  2000260e    00000002     --HOLE--
                  20002610    00000004     rtsv7M4_T_le_v4SPD16_eabi.lib : errno.c.obj (.data)

.stack     0    20000000    00002000     UNINITIALIZED
                  20000000    00000004     rtsv7M4_T_le_v4SPD16_eabi.lib : boot_cortex_m.c.obj (.stack)
                  20000004    00001ffc     --HOLE--

MODULE SUMMARY

       Module                         code    ro data   rw data
       ------                         ----    -------   -------
    .\
       eth0.obj                       4368    0         22     
       commands.obj                   736     0         1524   
       gpio.obj                       1984    0         0      
       ethernet.obj                   940     93        0      
       dhcp.obj                       976     0         4      
       terminal.obj                   698     0         0      
       tm4c123gh6pm_startup_ccs.obj   12      620       0      
       uart0.obj                      380     0         0      
       spi0.obj                       352     0         0      
       wait.obj                       36      0         0      
    +--+------------------------------+-------+---------+---------+
       Total:                         10482   713       1550   
                                                               
    C:\ti\ccs930\ccs\tools\compiler\ti-cgt-arm_18.12.4.LTS\lib\rtsv7M4_T_le_v4SPD16_eabi.lib
       _printfi.c.obj                 4851    0         0      
       fd_add_t2.asm.obj              438     0         0      
       fd_div_t2.asm.obj              310     0         0      
       s_scalbn.c.obj                 272     0         0      
       fd_cmp_t2.asm.obj              268     0         0      
       ctype.c.obj                    0       257       0      
       fd_mul_t2.asm.obj              252     0         0      
       memcpy_t2.asm.obj              156     0         0      
       ull_div_t2.asm.obj             150     0         0      
       memset_t2.asm.obj              122     0         0      
       copy_decompress_lzss.c.obj     104     0         0      
       s_frexp.c.obj                  100     0         0      
       sprintf.c.obj                  98      0         0      
       ltoa.c.obj                     84      0         0      
       atoi.c.obj                     76      0         0      
       fd_toi_t2.asm.obj              72      0         0      
       autoinit.c.obj                 68      0         0      
       boot_cortex_m.c.obj            52      0         0      
       i_tofd_t2.asm.obj              46      0         0      
       memccpy.c.obj                  28      0         0      
       s_copysign.c.obj               26      0         0      
       strcmp.c.obj                   24      0         0      
       strchr.c.obj                   22      0         0      
       strlen.c.obj                   20      0         0      
       wcslen.c.obj                   18      0         0      
       copy_decompress_none.c.obj     14      0         0      
       copy_zero_init.c.obj           12      0         0      
       errno.c.obj                    8       0         4      
       exit.c.obj                     4       0         0      
       pre_init.c.obj                 4       0         0      
       div0.asm.obj                   2       0         0      
    +--+------------------------------+-------+---------+---------+
       Total:                         7701    257       4      
                                                               
       Stack:                         0       0         8192   
       Linker Generated:              0       60        0      
    +--+------------------------------+-------+---------+---------+
       Grand Total:                   18183   1030      9746   


LINKER GENERATED COPY TABLES

__TI_cinit_table @ 00004b10 records: 2, size/record: 8, table size: 16
	.data: load addr=00004ae0, load size=00000018 bytes, run addr=200025f8, run size=0000001c bytes, compression=lzss
	.bss: load addr=00004b08, load size=00000008 bytes, run addr=20002000, run size=000005f8 bytes, compression=zero_init


LINKER GENERATED HANDLER TABLE

__TI_handler_table @ 00004af8 records: 3, size/record: 4, table size: 12
	index: 0, handler: __TI_decompress_lzss
	index: 1, handler: __TI_decompress_none
	index: 2, handler: __TI_zero_init


GLOBAL SYMBOLS: SORTED ALPHABETICALLY BY Name 

address   name                          
-------   ----                          
00004979  C$$EXIT                       
00004957  ResetISR                      
20002000  __STACK_END                   
00002000  __STACK_SIZE                  
20000200  __STACK_TOP                   
00004b10  __TI_CINIT_Base               
00004b20  __TI_CINIT_Limit              
00004af8  __TI_Handler_Table_Base       
00004b04  __TI_Handler_Table_Limit      
00004751  __TI_auto_init_nobinit_nopinit
000044f5  __TI_decompress_lzss          
0000493d  __TI_decompress_none          
ffffffff  __TI_pprof_out_hndl           
0000137d  __TI_printfi                  
ffffffff  __TI_prof_data_size           
ffffffff  __TI_prof_data_start          
00000000  __TI_static_base__            
0000494b  __TI_zero_init                
00004301  __aeabi_cdcmpeq               
00004301  __aeabi_cdcmple               
00004387  __aeabi_cdrcmple              
00004709  __aeabi_d2iz                  
000036ef  __aeabi_dadd                  
00003cb5  __aeabi_ddiv                  
00004021  __aeabi_dmul                  
000036e5  __aeabi_dsub                  
0000496d  __aeabi_errno_addr            
00004849  __aeabi_i2d                   
00001dcb  __aeabi_idiv0                 
00001dcb  __aeabi_ldiv0                 
0000440d  __aeabi_memclr                
0000440d  __aeabi_memclr4               
0000440d  __aeabi_memclr8               
000041cf  __aeabi_memcpy                
000041cf  __aeabi_memcpy4               
000041cf  __aeabi_memcpy8               
0000440f  __aeabi_memset                
0000440f  __aeabi_memset4               
0000440f  __aeabi_memset8               
0000426b  __aeabi_uldivmod              
ffffffff  __binit__                     
ffffffff  __c_args__                    
UNDEFED   __mpu_init                    
20000000  __stack                       
00004815  _c_int00_noargs               
0000497c  _ctypes_                      
UNDEFED   _system_post_cinit            
00004975  _system_pre_init              
00004979  abort                         
000046bd  atoi                          
ffffffff  binit                         
000048b7  copysign                      
000048b7  copysignl                     
20002000  data                          
20002601  dhcpEnabled                   
000023fd  disablePinInterrupt           
00002135  disablePinPulldown            
000020ed  disablePinPullup              
00001e89  disablePort                   
00002ae5  displayConnectionInfo         
000023d9  enablePinInterrupt            
00002111  enablePinPulldown             
000020bf  enablePinPullup               
00001dcd  enablePort                    
20002610  errno                         
00000939  etherCalcIpChecksum           
0000032b  etherClearReg                 
00000283  etherCsOff                    
0000026d  etherCsOn                     
00001119  etherDisableDhcpMode          
00001111  etherEnableDhcpMode           
000010fb  etherGetId                    
00001191  etherGetIpAddress             
00001275  etherGetIpGatewayAddress      
00001203  etherGetIpSubnetMask          
000012f1  etherGetMacAddress            
000006a5  etherGetPacket                
00000f09  etherGetUdpData               
00001107  etherIncId                    
00000477  etherInit                     
00000bd1  etherIsArpRequest             
0000065b  etherIsDataAvailable          
000028bb  etherIsDhcp                   
00001121  etherIsDhcpEnabled            
00000995  etherIsIp                     
00000a09  etherIsIpUnicast              
0000112d  etherIsIpValid                
00000641  etherIsLinkUp                 
00000675  etherIsOverflow               
00000a71  etherIsPingRequest            
00000e69  etherIsUdp                    
00000791  etherPutPacket                
0000045f  etherReadMem                  
0000044d  etherReadMemStart             
0000046f  etherReadMemStop              
000003b3  etherReadPhy                  
000002c5  etherReadReg                  
00000d57  etherSendArpRequest           
00000c7d  etherSendArpResponse          
00000ab9  etherSendPingResponse         
00000f35  etherSendUdpResponse          
0000035f  etherSetBank                  
00001153  etherSetIpAddress             
0000123d  etherSetIpGatewayAddress      
000011cb  etherSetIpSubnetMask          
000012af  etherSetMacAddress            
000002f7  etherSetReg                   
00000873  etherSumWords                 
00000431  etherWriteMem                 
0000041f  etherWriteMemStart            
00000445  etherWriteMemStop             
0000037b  etherWritePhy                 
00000291  etherWriteReg                 
0000455d  frexp                         
0000455d  frexpl                        
00000000  g_pfnVectors                  
000008ed  getEtherChecksum              
00002447  getPinValue                   
000024fd  getPortValue                  
000039a5  getcUart0                     
00002fe9  getsUart0                     
00000971  htons                         
00002aa5  initHw                        
00003a19  initSpi0                      
0000389d  initUart0                     
20002602  ipAddress                     
20002606  ipGwAddress                   
2000260a  ipSubnetMask                  
000039b9  kbhitUart0                    
00003f11  ldexp                         
00003f11  ldexpl                        
00004617  ltoa                          
200025f8  macAddress                    
0000295d  main                          
0000258d  makeDhcpDiscoverPacket        
0000489b  memccpy                       
000041cf  memcpy                        
00004415  memset                        
200025fe  nextPacketLsb                 
200025ff  nextPacketMsb                 
000030e1  parseFields                   
0000395d  putcUart0                     
00003979  putsUart0                     
00003b51  readSpi0Data                  
00002d09  runCommands                   
00003f11  scalbn                        
00003f11  scalbnl                       
00001ff3  selectPinAnalogInput          
00001fa5  selectPinDigitalInput         
0000230f  selectPinInterruptBothEdges   
000022bf  selectPinInterruptFallingEdge 
00002365  selectPinInterruptHighLevel   
0000239f  selectPinInterruptLowLevel    
0000226f  selectPinInterruptRisingEdge  
00001f57  selectPinOpenDrainOutput      
00001f09  selectPinPushPullOutput       
20002600  sequenceId                    
0000215d  setPinAuxFunction             
00002043  setPinCommitControl           
00002421  setPinValue                   
00002479  setPortValue                  
00003ab5  setSpi0BaudRate               
00003aeb  setSpi0Mode                   
00003931  setUart0BaudRate              
00004795  sprintf                       
00004901  strchr                        
000048e9  strcmp                        
00004917  strlen                        
200025f4  sum                           
00004877  waitMicrosecond               
0000492b  wcslen                        
00003b39  writeSpi0Data                 


GLOBAL SYMBOLS: SORTED BY Symbol Address 

address   name                          
-------   ----                          
00000000  __TI_static_base__            
00000000  g_pfnVectors                  
0000026d  etherCsOn                     
00000283  etherCsOff                    
00000291  etherWriteReg                 
000002c5  etherReadReg                  
000002f7  etherSetReg                   
0000032b  etherClearReg                 
0000035f  etherSetBank                  
0000037b  etherWritePhy                 
000003b3  etherReadPhy                  
0000041f  etherWriteMemStart            
00000431  etherWriteMem                 
00000445  etherWriteMemStop             
0000044d  etherReadMemStart             
0000045f  etherReadMem                  
0000046f  etherReadMemStop              
00000477  etherInit                     
00000641  etherIsLinkUp                 
0000065b  etherIsDataAvailable          
00000675  etherIsOverflow               
000006a5  etherGetPacket                
00000791  etherPutPacket                
00000873  etherSumWords                 
000008ed  getEtherChecksum              
00000939  etherCalcIpChecksum           
00000971  htons                         
00000995  etherIsIp                     
00000a09  etherIsIpUnicast              
00000a71  etherIsPingRequest            
00000ab9  etherSendPingResponse         
00000bd1  etherIsArpRequest             
00000c7d  etherSendArpResponse          
00000d57  etherSendArpRequest           
00000e69  etherIsUdp                    
00000f09  etherGetUdpData               
00000f35  etherSendUdpResponse          
000010fb  etherGetId                    
00001107  etherIncId                    
00001111  etherEnableDhcpMode           
00001119  etherDisableDhcpMode          
00001121  etherIsDhcpEnabled            
0000112d  etherIsIpValid                
00001153  etherSetIpAddress             
00001191  etherGetIpAddress             
000011cb  etherSetIpSubnetMask          
00001203  etherGetIpSubnetMask          
0000123d  etherSetIpGatewayAddress      
00001275  etherGetIpGatewayAddress      
000012af  etherSetMacAddress            
000012f1  etherGetMacAddress            
0000137d  __TI_printfi                  
00001dcb  __aeabi_idiv0                 
00001dcb  __aeabi_ldiv0                 
00001dcd  enablePort                    
00001e89  disablePort                   
00001f09  selectPinPushPullOutput       
00001f57  selectPinOpenDrainOutput      
00001fa5  selectPinDigitalInput         
00001ff3  selectPinAnalogInput          
00002000  __STACK_SIZE                  
00002043  setPinCommitControl           
000020bf  enablePinPullup               
000020ed  disablePinPullup              
00002111  enablePinPulldown             
00002135  disablePinPulldown            
0000215d  setPinAuxFunction             
0000226f  selectPinInterruptRisingEdge  
000022bf  selectPinInterruptFallingEdge 
0000230f  selectPinInterruptBothEdges   
00002365  selectPinInterruptHighLevel   
0000239f  selectPinInterruptLowLevel    
000023d9  enablePinInterrupt            
000023fd  disablePinInterrupt           
00002421  setPinValue                   
00002447  getPinValue                   
00002479  setPortValue                  
000024fd  getPortValue                  
0000258d  makeDhcpDiscoverPacket        
000028bb  etherIsDhcp                   
0000295d  main                          
00002aa5  initHw                        
00002ae5  displayConnectionInfo         
00002d09  runCommands                   
00002fe9  getsUart0                     
000030e1  parseFields                   
000036e5  __aeabi_dsub                  
000036ef  __aeabi_dadd                  
0000389d  initUart0                     
00003931  setUart0BaudRate              
0000395d  putcUart0                     
00003979  putsUart0                     
000039a5  getcUart0                     
000039b9  kbhitUart0                    
00003a19  initSpi0                      
00003ab5  setSpi0BaudRate               
00003aeb  setSpi0Mode                   
00003b39  writeSpi0Data                 
00003b51  readSpi0Data                  
00003cb5  __aeabi_ddiv                  
00003f11  ldexp                         
00003f11  ldexpl                        
00003f11  scalbn                        
00003f11  scalbnl                       
00004021  __aeabi_dmul                  
000041cf  __aeabi_memcpy                
000041cf  __aeabi_memcpy4               
000041cf  __aeabi_memcpy8               
000041cf  memcpy                        
0000426b  __aeabi_uldivmod              
00004301  __aeabi_cdcmpeq               
00004301  __aeabi_cdcmple               
00004387  __aeabi_cdrcmple              
0000440d  __aeabi_memclr                
0000440d  __aeabi_memclr4               
0000440d  __aeabi_memclr8               
0000440f  __aeabi_memset                
0000440f  __aeabi_memset4               
0000440f  __aeabi_memset8               
00004415  memset                        
000044f5  __TI_decompress_lzss          
0000455d  frexp                         
0000455d  frexpl                        
00004617  ltoa                          
000046bd  atoi                          
00004709  __aeabi_d2iz                  
00004751  __TI_auto_init_nobinit_nopinit
00004795  sprintf                       
00004815  _c_int00_noargs               
00004849  __aeabi_i2d                   
00004877  waitMicrosecond               
0000489b  memccpy                       
000048b7  copysign                      
000048b7  copysignl                     
000048e9  strcmp                        
00004901  strchr                        
00004917  strlen                        
0000492b  wcslen                        
0000493d  __TI_decompress_none          
0000494b  __TI_zero_init                
00004957  ResetISR                      
0000496d  __aeabi_errno_addr            
00004975  _system_pre_init              
00004979  C$$EXIT                       
00004979  abort                         
0000497c  _ctypes_                      
00004af8  __TI_Handler_Table_Base       
00004b04  __TI_Handler_Table_Limit      
00004b10  __TI_CINIT_Base               
00004b20  __TI_CINIT_Limit              
20000000  __stack                       
20000200  __STACK_TOP                   
20002000  __STACK_END                   
20002000  data                          
200025f4  sum                           
200025f8  macAddress                    
200025fe  nextPacketLsb                 
200025ff  nextPacketMsb                 
20002600  sequenceId                    
20002601  dhcpEnabled                   
20002602  ipAddress                     
20002606  ipGwAddress                   
2000260a  ipSubnetMask                  
20002610  errno                         
ffffffff  __TI_pprof_out_hndl           
ffffffff  __TI_prof_data_size           
ffffffff  __TI_prof_data_start          
ffffffff  __binit__                     
ffffffff  __c_args__                    
ffffffff  binit                         
UNDEFED   __mpu_init                    
UNDEFED   _system_post_cinit            

[172 symbols]
