<?xml version="1.0" encoding="ISO-8859-1" ?>
<link_info>
   <banner>TI ARM Linker PC v18.12.4.LTS</banner>
   <copyright>Copyright (c) 1996-2018 Texas Instruments Incorporated</copyright>
   <link_time>0x5eadf9fb</link_time>
   <link_errors>0x0</link_errors>
   <output_file>Project1_improved.out</output_file>
   <entry_point>
      <name>_c_int00_noargs</name>
      <address>0x5ac1</address>
   </entry_point>
   <input_file_list>
      <input_file id="fl-2">
         <path>.\</path>
         <kind>object</kind>
         <file>commands.obj</file>
         <name>commands.obj</name>
      </input_file>
      <input_file id="fl-3">
         <path>.\</path>
         <kind>object</kind>
         <file>dhcp.obj</file>
         <name>dhcp.obj</name>
      </input_file>
      <input_file id="fl-4">
         <path>.\</path>
         <kind>object</kind>
         <file>eth0.obj</file>
         <name>eth0.obj</name>
      </input_file>
      <input_file id="fl-5">
         <path>.\</path>
         <kind>object</kind>
         <file>ethernet.obj</file>
         <name>ethernet.obj</name>
      </input_file>
      <input_file id="fl-6">
         <path>.\</path>
         <kind>object</kind>
         <file>gpio.obj</file>
         <name>gpio.obj</name>
      </input_file>
      <input_file id="fl-7">
         <path>.\</path>
         <kind>object</kind>
         <file>mqtt.obj</file>
         <name>mqtt.obj</name>
      </input_file>
      <input_file id="fl-8">
         <path>.\</path>
         <kind>object</kind>
         <file>spi0.obj</file>
         <name>spi0.obj</name>
      </input_file>
      <input_file id="fl-9">
         <path>.\</path>
         <kind>object</kind>
         <file>tcp.obj</file>
         <name>tcp.obj</name>
      </input_file>
      <input_file id="fl-a">
         <path>.\</path>
         <kind>object</kind>
         <file>terminal.obj</file>
         <name>terminal.obj</name>
      </input_file>
      <input_file id="fl-b">
         <path>.\</path>
         <kind>object</kind>
         <file>timer.obj</file>
         <name>timer.obj</name>
      </input_file>
      <input_file id="fl-c">
         <path>.\</path>
         <kind>object</kind>
         <file>tm4c123gh6pm_startup_ccs.obj</file>
         <name>tm4c123gh6pm_startup_ccs.obj</name>
      </input_file>
      <input_file id="fl-d">
         <path>.\</path>
         <kind>object</kind>
         <file>uart0.obj</file>
         <name>uart0.obj</name>
      </input_file>
      <input_file id="fl-e">
         <path>.\</path>
         <kind>object</kind>
         <file>wait.obj</file>
         <name>wait.obj</name>
      </input_file>
      <input_file id="fl-12">
         <kind>object</kind>
         <file>&lt;internal&gt;</file>
         <name>&lt;internal&gt;</name>
      </input_file>
      <input_file id="fl-c8">
         <path>C:\ti\ccs930\ccs\tools\compiler\ti-cgt-arm_18.12.4.LTS\lib\</path>
         <kind>archive</kind>
         <file>rtsv7M4_T_le_v4SPD16_eabi.lib</file>
         <name>sprintf.c.obj</name>
      </input_file>
      <input_file id="fl-c9">
         <path>C:\ti\ccs930\ccs\tools\compiler\ti-cgt-arm_18.12.4.LTS\lib\</path>
         <kind>archive</kind>
         <file>rtsv7M4_T_le_v4SPD16_eabi.lib</file>
         <name>fd_mul_t2.asm.obj</name>
      </input_file>
      <input_file id="fl-ca">
         <path>C:\ti\ccs930\ccs\tools\compiler\ti-cgt-arm_18.12.4.LTS\lib\</path>
         <kind>archive</kind>
         <file>rtsv7M4_T_le_v4SPD16_eabi.lib</file>
         <name>fd_tou_t2.asm.obj</name>
      </input_file>
      <input_file id="fl-cb">
         <path>C:\ti\ccs930\ccs\tools\compiler\ti-cgt-arm_18.12.4.LTS\lib\</path>
         <kind>archive</kind>
         <file>rtsv7M4_T_le_v4SPD16_eabi.lib</file>
         <name>memcpy_t2.asm.obj</name>
      </input_file>
      <input_file id="fl-cc">
         <path>C:\ti\ccs930\ccs\tools\compiler\ti-cgt-arm_18.12.4.LTS\lib\</path>
         <kind>archive</kind>
         <file>rtsv7M4_T_le_v4SPD16_eabi.lib</file>
         <name>u_tofd_t2.asm.obj</name>
      </input_file>
      <input_file id="fl-cd">
         <path>C:\ti\ccs930\ccs\tools\compiler\ti-cgt-arm_18.12.4.LTS\lib\</path>
         <kind>archive</kind>
         <file>rtsv7M4_T_le_v4SPD16_eabi.lib</file>
         <name>copy_zero_init.c.obj</name>
      </input_file>
      <input_file id="fl-ce">
         <path>C:\ti\ccs930\ccs\tools\compiler\ti-cgt-arm_18.12.4.LTS\lib\</path>
         <kind>archive</kind>
         <file>rtsv7M4_T_le_v4SPD16_eabi.lib</file>
         <name>copy_decompress_none.c.obj</name>
      </input_file>
      <input_file id="fl-cf">
         <path>C:\ti\ccs930\ccs\tools\compiler\ti-cgt-arm_18.12.4.LTS\lib\</path>
         <kind>archive</kind>
         <file>rtsv7M4_T_le_v4SPD16_eabi.lib</file>
         <name>copy_decompress_lzss.c.obj</name>
      </input_file>
      <input_file id="fl-d0">
         <path>C:\ti\ccs930\ccs\tools\compiler\ti-cgt-arm_18.12.4.LTS\lib\</path>
         <kind>archive</kind>
         <file>rtsv7M4_T_le_v4SPD16_eabi.lib</file>
         <name>strcmp.c.obj</name>
      </input_file>
      <input_file id="fl-d1">
         <path>C:\ti\ccs930\ccs\tools\compiler\ti-cgt-arm_18.12.4.LTS\lib\</path>
         <kind>archive</kind>
         <file>rtsv7M4_T_le_v4SPD16_eabi.lib</file>
         <name>boot_cortex_m.c.obj</name>
      </input_file>
      <input_file id="fl-d2">
         <path>C:\ti\ccs930\ccs\tools\compiler\ti-cgt-arm_18.12.4.LTS\lib\</path>
         <kind>archive</kind>
         <file>rtsv7M4_T_le_v4SPD16_eabi.lib</file>
         <name>_printfi.c.obj</name>
      </input_file>
      <input_file id="fl-d3">
         <path>C:\ti\ccs930\ccs\tools\compiler\ti-cgt-arm_18.12.4.LTS\lib\</path>
         <kind>archive</kind>
         <file>rtsv7M4_T_le_v4SPD16_eabi.lib</file>
         <name>fd_add_t2.asm.obj</name>
      </input_file>
      <input_file id="fl-d4">
         <path>C:\ti\ccs930\ccs\tools\compiler\ti-cgt-arm_18.12.4.LTS\lib\</path>
         <kind>archive</kind>
         <file>rtsv7M4_T_le_v4SPD16_eabi.lib</file>
         <name>fd_cmp_t2.asm.obj</name>
      </input_file>
      <input_file id="fl-d5">
         <path>C:\ti\ccs930\ccs\tools\compiler\ti-cgt-arm_18.12.4.LTS\lib\</path>
         <kind>archive</kind>
         <file>rtsv7M4_T_le_v4SPD16_eabi.lib</file>
         <name>fd_div_t2.asm.obj</name>
      </input_file>
      <input_file id="fl-d6">
         <path>C:\ti\ccs930\ccs\tools\compiler\ti-cgt-arm_18.12.4.LTS\lib\</path>
         <kind>archive</kind>
         <file>rtsv7M4_T_le_v4SPD16_eabi.lib</file>
         <name>fd_toi_t2.asm.obj</name>
      </input_file>
      <input_file id="fl-d7">
         <path>C:\ti\ccs930\ccs\tools\compiler\ti-cgt-arm_18.12.4.LTS\lib\</path>
         <kind>archive</kind>
         <file>rtsv7M4_T_le_v4SPD16_eabi.lib</file>
         <name>i_tofd_t2.asm.obj</name>
      </input_file>
      <input_file id="fl-d8">
         <path>C:\ti\ccs930\ccs\tools\compiler\ti-cgt-arm_18.12.4.LTS\lib\</path>
         <kind>archive</kind>
         <file>rtsv7M4_T_le_v4SPD16_eabi.lib</file>
         <name>ull_div_t2.asm.obj</name>
      </input_file>
      <input_file id="fl-d9">
         <path>C:\ti\ccs930\ccs\tools\compiler\ti-cgt-arm_18.12.4.LTS\lib\</path>
         <kind>archive</kind>
         <file>rtsv7M4_T_le_v4SPD16_eabi.lib</file>
         <name>memset_t2.asm.obj</name>
      </input_file>
      <input_file id="fl-da">
         <path>C:\ti\ccs930\ccs\tools\compiler\ti-cgt-arm_18.12.4.LTS\lib\</path>
         <kind>archive</kind>
         <file>rtsv7M4_T_le_v4SPD16_eabi.lib</file>
         <name>autoinit.c.obj</name>
      </input_file>
      <input_file id="fl-db">
         <path>C:\ti\ccs930\ccs\tools\compiler\ti-cgt-arm_18.12.4.LTS\lib\</path>
         <kind>archive</kind>
         <file>rtsv7M4_T_le_v4SPD16_eabi.lib</file>
         <name>pre_init.c.obj</name>
      </input_file>
      <input_file id="fl-dc">
         <path>C:\ti\ccs930\ccs\tools\compiler\ti-cgt-arm_18.12.4.LTS\lib\</path>
         <kind>archive</kind>
         <file>rtsv7M4_T_le_v4SPD16_eabi.lib</file>
         <name>cpy_tbl.c.obj</name>
      </input_file>
      <input_file id="fl-dd">
         <path>C:\ti\ccs930\ccs\tools\compiler\ti-cgt-arm_18.12.4.LTS\lib\</path>
         <kind>archive</kind>
         <file>rtsv7M4_T_le_v4SPD16_eabi.lib</file>
         <name>exit.c.obj</name>
      </input_file>
      <input_file id="fl-de">
         <path>C:\ti\ccs930\ccs\tools\compiler\ti-cgt-arm_18.12.4.LTS\lib\</path>
         <kind>archive</kind>
         <file>rtsv7M4_T_le_v4SPD16_eabi.lib</file>
         <name>_lock.c.obj</name>
      </input_file>
      <input_file id="fl-df">
         <path>C:\ti\ccs930\ccs\tools\compiler\ti-cgt-arm_18.12.4.LTS\lib\</path>
         <kind>archive</kind>
         <file>rtsv7M4_T_le_v4SPD16_eabi.lib</file>
         <name>args_main.c.obj</name>
      </input_file>
      <input_file id="fl-e0">
         <path>C:\ti\ccs930\ccs\tools\compiler\ti-cgt-arm_18.12.4.LTS\lib\</path>
         <kind>archive</kind>
         <file>rtsv7M4_T_le_v4SPD16_eabi.lib</file>
         <name>atoi.c.obj</name>
      </input_file>
      <input_file id="fl-e1">
         <path>C:\ti\ccs930\ccs\tools\compiler\ti-cgt-arm_18.12.4.LTS\lib\</path>
         <kind>archive</kind>
         <file>rtsv7M4_T_le_v4SPD16_eabi.lib</file>
         <name>ctype.c.obj</name>
      </input_file>
      <input_file id="fl-e2">
         <path>C:\ti\ccs930\ccs\tools\compiler\ti-cgt-arm_18.12.4.LTS\lib\</path>
         <kind>archive</kind>
         <file>rtsv7M4_T_le_v4SPD16_eabi.lib</file>
         <name>ltoa.c.obj</name>
      </input_file>
      <input_file id="fl-e3">
         <path>C:\ti\ccs930\ccs\tools\compiler\ti-cgt-arm_18.12.4.LTS\lib\</path>
         <kind>archive</kind>
         <file>rtsv7M4_T_le_v4SPD16_eabi.lib</file>
         <name>memccpy.c.obj</name>
      </input_file>
      <input_file id="fl-e4">
         <path>C:\ti\ccs930\ccs\tools\compiler\ti-cgt-arm_18.12.4.LTS\lib\</path>
         <kind>archive</kind>
         <file>rtsv7M4_T_le_v4SPD16_eabi.lib</file>
         <name>strchr.c.obj</name>
      </input_file>
      <input_file id="fl-e5">
         <path>C:\ti\ccs930\ccs\tools\compiler\ti-cgt-arm_18.12.4.LTS\lib\</path>
         <kind>archive</kind>
         <file>rtsv7M4_T_le_v4SPD16_eabi.lib</file>
         <name>strlen.c.obj</name>
      </input_file>
      <input_file id="fl-e6">
         <path>C:\ti\ccs930\ccs\tools\compiler\ti-cgt-arm_18.12.4.LTS\lib\</path>
         <kind>archive</kind>
         <file>rtsv7M4_T_le_v4SPD16_eabi.lib</file>
         <name>errno.c.obj</name>
      </input_file>
      <input_file id="fl-e7">
         <path>C:\ti\ccs930\ccs\tools\compiler\ti-cgt-arm_18.12.4.LTS\lib\</path>
         <kind>archive</kind>
         <file>rtsv7M4_T_le_v4SPD16_eabi.lib</file>
         <name>wcslen.c.obj</name>
      </input_file>
      <input_file id="fl-e8">
         <path>C:\ti\ccs930\ccs\tools\compiler\ti-cgt-arm_18.12.4.LTS\lib\</path>
         <kind>archive</kind>
         <file>rtsv7M4_T_le_v4SPD16_eabi.lib</file>
         <name>s_frexp.c.obj</name>
      </input_file>
      <input_file id="fl-e9">
         <path>C:\ti\ccs930\ccs\tools\compiler\ti-cgt-arm_18.12.4.LTS\lib\</path>
         <kind>archive</kind>
         <file>rtsv7M4_T_le_v4SPD16_eabi.lib</file>
         <name>s_scalbn.c.obj</name>
      </input_file>
      <input_file id="fl-ea">
         <path>C:\ti\ccs930\ccs\tools\compiler\ti-cgt-arm_18.12.4.LTS\lib\</path>
         <kind>archive</kind>
         <file>rtsv7M4_T_le_v4SPD16_eabi.lib</file>
         <name>div0.asm.obj</name>
      </input_file>
      <input_file id="fl-eb">
         <path>C:\ti\ccs930\ccs\tools\compiler\ti-cgt-arm_18.12.4.LTS\lib\</path>
         <kind>archive</kind>
         <file>rtsv7M4_T_le_v4SPD16_eabi.lib</file>
         <name>s_copysign.c.obj</name>
      </input_file>
   </input_file_list>
   <object_component_list>
      <object_component id="oc-f">
         <name>.intvecs</name>
         <load_address>0x0</load_address>
         <run_address>0x0</run_address>
         <size>0x26c</size>
         <input_file_ref idref="fl-c"/>
      </object_component>
      <object_component id="oc-e2">
         <name>.text</name>
         <load_address>0x26c</load_address>
         <run_address>0x26c</run_address>
         <size>0x11dc</size>
         <input_file_ref idref="fl-4"/>
      </object_component>
      <object_component id="oc-100">
         <name>.text</name>
         <load_address>0x1448</load_address>
         <run_address>0x1448</run_address>
         <size>0xca0</size>
         <input_file_ref idref="fl-3"/>
      </object_component>
      <object_component id="oc-1bc">
         <name>.text:__TI_printfi</name>
         <load_address>0x20e8</load_address>
         <run_address>0x20e8</run_address>
         <size>0xa4e</size>
         <input_file_ref idref="fl-d2"/>
      </object_component>
      <object_component id="oc-312">
         <name>.text</name>
         <load_address>0x2b36</load_address>
         <run_address>0x2b36</run_address>
         <size>0x2</size>
         <input_file_ref idref="fl-ea"/>
      </object_component>
      <object_component id="oc-ee">
         <name>.text</name>
         <load_address>0x2b38</load_address>
         <run_address>0x2b38</run_address>
         <size>0x7c0</size>
         <input_file_ref idref="fl-6"/>
      </object_component>
      <object_component id="oc-af">
         <name>.text</name>
         <load_address>0x32f8</load_address>
         <run_address>0x32f8</run_address>
         <size>0x560</size>
         <input_file_ref idref="fl-5"/>
      </object_component>
      <object_component id="oc-106">
         <name>.text</name>
         <load_address>0x3858</load_address>
         <run_address>0x3858</run_address>
         <size>0x38c</size>
         <input_file_ref idref="fl-9"/>
      </object_component>
      <object_component id="oc-2a">
         <name>.text</name>
         <load_address>0x3be4</load_address>
         <run_address>0x3be4</run_address>
         <size>0x374</size>
         <input_file_ref idref="fl-b"/>
      </object_component>
      <object_component id="oc-195">
         <name>.text</name>
         <load_address>0x3f58</load_address>
         <run_address>0x3f58</run_address>
         <size>0x2f8</size>
         <input_file_ref idref="fl-2"/>
      </object_component>
      <object_component id="oc-f4">
         <name>.text</name>
         <load_address>0x4250</load_address>
         <run_address>0x4250</run_address>
         <size>0x2ba</size>
         <input_file_ref idref="fl-a"/>
      </object_component>
      <object_component id="oc-239">
         <name>.text:_pconv_a</name>
         <load_address>0x450c</load_address>
         <run_address>0x450c</run_address>
         <size>0x270</size>
         <input_file_ref idref="fl-d2"/>
      </object_component>
      <object_component id="oc-227">
         <name>.text:_pconv_g</name>
         <load_address>0x477c</load_address>
         <run_address>0x477c</run_address>
         <size>0x1d0</size>
         <input_file_ref idref="fl-d2"/>
      </object_component>
      <object_component id="oc-2aa">
         <name>.text</name>
         <load_address>0x494c</load_address>
         <run_address>0x494c</run_address>
         <size>0x1b6</size>
         <input_file_ref idref="fl-d3"/>
      </object_component>
      <object_component id="oc-dc">
         <name>.text</name>
         <load_address>0x4b04</load_address>
         <run_address>0x4b04</run_address>
         <size>0x17c</size>
         <input_file_ref idref="fl-d"/>
      </object_component>
      <object_component id="oc-170">
         <name>.text</name>
         <load_address>0x4c80</load_address>
         <run_address>0x4c80</run_address>
         <size>0x160</size>
         <input_file_ref idref="fl-8"/>
      </object_component>
      <object_component id="oc-233">
         <name>.text:_pconv_e</name>
         <load_address>0x4de0</load_address>
         <run_address>0x4de0</run_address>
         <size>0x13c</size>
         <input_file_ref idref="fl-d2"/>
      </object_component>
      <object_component id="oc-290">
         <name>.text</name>
         <load_address>0x4f1c</load_address>
         <run_address>0x4f1c</run_address>
         <size>0x136</size>
         <input_file_ref idref="fl-d5"/>
      </object_component>
      <object_component id="oc-2bc">
         <name>.text:fcvt</name>
         <load_address>0x5054</load_address>
         <run_address>0x5054</run_address>
         <size>0x124</size>
         <input_file_ref idref="fl-d2"/>
      </object_component>
      <object_component id="oc-2d0">
         <name>.text:scalbn</name>
         <load_address>0x5178</load_address>
         <run_address>0x5178</run_address>
         <size>0x110</size>
         <input_file_ref idref="fl-e9"/>
      </object_component>
      <object_component id="oc-1a5">
         <name>.text</name>
         <load_address>0x5288</load_address>
         <run_address>0x5288</run_address>
         <size>0xfc</size>
         <input_file_ref idref="fl-c9"/>
      </object_component>
      <object_component id="oc-21c">
         <name>.text:_ltostr</name>
         <load_address>0x5384</load_address>
         <run_address>0x5384</run_address>
         <size>0xb1</size>
         <input_file_ref idref="fl-d2"/>
      </object_component>
      <object_component id="oc-3e">
         <name>.text</name>
         <load_address>0x5436</load_address>
         <run_address>0x5436</run_address>
         <size>0x9c</size>
         <input_file_ref idref="fl-cb"/>
      </object_component>
      <object_component id="oc-289">
         <name>.text</name>
         <load_address>0x54d2</load_address>
         <run_address>0x54d2</run_address>
         <size>0x96</size>
         <input_file_ref idref="fl-d8"/>
      </object_component>
      <object_component id="oc-222">
         <name>.text:__aeabi_cdcmple</name>
         <load_address>0x5568</load_address>
         <run_address>0x5568</run_address>
         <size>0x86</size>
         <input_file_ref idref="fl-d4"/>
      </object_component>
      <object_component id="oc-295">
         <name>.text:__aeabi_cdrcmple</name>
         <load_address>0x55ee</load_address>
         <run_address>0x55ee</run_address>
         <size>0x86</size>
         <input_file_ref idref="fl-d4"/>
      </object_component>
      <object_component id="oc-a3">
         <name>.text</name>
         <load_address>0x5674</load_address>
         <run_address>0x5674</run_address>
         <size>0x7a</size>
         <input_file_ref idref="fl-d9"/>
      </object_component>
      <object_component id="oc-2b5">
         <name>.text:_mcpy</name>
         <load_address>0x56ee</load_address>
         <run_address>0x56ee</run_address>
         <size>0x6e</size>
         <input_file_ref idref="fl-d2"/>
      </object_component>
      <object_component id="oc-12">
         <name>.text:decompress:lzss:__TI_decompress_lzss</name>
         <load_address>0x575c</load_address>
         <run_address>0x575c</run_address>
         <size>0x68</size>
         <input_file_ref idref="fl-cf"/>
      </object_component>
      <object_component id="oc-2ca">
         <name>.text:frexp</name>
         <load_address>0x57c4</load_address>
         <run_address>0x57c4</run_address>
         <size>0x64</size>
         <input_file_ref idref="fl-e8"/>
      </object_component>
      <object_component id="oc-22d">
         <name>.text:_pconv_f</name>
         <load_address>0x5828</load_address>
         <run_address>0x5828</run_address>
         <size>0x56</size>
         <input_file_ref idref="fl-d2"/>
      </object_component>
      <object_component id="oc-29f">
         <name>.text:ltoa</name>
         <load_address>0x587e</load_address>
         <run_address>0x587e</run_address>
         <size>0x54</size>
         <input_file_ref idref="fl-e2"/>
      </object_component>
      <object_component id="oc-2af">
         <name>.text:_ecpy</name>
         <load_address>0x58d2</load_address>
         <run_address>0x58d2</run_address>
         <size>0x52</size>
         <input_file_ref idref="fl-d2"/>
      </object_component>
      <object_component id="oc-216">
         <name>.text:atoi</name>
         <load_address>0x5924</load_address>
         <run_address>0x5924</run_address>
         <size>0x4c</size>
         <input_file_ref idref="fl-e0"/>
      </object_component>
      <object_component id="oc-29a">
         <name>.text</name>
         <load_address>0x5970</load_address>
         <run_address>0x5970</run_address>
         <size>0x48</size>
         <input_file_ref idref="fl-d6"/>
      </object_component>
      <object_component id="oc-12e">
         <name>.text:__TI_auto_init_nobinit_nopinit:__TI_auto_init_nobinit_nopinit</name>
         <load_address>0x59b8</load_address>
         <run_address>0x59b8</run_address>
         <size>0x44</size>
         <input_file_ref idref="fl-da"/>
      </object_component>
      <object_component id="oc-1aa">
         <name>.text</name>
         <load_address>0x59fc</load_address>
         <run_address>0x59fc</run_address>
         <size>0x44</size>
         <input_file_ref idref="fl-ca"/>
      </object_component>
      <object_component id="oc-115">
         <name>.text:sprintf</name>
         <load_address>0x5a40</load_address>
         <run_address>0x5a40</run_address>
         <size>0x40</size>
         <input_file_ref idref="fl-c8"/>
      </object_component>
      <object_component id="oc-2c2">
         <name>.text:_fcpy</name>
         <load_address>0x5a80</load_address>
         <run_address>0x5a80</run_address>
         <size>0x3e</size>
         <input_file_ref idref="fl-d2"/>
      </object_component>
      <object_component id="oc-5c">
         <name>.text:_c_int00_noargs:_c_int00_noargs</name>
         <load_address>0x5ac0</load_address>
         <run_address>0x5ac0</run_address>
         <size>0x34</size>
         <input_file_ref idref="fl-d1"/>
      </object_component>
      <object_component id="oc-2a5">
         <name>.text</name>
         <load_address>0x5af4</load_address>
         <run_address>0x5af4</run_address>
         <size>0x2e</size>
         <input_file_ref idref="fl-d7"/>
      </object_component>
      <object_component id="oc-e8">
         <name>.text</name>
         <load_address>0x5b22</load_address>
         <run_address>0x5b22</run_address>
         <size>0x24</size>
         <input_file_ref idref="fl-e"/>
      </object_component>
      <object_component id="oc-1a0">
         <name>.text</name>
         <load_address>0x5b46</load_address>
         <run_address>0x5b46</run_address>
         <size>0x20</size>
         <input_file_ref idref="fl-cc"/>
      </object_component>
      <object_component id="oc-23f">
         <name>.text:memccpy</name>
         <load_address>0x5b66</load_address>
         <run_address>0x5b66</run_address>
         <size>0x1c</size>
         <input_file_ref idref="fl-e3"/>
      </object_component>
      <object_component id="oc-32a">
         <name>.text:copysign</name>
         <load_address>0x5b82</load_address>
         <run_address>0x5b82</run_address>
         <size>0x1a</size>
         <input_file_ref idref="fl-eb"/>
      </object_component>
      <object_component id="oc-1c2">
         <name>.text:_outs</name>
         <load_address>0x5b9c</load_address>
         <run_address>0x5b9c</run_address>
         <size>0x18</size>
         <input_file_ref idref="fl-c8"/>
      </object_component>
      <object_component id="oc-fa">
         <name>.text:strcmp</name>
         <load_address>0x5bb4</load_address>
         <run_address>0x5bb4</run_address>
         <size>0x18</size>
         <input_file_ref idref="fl-d0"/>
      </object_component>
      <object_component id="oc-2d6">
         <name>.text:strchr</name>
         <load_address>0x5bcc</load_address>
         <run_address>0x5bcc</run_address>
         <size>0x16</size>
         <input_file_ref idref="fl-e4"/>
      </object_component>
      <object_component id="oc-210">
         <name>.text:strlen</name>
         <load_address>0x5be2</load_address>
         <run_address>0x5be2</run_address>
         <size>0x14</size>
         <input_file_ref idref="fl-e5"/>
      </object_component>
      <object_component id="oc-245">
         <name>.text:wcslen</name>
         <load_address>0x5bf6</load_address>
         <run_address>0x5bf6</run_address>
         <size>0x12</size>
         <input_file_ref idref="fl-e7"/>
      </object_component>
      <object_component id="oc-18">
         <name>.text:decompress:none:__TI_decompress_none</name>
         <load_address>0x5c08</load_address>
         <run_address>0x5c08</run_address>
         <size>0xe</size>
         <input_file_ref idref="fl-ce"/>
      </object_component>
      <object_component id="oc-50">
         <name>.text:decompress:ZI:__TI_zero_init</name>
         <load_address>0x5c16</load_address>
         <run_address>0x5c16</run_address>
         <size>0xc</size>
         <input_file_ref idref="fl-cd"/>
      </object_component>
      <object_component id="oc-24">
         <name>.text</name>
         <load_address>0x5c22</load_address>
         <run_address>0x5c22</run_address>
         <size>0xc</size>
         <input_file_ref idref="fl-c"/>
      </object_component>
      <object_component id="oc-1c8">
         <name>.text:_outc</name>
         <load_address>0x5c2e</load_address>
         <run_address>0x5c2e</run_address>
         <size>0xa</size>
         <input_file_ref idref="fl-c8"/>
      </object_component>
      <object_component id="oc-24b">
         <name>.text:__aeabi_errno_addr</name>
         <load_address>0x5c38</load_address>
         <run_address>0x5c38</run_address>
         <size>0x8</size>
         <input_file_ref idref="fl-e6"/>
      </object_component>
      <object_component id="oc-a9">
         <name>.text:_system_pre_init</name>
         <load_address>0x5c40</load_address>
         <run_address>0x5c40</run_address>
         <size>0x4</size>
         <input_file_ref idref="fl-db"/>
      </object_component>
      <object_component id="oc-122">
         <name>.text:abort:abort</name>
         <load_address>0x5c44</load_address>
         <run_address>0x5c44</run_address>
         <size>0x4</size>
         <input_file_ref idref="fl-dd"/>
      </object_component>
      <object_component id="oc-284">
         <name>.const:.string:_ctypes_</name>
         <load_address>0x5c48</load_address>
         <run_address>0x5c48</run_address>
         <size>0x101</size>
         <input_file_ref idref="fl-e1"/>
      </object_component>
      <object_component id="oc-111">
         <name>.const:$P$T0$1</name>
         <load_address>0x5d49</load_address>
         <run_address>0x5d49</run_address>
         <size>0x5d</size>
         <input_file_ref idref="fl-5"/>
      </object_component>
      <object_component id="oc-380">
         <name>.cinit..data.load</name>
         <load_address>0x5da8</load_address>
         <run_address>0x5da8</run_address>
         <size>0x14</size>
      </object_component>
      <object_component id="oc-37e">
         <name>__TI_handler_table</name>
         <load_address>0x5dbc</load_address>
         <run_address>0x5dbc</run_address>
         <size>0xc</size>
      </object_component>
      <object_component id="oc-381">
         <name>.cinit..bss.load</name>
         <load_address>0x5dc8</load_address>
         <run_address>0x5dc8</run_address>
         <size>0x8</size>
      </object_component>
      <object_component id="oc-37f">
         <name>__TI_cinit_table</name>
         <load_address>0x5dd0</load_address>
         <run_address>0x5dd0</run_address>
         <size>0x10</size>
      </object_component>
      <object_component id="oc-179">
         <name>.data</name>
         <load_address>0x200026a8</load_address>
         <run_address>0x200026a8</run_address>
         <size>0x3</size>
         <input_file_ref idref="fl-4"/>
      </object_component>
      <object_component id="oc-176">
         <name>.data:macAddress</name>
         <load_address>0x2000268c</load_address>
         <run_address>0x2000268c</run_address>
         <size>0x6</size>
         <input_file_ref idref="fl-4"/>
      </object_component>
      <object_component id="oc-17f">
         <name>.data:ipAddress</name>
         <load_address>0x20002692</load_address>
         <run_address>0x20002692</run_address>
         <size>0x4</size>
         <input_file_ref idref="fl-4"/>
      </object_component>
      <object_component id="oc-183">
         <name>.data:ipSubnetMask</name>
         <load_address>0x2000269e</load_address>
         <run_address>0x2000269e</run_address>
         <size>0x4</size>
         <input_file_ref idref="fl-4"/>
      </object_component>
      <object_component id="oc-186">
         <name>.data:ipGwAddress</name>
         <load_address>0x2000269a</load_address>
         <run_address>0x2000269a</run_address>
         <size>0x4</size>
         <input_file_ref idref="fl-4"/>
      </object_component>
      <object_component id="oc-189">
         <name>.data:ipDnsAddress</name>
         <load_address>0x20002696</load_address>
         <run_address>0x20002696</run_address>
         <size>0x4</size>
         <input_file_ref idref="fl-4"/>
      </object_component>
      <object_component id="oc-2e6">
         <name>.data</name>
         <load_address>0x200026a4</load_address>
         <run_address>0x200026a4</run_address>
         <size>0x4</size>
         <input_file_ref idref="fl-e6"/>
      </object_component>
      <object_component id="oc-114">
         <name>.common:dhcpState</name>
         <uninitialized>true</uninitialized>
         <run_address>0x2000267c</run_address>
         <size>0x4</size>
      </object_component>
      <object_component id="oc-19f">
         <name>.common:dhcpLeaseTime</name>
         <uninitialized>true</uninitialized>
         <run_address>0x20002678</run_address>
         <size>0x4</size>
      </object_component>
      <object_component id="oc-10c">
         <name>.common:data</name>
         <uninitialized>true</uninitialized>
         <run_address>0x20002000</run_address>
         <size>0x5f4</size>
      </object_component>
      <object_component id="oc-17c">
         <name>.common:sum</name>
         <uninitialized>true</uninitialized>
         <run_address>0x20002680</run_address>
         <size>0x4</size>
      </object_component>
      <object_component id="oc-182">
         <name>.common:dhcpEnabled</name>
         <uninitialized>true</uninitialized>
         <run_address>0x20002688</run_address>
         <size>0x1</size>
      </object_component>
      <object_component id="oc-11b">
         <name>.common:tcpState</name>
         <uninitialized>true</uninitialized>
         <run_address>0x20002684</run_address>
         <size>0x4</size>
      </object_component>
      <object_component id="oc-75">
         <name>.common:fn</name>
         <uninitialized>true</uninitialized>
         <run_address>0x200025f4</run_address>
         <size>0x28</size>
      </object_component>
      <object_component id="oc-71">
         <name>.common:period</name>
         <uninitialized>true</uninitialized>
         <run_address>0x2000261c</run_address>
         <size>0x28</size>
      </object_component>
      <object_component id="oc-74">
         <name>.common:ticks</name>
         <uninitialized>true</uninitialized>
         <run_address>0x20002644</run_address>
         <size>0x28</size>
      </object_component>
      <object_component id="oc-76">
         <name>.common:reload</name>
         <uninitialized>true</uninitialized>
         <run_address>0x2000266c</run_address>
         <size>0xc</size>
      </object_component>
      <object_component id="oc-21">
         <name>.stack</name>
         <uninitialized>true</uninitialized>
         <run_address>0x20000000</run_address>
         <size>0x4</size>
         <input_file_ref idref="fl-d1"/>
      </object_component>
      <object_component id="oc-382">
         <name>.stack</name>
         <uninitialized>true</uninitialized>
         <run_address>0x20000000</run_address>
         <size>0x0</size>
      </object_component>
      <object_component id="oc-ca">
         <name>.debug_info</name>
         <load_address>0x0</load_address>
         <run_address>0x0</run_address>
         <size>0x432</size>
         <input_file_ref idref="fl-2"/>
      </object_component>
      <object_component id="oc-196">
         <name>.debug_info</name>
         <load_address>0x432</load_address>
         <run_address>0x432</run_address>
         <size>0x2af</size>
         <input_file_ref idref="fl-2"/>
      </object_component>
      <object_component id="oc-89">
         <name>.debug_info</name>
         <load_address>0x6e1</load_address>
         <run_address>0x6e1</run_address>
         <size>0x26b</size>
         <input_file_ref idref="fl-2"/>
      </object_component>
      <object_component id="oc-39">
         <name>.debug_info</name>
         <load_address>0x94c</load_address>
         <run_address>0x94c</run_address>
         <size>0x84</size>
         <input_file_ref idref="fl-2"/>
      </object_component>
      <object_component id="oc-c3">
         <name>.debug_info</name>
         <load_address>0x9d0</load_address>
         <run_address>0x9d0</run_address>
         <size>0x297</size>
         <input_file_ref idref="fl-2"/>
      </object_component>
      <object_component id="oc-78">
         <name>.debug_info</name>
         <load_address>0xc67</load_address>
         <run_address>0xc67</run_address>
         <size>0xbb</size>
         <input_file_ref idref="fl-2"/>
      </object_component>
      <object_component id="oc-162">
         <name>.debug_info</name>
         <load_address>0xd22</load_address>
         <run_address>0xd22</run_address>
         <size>0x168</size>
         <input_file_ref idref="fl-2"/>
      </object_component>
      <object_component id="oc-11d">
         <name>.debug_info</name>
         <load_address>0xe8a</load_address>
         <run_address>0xe8a</run_address>
         <size>0x9e</size>
         <input_file_ref idref="fl-2"/>
      </object_component>
      <object_component id="oc-c8">
         <name>.debug_info</name>
         <load_address>0xf28</load_address>
         <run_address>0xf28</run_address>
         <size>0x83b</size>
         <input_file_ref idref="fl-3"/>
      </object_component>
      <object_component id="oc-101">
         <name>.debug_info</name>
         <load_address>0x1763</load_address>
         <run_address>0x1763</run_address>
         <size>0x1144</size>
         <input_file_ref idref="fl-3"/>
      </object_component>
      <object_component id="oc-7d">
         <name>.debug_info</name>
         <load_address>0x28a7</load_address>
         <run_address>0x28a7</run_address>
         <size>0x8b</size>
         <input_file_ref idref="fl-3"/>
      </object_component>
      <object_component id="oc-82">
         <name>.debug_info</name>
         <load_address>0x2932</load_address>
         <run_address>0x2932</run_address>
         <size>0x2c</size>
         <input_file_ref idref="fl-3"/>
      </object_component>
      <object_component id="oc-1d0">
         <name>.debug_info</name>
         <load_address>0x295e</load_address>
         <run_address>0x295e</run_address>
         <size>0x2c</size>
         <input_file_ref idref="fl-3"/>
      </object_component>
      <object_component id="oc-167">
         <name>.debug_info</name>
         <load_address>0x298a</load_address>
         <run_address>0x298a</run_address>
         <size>0x3a5</size>
         <input_file_ref idref="fl-3"/>
      </object_component>
      <object_component id="oc-17d">
         <name>.debug_info</name>
         <load_address>0x2d2f</load_address>
         <run_address>0x2d2f</run_address>
         <size>0x511</size>
         <input_file_ref idref="fl-4"/>
      </object_component>
      <object_component id="oc-17a">
         <name>.debug_info</name>
         <load_address>0x3240</load_address>
         <run_address>0x3240</run_address>
         <size>0x156</size>
         <input_file_ref idref="fl-4"/>
      </object_component>
      <object_component id="oc-177">
         <name>.debug_info</name>
         <load_address>0x3396</load_address>
         <run_address>0x3396</run_address>
         <size>0x100</size>
         <input_file_ref idref="fl-4"/>
      </object_component>
      <object_component id="oc-180">
         <name>.debug_info</name>
         <load_address>0x3496</load_address>
         <run_address>0x3496</run_address>
         <size>0xfe</size>
         <input_file_ref idref="fl-4"/>
      </object_component>
      <object_component id="oc-184">
         <name>.debug_info</name>
         <load_address>0x3594</load_address>
         <run_address>0x3594</run_address>
         <size>0x104</size>
         <input_file_ref idref="fl-4"/>
      </object_component>
      <object_component id="oc-187">
         <name>.debug_info</name>
         <load_address>0x3698</load_address>
         <run_address>0x3698</run_address>
         <size>0x102</size>
         <input_file_ref idref="fl-4"/>
      </object_component>
      <object_component id="oc-18a">
         <name>.debug_info</name>
         <load_address>0x379a</load_address>
         <run_address>0x379a</run_address>
         <size>0x104</size>
         <input_file_ref idref="fl-4"/>
      </object_component>
      <object_component id="oc-e3">
         <name>.debug_info</name>
         <load_address>0x389e</load_address>
         <run_address>0x389e</run_address>
         <size>0x2c5c</size>
         <input_file_ref idref="fl-4"/>
      </object_component>
      <object_component id="oc-18f">
         <name>.debug_info</name>
         <load_address>0x64fa</load_address>
         <run_address>0x64fa</run_address>
         <size>0x88</size>
         <input_file_ref idref="fl-4"/>
      </object_component>
      <object_component id="oc-10d">
         <name>.debug_info</name>
         <load_address>0x6582</load_address>
         <run_address>0x6582</run_address>
         <size>0xd06</size>
         <input_file_ref idref="fl-5"/>
      </object_component>
      <object_component id="oc-112">
         <name>.debug_info</name>
         <load_address>0x7288</load_address>
         <run_address>0x7288</run_address>
         <size>0xfd</size>
         <input_file_ref idref="fl-5"/>
      </object_component>
      <object_component id="oc-b1">
         <name>.debug_info</name>
         <load_address>0x7385</load_address>
         <run_address>0x7385</run_address>
         <size>0x9b5</size>
         <input_file_ref idref="fl-5"/>
      </object_component>
      <object_component id="oc-1b5">
         <name>.debug_info</name>
         <load_address>0x7d3a</load_address>
         <run_address>0x7d3a</run_address>
         <size>0x102</size>
         <input_file_ref idref="fl-5"/>
      </object_component>
      <object_component id="oc-194">
         <name>.debug_info</name>
         <load_address>0x7e3c</load_address>
         <run_address>0x7e3c</run_address>
         <size>0x28d</size>
         <input_file_ref idref="fl-6"/>
      </object_component>
      <object_component id="oc-ef">
         <name>.debug_info</name>
         <load_address>0x80c9</load_address>
         <run_address>0x80c9</run_address>
         <size>0xfca</size>
         <input_file_ref idref="fl-6"/>
      </object_component>
      <object_component id="oc-171">
         <name>.debug_info</name>
         <load_address>0x9093</load_address>
         <run_address>0x9093</run_address>
         <size>0x47f</size>
         <input_file_ref idref="fl-8"/>
      </object_component>
      <object_component id="oc-10f">
         <name>.debug_info</name>
         <load_address>0x9512</load_address>
         <run_address>0x9512</run_address>
         <size>0x48e</size>
         <input_file_ref idref="fl-9"/>
      </object_component>
      <object_component id="oc-107">
         <name>.debug_info</name>
         <load_address>0x99a0</load_address>
         <run_address>0x99a0</run_address>
         <size>0x5ed</size>
         <input_file_ref idref="fl-9"/>
      </object_component>
      <object_component id="oc-19c">
         <name>.debug_info</name>
         <load_address>0x9f8d</load_address>
         <run_address>0x9f8d</run_address>
         <size>0x345</size>
         <input_file_ref idref="fl-a"/>
      </object_component>
      <object_component id="oc-f6">
         <name>.debug_info</name>
         <load_address>0xa2d2</load_address>
         <run_address>0xa2d2</run_address>
         <size>0x3af</size>
         <input_file_ref idref="fl-a"/>
      </object_component>
      <object_component id="oc-72">
         <name>.debug_info</name>
         <load_address>0xa681</load_address>
         <run_address>0xa681</run_address>
         <size>0x352</size>
         <input_file_ref idref="fl-b"/>
      </object_component>
      <object_component id="oc-2c">
         <name>.debug_info</name>
         <load_address>0xa9d3</load_address>
         <run_address>0xa9d3</run_address>
         <size>0x4d4</size>
         <input_file_ref idref="fl-b"/>
      </object_component>
      <object_component id="oc-32">
         <name>.debug_info</name>
         <load_address>0xaea7</load_address>
         <run_address>0xaea7</run_address>
         <size>0x2ef</size>
         <input_file_ref idref="fl-c"/>
      </object_component>
      <object_component id="oc-10">
         <name>.debug_info</name>
         <load_address>0xb196</load_address>
         <run_address>0xb196</run_address>
         <size>0x118</size>
         <input_file_ref idref="fl-c"/>
      </object_component>
      <object_component id="oc-27">
         <name>.debug_info</name>
         <load_address>0xb2ae</load_address>
         <run_address>0xb2ae</run_address>
         <size>0x294</size>
         <input_file_ref idref="fl-c"/>
      </object_component>
      <object_component id="oc-16f">
         <name>.debug_info</name>
         <load_address>0xb542</load_address>
         <run_address>0xb542</run_address>
         <size>0x28e</size>
         <input_file_ref idref="fl-d"/>
      </object_component>
      <object_component id="oc-dd">
         <name>.debug_info</name>
         <load_address>0xb7d0</load_address>
         <run_address>0xb7d0</run_address>
         <size>0x376</size>
         <input_file_ref idref="fl-d"/>
      </object_component>
      <object_component id="oc-ec">
         <name>.debug_info</name>
         <load_address>0xbb46</load_address>
         <run_address>0xbb46</run_address>
         <size>0x14f</size>
         <input_file_ref idref="fl-e"/>
      </object_component>
      <object_component id="oc-1cf">
         <name>.debug_info</name>
         <load_address>0xbc95</load_address>
         <run_address>0xbc95</run_address>
         <size>0x332</size>
         <input_file_ref idref="fl-c8"/>
      </object_component>
      <object_component id="oc-119">
         <name>.debug_info</name>
         <load_address>0xbfc7</load_address>
         <run_address>0xbfc7</run_address>
         <size>0x1d0</size>
         <input_file_ref idref="fl-c8"/>
      </object_component>
      <object_component id="oc-1c6">
         <name>.debug_info</name>
         <load_address>0xc197</load_address>
         <run_address>0xc197</run_address>
         <size>0x18c</size>
         <input_file_ref idref="fl-c8"/>
      </object_component>
      <object_component id="oc-1c9">
         <name>.debug_info</name>
         <load_address>0xc323</load_address>
         <run_address>0xc323</run_address>
         <size>0x16c</size>
         <input_file_ref idref="fl-c8"/>
      </object_component>
      <object_component id="oc-2ed">
         <name>.debug_info</name>
         <load_address>0xc48f</load_address>
         <run_address>0xc48f</run_address>
         <size>0x2c</size>
         <input_file_ref idref="fl-c8"/>
      </object_component>
      <object_component id="oc-1a8">
         <name>.debug_info</name>
         <load_address>0xc4bb</load_address>
         <run_address>0xc4bb</run_address>
         <size>0x139</size>
         <input_file_ref idref="fl-c9"/>
      </object_component>
      <object_component id="oc-1ad">
         <name>.debug_info</name>
         <load_address>0xc5f4</load_address>
         <run_address>0xc5f4</run_address>
         <size>0x138</size>
         <input_file_ref idref="fl-ca"/>
      </object_component>
      <object_component id="oc-41">
         <name>.debug_info</name>
         <load_address>0xc72c</load_address>
         <run_address>0xc72c</run_address>
         <size>0x118</size>
         <input_file_ref idref="fl-cb"/>
      </object_component>
      <object_component id="oc-1a2">
         <name>.debug_info</name>
         <load_address>0xc844</load_address>
         <run_address>0xc844</run_address>
         <size>0x12d</size>
         <input_file_ref idref="fl-cc"/>
      </object_component>
      <object_component id="oc-a2">
         <name>.debug_info</name>
         <load_address>0xc971</load_address>
         <run_address>0xc971</run_address>
         <size>0x2d3</size>
         <input_file_ref idref="fl-cd"/>
      </object_component>
      <object_component id="oc-51">
         <name>.debug_info</name>
         <load_address>0xcc44</load_address>
         <run_address>0xcc44</run_address>
         <size>0x1b4</size>
         <input_file_ref idref="fl-cd"/>
      </object_component>
      <object_component id="oc-9d">
         <name>.debug_info</name>
         <load_address>0xcdf8</load_address>
         <run_address>0xcdf8</run_address>
         <size>0x46</size>
         <input_file_ref idref="fl-cd"/>
      </object_component>
      <object_component id="oc-d3">
         <name>.debug_info</name>
         <load_address>0xce3e</load_address>
         <run_address>0xce3e</run_address>
         <size>0x2c</size>
         <input_file_ref idref="fl-cd"/>
      </object_component>
      <object_component id="oc-49">
         <name>.debug_info</name>
         <load_address>0xce6a</load_address>
         <run_address>0xce6a</run_address>
         <size>0x2a7</size>
         <input_file_ref idref="fl-ce"/>
      </object_component>
      <object_component id="oc-19">
         <name>.debug_info</name>
         <load_address>0xd111</load_address>
         <run_address>0xd111</run_address>
         <size>0x1e9</size>
         <input_file_ref idref="fl-ce"/>
      </object_component>
      <object_component id="oc-44">
         <name>.debug_info</name>
         <load_address>0xd2fa</load_address>
         <run_address>0xd2fa</run_address>
         <size>0x46</size>
         <input_file_ref idref="fl-ce"/>
      </object_component>
      <object_component id="oc-95">
         <name>.debug_info</name>
         <load_address>0xd340</load_address>
         <run_address>0xd340</run_address>
         <size>0x2c</size>
         <input_file_ref idref="fl-ce"/>
      </object_component>
      <object_component id="oc-93">
         <name>.debug_info</name>
         <load_address>0xd36c</load_address>
         <run_address>0xd36c</run_address>
         <size>0x29d</size>
         <input_file_ref idref="fl-cf"/>
      </object_component>
      <object_component id="oc-14">
         <name>.debug_info</name>
         <load_address>0xd609</load_address>
         <run_address>0xd609</run_address>
         <size>0x24f</size>
         <input_file_ref idref="fl-cf"/>
      </object_component>
      <object_component id="oc-34">
         <name>.debug_info</name>
         <load_address>0xd858</load_address>
         <run_address>0xd858</run_address>
         <size>0x60</size>
         <input_file_ref idref="fl-cf"/>
      </object_component>
      <object_component id="oc-cc">
         <name>.debug_info</name>
         <load_address>0xd8b8</load_address>
         <run_address>0xd8b8</run_address>
         <size>0x46</size>
         <input_file_ref idref="fl-cf"/>
      </object_component>
      <object_component id="oc-8e">
         <name>.debug_info</name>
         <load_address>0xd8fe</load_address>
         <run_address>0xd8fe</run_address>
         <size>0x39</size>
         <input_file_ref idref="fl-cf"/>
      </object_component>
      <object_component id="oc-19e">
         <name>.debug_info</name>
         <load_address>0xd937</load_address>
         <run_address>0xd937</run_address>
         <size>0x289</size>
         <input_file_ref idref="fl-d0"/>
      </object_component>
      <object_component id="oc-fb">
         <name>.debug_info</name>
         <load_address>0xdbc0</load_address>
         <run_address>0xdbc0</run_address>
         <size>0x26e</size>
         <input_file_ref idref="fl-d0"/>
      </object_component>
      <object_component id="oc-22">
         <name>.debug_info</name>
         <load_address>0xde2e</load_address>
         <run_address>0xde2e</run_address>
         <size>0x10a</size>
         <input_file_ref idref="fl-d1"/>
      </object_component>
      <object_component id="oc-5e">
         <name>.debug_info</name>
         <load_address>0xdf38</load_address>
         <run_address>0xdf38</run_address>
         <size>0x1a8</size>
         <input_file_ref idref="fl-d1"/>
      </object_component>
      <object_component id="oc-252">
         <name>.debug_info</name>
         <load_address>0xe0e0</load_address>
         <run_address>0xe0e0</run_address>
         <size>0x57a</size>
         <input_file_ref idref="fl-d2"/>
      </object_component>
      <object_component id="oc-21e">
         <name>.debug_info</name>
         <load_address>0xe65a</load_address>
         <run_address>0xe65a</run_address>
         <size>0x21d</size>
         <input_file_ref idref="fl-d2"/>
      </object_component>
      <object_component id="oc-2b1">
         <name>.debug_info</name>
         <load_address>0xe877</load_address>
         <run_address>0xe877</run_address>
         <size>0x1b2</size>
         <input_file_ref idref="fl-d2"/>
      </object_component>
      <object_component id="oc-2b7">
         <name>.debug_info</name>
         <load_address>0xea29</load_address>
         <run_address>0xea29</run_address>
         <size>0x21a</size>
         <input_file_ref idref="fl-d2"/>
      </object_component>
      <object_component id="oc-229">
         <name>.debug_info</name>
         <load_address>0xec43</load_address>
         <run_address>0xec43</run_address>
         <size>0x3ba</size>
         <input_file_ref idref="fl-d2"/>
      </object_component>
      <object_component id="oc-2be">
         <name>.debug_info</name>
         <load_address>0xeffd</load_address>
         <run_address>0xeffd</run_address>
         <size>0x304</size>
         <input_file_ref idref="fl-d2"/>
      </object_component>
      <object_component id="oc-2c4">
         <name>.debug_info</name>
         <load_address>0xf301</load_address>
         <run_address>0xf301</run_address>
         <size>0x214</size>
         <input_file_ref idref="fl-d2"/>
      </object_component>
      <object_component id="oc-22f">
         <name>.debug_info</name>
         <load_address>0xf515</load_address>
         <run_address>0xf515</run_address>
         <size>0x214</size>
         <input_file_ref idref="fl-d2"/>
      </object_component>
      <object_component id="oc-235">
         <name>.debug_info</name>
         <load_address>0xf729</load_address>
         <run_address>0xf729</run_address>
         <size>0x303</size>
         <input_file_ref idref="fl-d2"/>
      </object_component>
      <object_component id="oc-23a">
         <name>.debug_info</name>
         <load_address>0xfa2c</load_address>
         <run_address>0xfa2c</run_address>
         <size>0x4af</size>
         <input_file_ref idref="fl-d2"/>
      </object_component>
      <object_component id="oc-1bd">
         <name>.debug_info</name>
         <load_address>0xfedb</load_address>
         <run_address>0xfedb</run_address>
         <size>0x5f3</size>
         <input_file_ref idref="fl-d2"/>
      </object_component>
      <object_component id="oc-253">
         <name>.debug_info</name>
         <load_address>0x104ce</load_address>
         <run_address>0x104ce</run_address>
         <size>0x86</size>
         <input_file_ref idref="fl-d2"/>
      </object_component>
      <object_component id="oc-2f2">
         <name>.debug_info</name>
         <load_address>0x10554</load_address>
         <run_address>0x10554</run_address>
         <size>0x39</size>
         <input_file_ref idref="fl-d2"/>
      </object_component>
      <object_component id="oc-341">
         <name>.debug_info</name>
         <load_address>0x1058d</load_address>
         <run_address>0x1058d</run_address>
         <size>0xb6</size>
         <input_file_ref idref="fl-d2"/>
      </object_component>
      <object_component id="oc-2f7">
         <name>.debug_info</name>
         <load_address>0x10643</load_address>
         <run_address>0x10643</run_address>
         <size>0x46</size>
         <input_file_ref idref="fl-d2"/>
      </object_component>
      <object_component id="oc-258">
         <name>.debug_info</name>
         <load_address>0x10689</load_address>
         <run_address>0x10689</run_address>
         <size>0x46</size>
         <input_file_ref idref="fl-d2"/>
      </object_component>
      <object_component id="oc-2ac">
         <name>.debug_info</name>
         <load_address>0x106cf</load_address>
         <run_address>0x106cf</run_address>
         <size>0x14b</size>
         <input_file_ref idref="fl-d3"/>
      </object_component>
      <object_component id="oc-224">
         <name>.debug_info</name>
         <load_address>0x1081a</load_address>
         <run_address>0x1081a</run_address>
         <size>0x127</size>
         <input_file_ref idref="fl-d4"/>
      </object_component>
      <object_component id="oc-296">
         <name>.debug_info</name>
         <load_address>0x10941</load_address>
         <run_address>0x10941</run_address>
         <size>0x129</size>
         <input_file_ref idref="fl-d4"/>
      </object_component>
      <object_component id="oc-293">
         <name>.debug_info</name>
         <load_address>0x10a6a</load_address>
         <run_address>0x10a6a</run_address>
         <size>0x139</size>
         <input_file_ref idref="fl-d5"/>
      </object_component>
      <object_component id="oc-29c">
         <name>.debug_info</name>
         <load_address>0x10ba3</load_address>
         <run_address>0x10ba3</run_address>
         <size>0x12d</size>
         <input_file_ref idref="fl-d6"/>
      </object_component>
      <object_component id="oc-2a6">
         <name>.debug_info</name>
         <load_address>0x10cd0</load_address>
         <run_address>0x10cd0</run_address>
         <size>0x12b</size>
         <input_file_ref idref="fl-d7"/>
      </object_component>
      <object_component id="oc-28b">
         <name>.debug_info</name>
         <load_address>0x10dfb</load_address>
         <run_address>0x10dfb</run_address>
         <size>0x133</size>
         <input_file_ref idref="fl-d8"/>
      </object_component>
      <object_component id="oc-a6">
         <name>.debug_info</name>
         <load_address>0x10f2e</load_address>
         <run_address>0x10f2e</run_address>
         <size>0x146</size>
         <input_file_ref idref="fl-d9"/>
      </object_component>
      <object_component id="oc-1e0">
         <name>.debug_info</name>
         <load_address>0x11074</load_address>
         <run_address>0x11074</run_address>
         <size>0x4b2</size>
         <input_file_ref idref="fl-da"/>
      </object_component>
      <object_component id="oc-130">
         <name>.debug_info</name>
         <load_address>0x11526</load_address>
         <run_address>0x11526</run_address>
         <size>0x1a5</size>
         <input_file_ref idref="fl-da"/>
      </object_component>
      <object_component id="oc-271">
         <name>.debug_info</name>
         <load_address>0x116cb</load_address>
         <run_address>0x116cb</run_address>
         <size>0x39</size>
         <input_file_ref idref="fl-da"/>
      </object_component>
      <object_component id="oc-2ff">
         <name>.debug_info</name>
         <load_address>0x11704</load_address>
         <run_address>0x11704</run_address>
         <size>0x39</size>
         <input_file_ref idref="fl-da"/>
      </object_component>
      <object_component id="oc-276">
         <name>.debug_info</name>
         <load_address>0x1173d</load_address>
         <run_address>0x1173d</run_address>
         <size>0x39</size>
         <input_file_ref idref="fl-da"/>
      </object_component>
      <object_component id="oc-27b">
         <name>.debug_info</name>
         <load_address>0x11776</load_address>
         <run_address>0x11776</run_address>
         <size>0xcd</size>
         <input_file_ref idref="fl-da"/>
      </object_component>
      <object_component id="oc-aa">
         <name>.debug_info</name>
         <load_address>0x11843</load_address>
         <run_address>0x11843</run_address>
         <size>0x152</size>
         <input_file_ref idref="fl-db"/>
      </object_component>
      <object_component id="oc-125">
         <name>.debug_info</name>
         <load_address>0x11995</load_address>
         <run_address>0x11995</run_address>
         <size>0x121</size>
         <input_file_ref idref="fl-dd"/>
      </object_component>
      <object_component id="oc-288">
         <name>.debug_info</name>
         <load_address>0x11ab6</load_address>
         <run_address>0x11ab6</run_address>
         <size>0x2b8</size>
         <input_file_ref idref="fl-e0"/>
      </object_component>
      <object_component id="oc-217">
         <name>.debug_info</name>
         <load_address>0x11d6e</load_address>
         <run_address>0x11d6e</run_address>
         <size>0x17b</size>
         <input_file_ref idref="fl-e0"/>
      </object_component>
      <object_component id="oc-30f">
         <name>.debug_info</name>
         <load_address>0x11ee9</load_address>
         <run_address>0x11ee9</run_address>
         <size>0xf8</size>
         <input_file_ref idref="fl-e1"/>
      </object_component>
      <object_component id="oc-285">
         <name>.debug_info</name>
         <load_address>0x11fe1</load_address>
         <run_address>0x11fe1</run_address>
         <size>0x104</size>
         <input_file_ref idref="fl-e1"/>
      </object_component>
      <object_component id="oc-31c">
         <name>.debug_info</name>
         <load_address>0x120e5</load_address>
         <run_address>0x120e5</run_address>
         <size>0x29a</size>
         <input_file_ref idref="fl-e2"/>
      </object_component>
      <object_component id="oc-2a3">
         <name>.debug_info</name>
         <load_address>0x1237f</load_address>
         <run_address>0x1237f</run_address>
         <size>0x1cc</size>
         <input_file_ref idref="fl-e2"/>
      </object_component>
      <object_component id="oc-2de">
         <name>.debug_info</name>
         <load_address>0x1254b</load_address>
         <run_address>0x1254b</run_address>
         <size>0x295</size>
         <input_file_ref idref="fl-e3"/>
      </object_component>
      <object_component id="oc-242">
         <name>.debug_info</name>
         <load_address>0x127e0</load_address>
         <run_address>0x127e0</run_address>
         <size>0x1b5</size>
         <input_file_ref idref="fl-e3"/>
      </object_component>
      <object_component id="oc-333">
         <name>.debug_info</name>
         <load_address>0x12995</load_address>
         <run_address>0x12995</run_address>
         <size>0x299</size>
         <input_file_ref idref="fl-e4"/>
      </object_component>
      <object_component id="oc-2d7">
         <name>.debug_info</name>
         <load_address>0x12c2e</load_address>
         <run_address>0x12c2e</run_address>
         <size>0x25d</size>
         <input_file_ref idref="fl-e4"/>
      </object_component>
      <object_component id="oc-283">
         <name>.debug_info</name>
         <load_address>0x12e8b</load_address>
         <run_address>0x12e8b</run_address>
         <size>0x28e</size>
         <input_file_ref idref="fl-e5"/>
      </object_component>
      <object_component id="oc-213">
         <name>.debug_info</name>
         <load_address>0x13119</load_address>
         <run_address>0x13119</run_address>
         <size>0x240</size>
         <input_file_ref idref="fl-e5"/>
      </object_component>
      <object_component id="oc-2ea">
         <name>.debug_info</name>
         <load_address>0x13359</load_address>
         <run_address>0x13359</run_address>
         <size>0x288</size>
         <input_file_ref idref="fl-e6"/>
      </object_component>
      <object_component id="oc-2e7">
         <name>.debug_info</name>
         <load_address>0x135e1</load_address>
         <run_address>0x135e1</run_address>
         <size>0x10d</size>
         <input_file_ref idref="fl-e6"/>
      </object_component>
      <object_component id="oc-24c">
         <name>.debug_info</name>
         <load_address>0x136ee</load_address>
         <run_address>0x136ee</run_address>
         <size>0x14d</size>
         <input_file_ref idref="fl-e6"/>
      </object_component>
      <object_component id="oc-2e5">
         <name>.debug_info</name>
         <load_address>0x1383b</load_address>
         <run_address>0x1383b</run_address>
         <size>0x28e</size>
         <input_file_ref idref="fl-e7"/>
      </object_component>
      <object_component id="oc-246">
         <name>.debug_info</name>
         <load_address>0x13ac9</load_address>
         <run_address>0x13ac9</run_address>
         <size>0x159</size>
         <input_file_ref idref="fl-e7"/>
      </object_component>
      <object_component id="oc-336">
         <name>.debug_info</name>
         <load_address>0x13c22</load_address>
         <run_address>0x13c22</run_address>
         <size>0x46</size>
         <input_file_ref idref="fl-e7"/>
      </object_component>
      <object_component id="oc-2e0">
         <name>.debug_info</name>
         <load_address>0x13c68</load_address>
         <run_address>0x13c68</run_address>
         <size>0x39</size>
         <input_file_ref idref="fl-e7"/>
      </object_component>
      <object_component id="oc-324">
         <name>.debug_info</name>
         <load_address>0x13ca1</load_address>
         <run_address>0x13ca1</run_address>
         <size>0x299</size>
         <input_file_ref idref="fl-e8"/>
      </object_component>
      <object_component id="oc-2cb">
         <name>.debug_info</name>
         <load_address>0x13f3a</load_address>
         <run_address>0x13f3a</run_address>
         <size>0x194</size>
         <input_file_ref idref="fl-e8"/>
      </object_component>
      <object_component id="oc-34d">
         <name>.debug_info</name>
         <load_address>0x140ce</load_address>
         <run_address>0x140ce</run_address>
         <size>0x39</size>
         <input_file_ref idref="fl-e8"/>
      </object_component>
      <object_component id="oc-325">
         <name>.debug_info</name>
         <load_address>0x14107</load_address>
         <run_address>0x14107</run_address>
         <size>0x2c</size>
         <input_file_ref idref="fl-e8"/>
      </object_component>
      <object_component id="oc-331">
         <name>.debug_info</name>
         <load_address>0x14133</load_address>
         <run_address>0x14133</run_address>
         <size>0x2fc</size>
         <input_file_ref idref="fl-e9"/>
      </object_component>
      <object_component id="oc-2d2">
         <name>.debug_info</name>
         <load_address>0x1442f</load_address>
         <run_address>0x1442f</run_address>
         <size>0x224</size>
         <input_file_ref idref="fl-e9"/>
      </object_component>
      <object_component id="oc-313">
         <name>.debug_info</name>
         <load_address>0x14653</load_address>
         <run_address>0x14653</run_address>
         <size>0x114</size>
         <input_file_ref idref="fl-ea"/>
      </object_component>
      <object_component id="oc-32b">
         <name>.debug_info</name>
         <load_address>0x14767</load_address>
         <run_address>0x14767</run_address>
         <size>0x160</size>
         <input_file_ref idref="fl-eb"/>
      </object_component>
      <object_component id="oc-383">
         <name>.debug_info</name>
         <load_address>0x148c7</load_address>
         <run_address>0x148c7</run_address>
         <size>0xcb</size>
      </object_component>
      <object_component id="oc-16d">
         <name>.debug_line</name>
         <load_address>0x0</load_address>
         <run_address>0x0</run_address>
         <size>0x4c</size>
         <input_file_ref idref="fl-2"/>
      </object_component>
      <object_component id="oc-199">
         <name>.debug_line</name>
         <load_address>0x4c</load_address>
         <run_address>0x4c</run_address>
         <size>0xd4</size>
         <input_file_ref idref="fl-2"/>
      </object_component>
      <object_component id="oc-8c">
         <name>.debug_line</name>
         <load_address>0x120</load_address>
         <run_address>0x120</run_address>
         <size>0x6f</size>
         <input_file_ref idref="fl-2"/>
      </object_component>
      <object_component id="oc-3c">
         <name>.debug_line</name>
         <load_address>0x18f</load_address>
         <run_address>0x18f</run_address>
         <size>0x20</size>
         <input_file_ref idref="fl-2"/>
      </object_component>
      <object_component id="oc-c6">
         <name>.debug_line</name>
         <load_address>0x1af</load_address>
         <run_address>0x1af</run_address>
         <size>0x73</size>
         <input_file_ref idref="fl-2"/>
      </object_component>
      <object_component id="oc-7b">
         <name>.debug_line</name>
         <load_address>0x222</load_address>
         <run_address>0x222</run_address>
         <size>0x70</size>
         <input_file_ref idref="fl-2"/>
      </object_component>
      <object_component id="oc-165">
         <name>.debug_line</name>
         <load_address>0x292</load_address>
         <run_address>0x292</run_address>
         <size>0x2d</size>
         <input_file_ref idref="fl-2"/>
      </object_component>
      <object_component id="oc-120">
         <name>.debug_line</name>
         <load_address>0x2bf</load_address>
         <run_address>0x2bf</run_address>
         <size>0x31</size>
         <input_file_ref idref="fl-2"/>
      </object_component>
      <object_component id="oc-161">
         <name>.debug_line</name>
         <load_address>0x2f0</load_address>
         <run_address>0x2f0</run_address>
         <size>0xb1</size>
         <input_file_ref idref="fl-3"/>
      </object_component>
      <object_component id="oc-104">
         <name>.debug_line</name>
         <load_address>0x3a1</load_address>
         <run_address>0x3a1</run_address>
         <size>0x3fd</size>
         <input_file_ref idref="fl-3"/>
      </object_component>
      <object_component id="oc-80">
         <name>.debug_line</name>
         <load_address>0x79e</load_address>
         <run_address>0x79e</run_address>
         <size>0x20</size>
         <input_file_ref idref="fl-3"/>
      </object_component>
      <object_component id="oc-85">
         <name>.debug_line</name>
         <load_address>0x7be</load_address>
         <run_address>0x7be</run_address>
         <size>0x2e</size>
         <input_file_ref idref="fl-3"/>
      </object_component>
      <object_component id="oc-1d3">
         <name>.debug_line</name>
         <load_address>0x7ec</load_address>
         <run_address>0x7ec</run_address>
         <size>0x6b</size>
         <input_file_ref idref="fl-3"/>
      </object_component>
      <object_component id="oc-16a">
         <name>.debug_line</name>
         <load_address>0x857</load_address>
         <run_address>0x857</run_address>
         <size>0x2d</size>
         <input_file_ref idref="fl-3"/>
      </object_component>
      <object_component id="oc-1fd">
         <name>.debug_line</name>
         <load_address>0x884</load_address>
         <run_address>0x884</run_address>
         <size>0x62</size>
         <input_file_ref idref="fl-4"/>
      </object_component>
      <object_component id="oc-1fb">
         <name>.debug_line</name>
         <load_address>0x8e6</load_address>
         <run_address>0x8e6</run_address>
         <size>0x2d</size>
         <input_file_ref idref="fl-4"/>
      </object_component>
      <object_component id="oc-1f9">
         <name>.debug_line</name>
         <load_address>0x913</load_address>
         <run_address>0x913</run_address>
         <size>0x2d</size>
         <input_file_ref idref="fl-4"/>
      </object_component>
      <object_component id="oc-1ff">
         <name>.debug_line</name>
         <load_address>0x940</load_address>
         <run_address>0x940</run_address>
         <size>0x2d</size>
         <input_file_ref idref="fl-4"/>
      </object_component>
      <object_component id="oc-201">
         <name>.debug_line</name>
         <load_address>0x96d</load_address>
         <run_address>0x96d</run_address>
         <size>0x2d</size>
         <input_file_ref idref="fl-4"/>
      </object_component>
      <object_component id="oc-203">
         <name>.debug_line</name>
         <load_address>0x99a</load_address>
         <run_address>0x99a</run_address>
         <size>0x2d</size>
         <input_file_ref idref="fl-4"/>
      </object_component>
      <object_component id="oc-205">
         <name>.debug_line</name>
         <load_address>0x9c7</load_address>
         <run_address>0x9c7</run_address>
         <size>0x2d</size>
         <input_file_ref idref="fl-4"/>
      </object_component>
      <object_component id="oc-e7">
         <name>.debug_line</name>
         <load_address>0x9f4</load_address>
         <run_address>0x9f4</run_address>
         <size>0x86c</size>
         <input_file_ref idref="fl-4"/>
      </object_component>
      <object_component id="oc-192">
         <name>.debug_line</name>
         <load_address>0x1260</load_address>
         <run_address>0x1260</run_address>
         <size>0x2d</size>
         <input_file_ref idref="fl-4"/>
      </object_component>
      <object_component id="oc-1b2">
         <name>.debug_line</name>
         <load_address>0x128d</load_address>
         <run_address>0x128d</run_address>
         <size>0x144</size>
         <input_file_ref idref="fl-5"/>
      </object_component>
      <object_component id="oc-1bb">
         <name>.debug_line</name>
         <load_address>0x13d1</load_address>
         <run_address>0x13d1</run_address>
         <size>0x31</size>
         <input_file_ref idref="fl-5"/>
      </object_component>
      <object_component id="oc-b4">
         <name>.debug_line</name>
         <load_address>0x1402</load_address>
         <run_address>0x1402</run_address>
         <size>0x21c</size>
         <input_file_ref idref="fl-5"/>
      </object_component>
      <object_component id="oc-1b8">
         <name>.debug_line</name>
         <load_address>0x161e</load_address>
         <run_address>0x161e</run_address>
         <size>0x2c</size>
         <input_file_ref idref="fl-5"/>
      </object_component>
      <object_component id="oc-207">
         <name>.debug_line</name>
         <load_address>0x164a</load_address>
         <run_address>0x164a</run_address>
         <size>0x20</size>
         <input_file_ref idref="fl-6"/>
      </object_component>
      <object_component id="oc-f2">
         <name>.debug_line</name>
         <load_address>0x166a</load_address>
         <run_address>0x166a</run_address>
         <size>0x39a</size>
         <input_file_ref idref="fl-6"/>
      </object_component>
      <object_component id="oc-174">
         <name>.debug_line</name>
         <load_address>0x1a04</load_address>
         <run_address>0x1a04</run_address>
         <size>0xdd</size>
         <input_file_ref idref="fl-8"/>
      </object_component>
      <object_component id="oc-1b4">
         <name>.debug_line</name>
         <load_address>0x1ae1</load_address>
         <run_address>0x1ae1</run_address>
         <size>0x56</size>
         <input_file_ref idref="fl-9"/>
      </object_component>
      <object_component id="oc-10b">
         <name>.debug_line</name>
         <load_address>0x1b37</load_address>
         <run_address>0x1b37</run_address>
         <size>0x165</size>
         <input_file_ref idref="fl-9"/>
      </object_component>
      <object_component id="oc-20a">
         <name>.debug_line</name>
         <load_address>0x1c9c</load_address>
         <run_address>0x1c9c</run_address>
         <size>0x3f</size>
         <input_file_ref idref="fl-a"/>
      </object_component>
      <object_component id="oc-f9">
         <name>.debug_line</name>
         <load_address>0x1cdb</load_address>
         <run_address>0x1cdb</run_address>
         <size>0x105</size>
         <input_file_ref idref="fl-a"/>
      </object_component>
      <object_component id="oc-c2">
         <name>.debug_line</name>
         <load_address>0x1de0</load_address>
         <run_address>0x1de0</run_address>
         <size>0x2e</size>
         <input_file_ref idref="fl-b"/>
      </object_component>
      <object_component id="oc-2f">
         <name>.debug_line</name>
         <load_address>0x1e0e</load_address>
         <run_address>0x1e0e</run_address>
         <size>0x1a0</size>
         <input_file_ref idref="fl-b"/>
      </object_component>
      <object_component id="oc-88">
         <name>.debug_line</name>
         <load_address>0x1fae</load_address>
         <run_address>0x1fae</run_address>
         <size>0x41</size>
         <input_file_ref idref="fl-c"/>
      </object_component>
      <object_component id="oc-31">
         <name>.debug_line</name>
         <load_address>0x1fef</load_address>
         <run_address>0x1fef</run_address>
         <size>0x41</size>
         <input_file_ref idref="fl-c"/>
      </object_component>
      <object_component id="oc-29">
         <name>.debug_line</name>
         <load_address>0x2030</load_address>
         <run_address>0x2030</run_address>
         <size>0xa1</size>
         <input_file_ref idref="fl-c"/>
      </object_component>
      <object_component id="oc-1f6">
         <name>.debug_line</name>
         <load_address>0x20d1</load_address>
         <run_address>0x20d1</run_address>
         <size>0x20</size>
         <input_file_ref idref="fl-d"/>
      </object_component>
      <object_component id="oc-e0">
         <name>.debug_line</name>
         <load_address>0x20f1</load_address>
         <run_address>0x20f1</run_address>
         <size>0xec</size>
         <input_file_ref idref="fl-d"/>
      </object_component>
      <object_component id="oc-e9">
         <name>.debug_line</name>
         <load_address>0x21dd</load_address>
         <run_address>0x21dd</run_address>
         <size>0x52</size>
         <input_file_ref idref="fl-e"/>
      </object_component>
      <object_component id="oc-260">
         <name>.debug_line</name>
         <load_address>0x222f</load_address>
         <run_address>0x222f</run_address>
         <size>0x2d</size>
         <input_file_ref idref="fl-c8"/>
      </object_component>
      <object_component id="oc-118">
         <name>.debug_line</name>
         <load_address>0x225c</load_address>
         <run_address>0x225c</run_address>
         <size>0x4b</size>
         <input_file_ref idref="fl-c8"/>
      </object_component>
      <object_component id="oc-1c5">
         <name>.debug_line</name>
         <load_address>0x22a7</load_address>
         <run_address>0x22a7</run_address>
         <size>0x4b</size>
         <input_file_ref idref="fl-c8"/>
      </object_component>
      <object_component id="oc-1cc">
         <name>.debug_line</name>
         <load_address>0x22f2</load_address>
         <run_address>0x22f2</run_address>
         <size>0x3f</size>
         <input_file_ref idref="fl-c8"/>
      </object_component>
      <object_component id="oc-2f0">
         <name>.debug_line</name>
         <load_address>0x2331</load_address>
         <run_address>0x2331</run_address>
         <size>0x8f</size>
         <input_file_ref idref="fl-c8"/>
      </object_component>
      <object_component id="oc-1a6">
         <name>.debug_line</name>
         <load_address>0x23c0</load_address>
         <run_address>0x23c0</run_address>
         <size>0x8e</size>
         <input_file_ref idref="fl-c9"/>
      </object_component>
      <object_component id="oc-1ac">
         <name>.debug_line</name>
         <load_address>0x244e</load_address>
         <run_address>0x244e</run_address>
         <size>0x59</size>
         <input_file_ref idref="fl-ca"/>
      </object_component>
      <object_component id="oc-3f">
         <name>.debug_line</name>
         <load_address>0x24a7</load_address>
         <run_address>0x24a7</run_address>
         <size>0x88</size>
         <input_file_ref idref="fl-cb"/>
      </object_component>
      <object_component id="oc-1a1">
         <name>.debug_line</name>
         <load_address>0x252f</load_address>
         <run_address>0x252f</run_address>
         <size>0x4c</size>
         <input_file_ref idref="fl-cc"/>
      </object_component>
      <object_component id="oc-d9">
         <name>.debug_line</name>
         <load_address>0x257b</load_address>
         <run_address>0x257b</run_address>
         <size>0x90</size>
         <input_file_ref idref="fl-cd"/>
      </object_component>
      <object_component id="oc-54">
         <name>.debug_line</name>
         <load_address>0x260b</load_address>
         <run_address>0x260b</run_address>
         <size>0x4f</size>
         <input_file_ref idref="fl-cd"/>
      </object_component>
      <object_component id="oc-a0">
         <name>.debug_line</name>
         <load_address>0x265a</load_address>
         <run_address>0x265a</run_address>
         <size>0x34</size>
         <input_file_ref idref="fl-cd"/>
      </object_component>
      <object_component id="oc-d6">
         <name>.debug_line</name>
         <load_address>0x268e</load_address>
         <run_address>0x268e</run_address>
         <size>0x90</size>
         <input_file_ref idref="fl-cd"/>
      </object_component>
      <object_component id="oc-9b">
         <name>.debug_line</name>
         <load_address>0x271e</load_address>
         <run_address>0x271e</run_address>
         <size>0x20</size>
         <input_file_ref idref="fl-ce"/>
      </object_component>
      <object_component id="oc-1c">
         <name>.debug_line</name>
         <load_address>0x273e</load_address>
         <run_address>0x273e</run_address>
         <size>0x55</size>
         <input_file_ref idref="fl-ce"/>
      </object_component>
      <object_component id="oc-47">
         <name>.debug_line</name>
         <load_address>0x2793</load_address>
         <run_address>0x2793</run_address>
         <size>0x3a</size>
         <input_file_ref idref="fl-ce"/>
      </object_component>
      <object_component id="oc-98">
         <name>.debug_line</name>
         <load_address>0x27cd</load_address>
         <run_address>0x27cd</run_address>
         <size>0x90</size>
         <input_file_ref idref="fl-ce"/>
      </object_component>
      <object_component id="oc-d2">
         <name>.debug_line</name>
         <load_address>0x285d</load_address>
         <run_address>0x285d</run_address>
         <size>0x20</size>
         <input_file_ref idref="fl-cf"/>
      </object_component>
      <object_component id="oc-16">
         <name>.debug_line</name>
         <load_address>0x287d</load_address>
         <run_address>0x287d</run_address>
         <size>0xa9</size>
[...]
      </symbol>
      <symbol id="sm-246">
         <name>etherIsIp</name>
         <value>0x9c9</value>
         <object_component_ref idref="oc-e2"/>
      </symbol>
      <symbol id="sm-247">
         <name>ipAddress</name>
         <value>0x20002692</value>
         <object_component_ref idref="oc-17f"/>
      </symbol>
      <symbol id="sm-248">
         <name>etherSendPingResponse</name>
         <value>0xae9</value>
         <object_component_ref idref="oc-e2"/>
      </symbol>
      <symbol id="sm-249">
         <name>nextPacketLsb</name>
         <value>0x200026a8</value>
         <object_component_ref idref="oc-179"/>
      </symbol>
      <symbol id="sm-24a">
         <name>etherGetId</name>
         <value>0x1147</value>
         <object_component_ref idref="oc-e2"/>
      </symbol>
      <symbol id="sm-24b">
         <name>etherReadPhy</name>
         <value>0x3b3</value>
         <object_component_ref idref="oc-e2"/>
      </symbol>
      <symbol id="sm-24c">
         <name>etherCalcIpChecksum</name>
         <value>0x939</value>
         <object_component_ref idref="oc-e2"/>
      </symbol>
      <symbol id="sm-24d">
         <name>etherEnableDhcpMode</name>
         <value>0x115d</value>
         <object_component_ref idref="oc-e2"/>
      </symbol>
      <symbol id="sm-24e">
         <name>etherCsOn</name>
         <value>0x26d</value>
         <object_component_ref idref="oc-e2"/>
      </symbol>
      <symbol id="sm-24f">
         <name>etherWriteMemStart</name>
         <value>0x41f</value>
         <object_component_ref idref="oc-e2"/>
      </symbol>
      <symbol id="sm-250">
         <name>etherPutPacket</name>
         <value>0x791</value>
         <object_component_ref idref="oc-e2"/>
      </symbol>
      <symbol id="sm-251">
         <name>sequenceId</name>
         <value>0x200026aa</value>
         <object_component_ref idref="oc-179"/>
      </symbol>
      <symbol id="sm-2b5">
         <name>tcpState</name>
         <value>0x20002684</value>
      </symbol>
      <symbol id="sm-2b6">
         <name>initHw</name>
         <value>0x3541</value>
         <object_component_ref idref="oc-af"/>
      </symbol>
      <symbol id="sm-2b7">
         <name>displayConnectionInfo</name>
         <value>0x35bd</value>
         <object_component_ref idref="oc-af"/>
      </symbol>
      <symbol id="sm-2b8">
         <name>main</name>
         <value>0x32f9</value>
         <object_component_ref idref="oc-af"/>
      </symbol>
      <symbol id="sm-32c">
         <name>selectPinInterruptBothEdges</name>
         <value>0x307b</value>
         <object_component_ref idref="oc-ee"/>
      </symbol>
      <symbol id="sm-32d">
         <name>getPortValue</name>
         <value>0x3269</value>
         <object_component_ref idref="oc-ee"/>
      </symbol>
      <symbol id="sm-32e">
         <name>selectPinAnalogInput</name>
         <value>0x2d5f</value>
         <object_component_ref idref="oc-ee"/>
      </symbol>
      <symbol id="sm-32f">
         <name>selectPinPushPullOutput</name>
         <value>0x2c75</value>
         <object_component_ref idref="oc-ee"/>
      </symbol>
      <symbol id="sm-330">
         <name>selectPinInterruptHighLevel</name>
         <value>0x30d1</value>
         <object_component_ref idref="oc-ee"/>
      </symbol>
      <symbol id="sm-331">
         <name>selectPinInterruptFallingEdge</name>
         <value>0x302b</value>
         <object_component_ref idref="oc-ee"/>
      </symbol>
      <symbol id="sm-332">
         <name>selectPinOpenDrainOutput</name>
         <value>0x2cc3</value>
         <object_component_ref idref="oc-ee"/>
      </symbol>
      <symbol id="sm-333">
         <name>selectPinInterruptLowLevel</name>
         <value>0x310b</value>
         <object_component_ref idref="oc-ee"/>
      </symbol>
      <symbol id="sm-334">
         <name>setPortValue</name>
         <value>0x31e5</value>
         <object_component_ref idref="oc-ee"/>
      </symbol>
      <symbol id="sm-335">
         <name>enablePinInterrupt</name>
         <value>0x3145</value>
         <object_component_ref idref="oc-ee"/>
      </symbol>
      <symbol id="sm-336">
         <name>setPinAuxFunction</name>
         <value>0x2ec9</value>
         <object_component_ref idref="oc-ee"/>
      </symbol>
      <symbol id="sm-337">
         <name>enablePort</name>
         <value>0x2b39</value>
         <object_component_ref idref="oc-ee"/>
      </symbol>
      <symbol id="sm-338">
         <name>disablePinPulldown</name>
         <value>0x2ea1</value>
         <object_component_ref idref="oc-ee"/>
      </symbol>
      <symbol id="sm-339">
         <name>setPinCommitControl</name>
         <value>0x2daf</value>
         <object_component_ref idref="oc-ee"/>
      </symbol>
      <symbol id="sm-33a">
         <name>disablePort</name>
         <value>0x2bf5</value>
         <object_component_ref idref="oc-ee"/>
      </symbol>
      <symbol id="sm-33b">
         <name>disablePinInterrupt</name>
         <value>0x3169</value>
         <object_component_ref idref="oc-ee"/>
      </symbol>
      <symbol id="sm-33c">
         <name>enablePinPullup</name>
         <value>0x2e2b</value>
         <object_component_ref idref="oc-ee"/>
      </symbol>
      <symbol id="sm-33d">
         <name>getPinValue</name>
         <value>0x31b3</value>
         <object_component_ref idref="oc-ee"/>
      </symbol>
      <symbol id="sm-33e">
         <name>enablePinPulldown</name>
         <value>0x2e7d</value>
         <object_component_ref idref="oc-ee"/>
      </symbol>
      <symbol id="sm-33f">
         <name>disablePinPullup</name>
         <value>0x2e59</value>
         <object_component_ref idref="oc-ee"/>
      </symbol>
      <symbol id="sm-340">
         <name>selectPinDigitalInput</name>
         <value>0x2d11</value>
         <object_component_ref idref="oc-ee"/>
      </symbol>
      <symbol id="sm-341">
         <name>selectPinInterruptRisingEdge</name>
         <value>0x2fdb</value>
         <object_component_ref idref="oc-ee"/>
      </symbol>
      <symbol id="sm-342">
         <name>setPinValue</name>
         <value>0x318d</value>
         <object_component_ref idref="oc-ee"/>
      </symbol>
      <symbol id="sm-35f">
         <name>setSpi0Mode</name>
         <value>0x4d53</value>
         <object_component_ref idref="oc-170"/>
      </symbol>
      <symbol id="sm-360">
         <name>readSpi0Data</name>
         <value>0x4db9</value>
         <object_component_ref idref="oc-170"/>
      </symbol>
      <symbol id="sm-361">
         <name>writeSpi0Data</name>
         <value>0x4da1</value>
         <object_component_ref idref="oc-170"/>
      </symbol>
      <symbol id="sm-362">
         <name>initSpi0</name>
         <value>0x4c81</value>
         <object_component_ref idref="oc-170"/>
      </symbol>
      <symbol id="sm-363">
         <name>setSpi0BaudRate</name>
         <value>0x4d1d</value>
         <object_component_ref idref="oc-170"/>
      </symbol>
      <symbol id="sm-384">
         <name>tcpSendSynAck</name>
         <value>0x3859</value>
         <object_component_ref idref="oc-106"/>
      </symbol>
      <symbol id="sm-385">
         <name>tcpEstablished</name>
         <value>0x3a5b</value>
         <object_component_ref idref="oc-106"/>
      </symbol>
      <symbol id="sm-386">
         <name>tcpSynRecieved</name>
         <value>0x3a51</value>
         <object_component_ref idref="oc-106"/>
      </symbol>
      <symbol id="sm-387">
         <name>tcpListen</name>
         <value>0x3a4f</value>
         <object_component_ref idref="oc-106"/>
      </symbol>
      <symbol id="sm-388">
         <name>tcpAcknowledge</name>
         <value>0x3a5d</value>
         <object_component_ref idref="oc-106"/>
      </symbol>
      <symbol id="sm-389">
         <name>etherIsTcp</name>
         <value>0x39e9</value>
         <object_component_ref idref="oc-106"/>
      </symbol>
      <symbol id="sm-3ab">
         <name>parseFields</name>
         <value>0x4349</value>
         <object_component_ref idref="oc-f4"/>
      </symbol>
      <symbol id="sm-3ac">
         <name>getsUart0</name>
         <value>0x4251</value>
         <object_component_ref idref="oc-f4"/>
      </symbol>
      <symbol id="sm-3ee">
         <name>fn</name>
         <value>0x200025f4</value>
      </symbol>
      <symbol id="sm-3ef">
         <name>period</name>
         <value>0x2000261c</value>
      </symbol>
      <symbol id="sm-3f0">
         <name>ticks</name>
         <value>0x20002644</value>
      </symbol>
      <symbol id="sm-3f1">
         <name>reload</name>
         <value>0x2000266c</value>
      </symbol>
      <symbol id="sm-3f2">
         <name>initTimer</name>
         <value>0x3be5</value>
         <object_component_ref idref="oc-2a"/>
      </symbol>
      <symbol id="sm-3f3">
         <name>stopTimer</name>
         <value>0x3dcb</value>
         <object_component_ref idref="oc-2a"/>
      </symbol>
      <symbol id="sm-3f4">
         <name>startOneshotTimer</name>
         <value>0x3c85</value>
         <object_component_ref idref="oc-2a"/>
      </symbol>
      <symbol id="sm-3f5">
         <name>restartTimer</name>
         <value>0x3e31</value>
         <object_component_ref idref="oc-2a"/>
      </symbol>
      <symbol id="sm-3f6">
         <name>random32</name>
         <value>0x3f3b</value>
         <object_component_ref idref="oc-2a"/>
      </symbol>
      <symbol id="sm-3f7">
         <name>tickIsr</name>
         <value>0x3ec1</value>
         <object_component_ref idref="oc-2a"/>
      </symbol>
      <symbol id="sm-3f8">
         <name>startPeriodicTimer</name>
         <value>0x3d2f</value>
         <object_component_ref idref="oc-2a"/>
      </symbol>
      <symbol id="sm-414">
         <name>ResetISR</name>
         <value>0x5c23</value>
         <object_component_ref idref="oc-24"/>
      </symbol>
      <symbol id="sm-415">
         <name>g_pfnVectors</name>
         <value>0x0</value>
         <object_component_ref idref="oc-f"/>
      </symbol>
      <symbol id="sm-440">
         <name>getcUart0</name>
         <value>0x4c0d</value>
         <object_component_ref idref="oc-dc"/>
      </symbol>
      <symbol id="sm-441">
         <name>kbhitUart0</name>
         <value>0x4c21</value>
         <object_component_ref idref="oc-dc"/>
      </symbol>
      <symbol id="sm-442">
         <name>setUart0BaudRate</name>
         <value>0x4b99</value>
         <object_component_ref idref="oc-dc"/>
      </symbol>
      <symbol id="sm-443">
         <name>putsUart0</name>
         <value>0x4be1</value>
         <object_component_ref idref="oc-dc"/>
      </symbol>
      <symbol id="sm-444">
         <name>initUart0</name>
         <value>0x4b05</value>
         <object_component_ref idref="oc-dc"/>
      </symbol>
      <symbol id="sm-445">
         <name>putcUart0</name>
         <value>0x4bc5</value>
         <object_component_ref idref="oc-dc"/>
      </symbol>
      <symbol id="sm-453">
         <name>waitMicrosecond</name>
         <value>0x5b23</value>
         <object_component_ref idref="oc-e8"/>
      </symbol>
      <symbol id="sm-47a">
         <name>sprintf</name>
         <value>0x5a41</value>
         <object_component_ref idref="oc-115"/>
      </symbol>
      <symbol id="sm-485">
         <name>__aeabi_dmul</name>
         <value>0x5289</value>
         <object_component_ref idref="oc-1a5"/>
      </symbol>
      <symbol id="sm-48f">
         <name>__aeabi_d2uiz</name>
         <value>0x59fd</value>
         <object_component_ref idref="oc-1aa"/>
      </symbol>
      <symbol id="sm-4aa">
         <name>memcpy</name>
         <value>0x5437</value>
         <object_component_ref idref="oc-3e"/>
      </symbol>
      <symbol id="sm-4ab">
         <name>__aeabi_memcpy</name>
         <value>0x5437</value>
         <object_component_ref idref="oc-3e"/>
      </symbol>
      <symbol id="sm-4ac">
         <name>__aeabi_memcpy8</name>
         <value>0x5437</value>
         <object_component_ref idref="oc-3e"/>
      </symbol>
      <symbol id="sm-4ad">
         <name>__aeabi_memcpy4</name>
         <value>0x5437</value>
         <object_component_ref idref="oc-3e"/>
      </symbol>
      <symbol id="sm-4b7">
         <name>__aeabi_ui2d</name>
         <value>0x5b47</value>
         <object_component_ref idref="oc-1a0"/>
      </symbol>
      <symbol id="sm-4ce">
         <name>__TI_zero_init</name>
         <value>0x5c17</value>
         <object_component_ref idref="oc-50"/>
      </symbol>
      <symbol id="sm-4e5">
         <name>__TI_decompress_none</name>
         <value>0x5c09</value>
         <object_component_ref idref="oc-18"/>
      </symbol>
      <symbol id="sm-508">
         <name>__TI_decompress_lzss</name>
         <value>0x575d</value>
         <object_component_ref idref="oc-12"/>
      </symbol>
      <symbol id="sm-517">
         <name>strcmp</name>
         <value>0x5bb5</value>
         <object_component_ref idref="oc-fa"/>
      </symbol>
      <symbol id="sm-52a">
         <name>__stack</name>
         <value>0x20000000</value>
         <object_component_ref idref="oc-21"/>
      </symbol>
      <symbol id="sm-52b">
         <name>_c_int00_noargs</name>
         <value>0x5ac1</value>
         <object_component_ref idref="oc-5c"/>
      </symbol>
      <symbol id="sm-690">
         <name>__TI_printfi</name>
         <value>0x20e9</value>
         <object_component_ref idref="oc-1bc"/>
      </symbol>
      <symbol id="sm-6a7">
         <name>__aeabi_dsub</name>
         <value>0x494d</value>
         <object_component_ref idref="oc-2aa"/>
      </symbol>
      <symbol id="sm-6a8">
         <name>__aeabi_dadd</name>
         <value>0x4957</value>
         <object_component_ref idref="oc-2aa"/>
      </symbol>
      <symbol id="sm-6ca">
         <name>__aeabi_cdcmpeq</name>
         <value>0x5569</value>
         <object_component_ref idref="oc-222"/>
      </symbol>
      <symbol id="sm-6cb">
         <name>__aeabi_cdcmple</name>
         <value>0x5569</value>
         <object_component_ref idref="oc-222"/>
      </symbol>
      <symbol id="sm-6cc">
         <name>__aeabi_cdrcmple</name>
         <value>0x55ef</value>
         <object_component_ref idref="oc-295"/>
      </symbol>
      <symbol id="sm-6e0">
         <name>__aeabi_ddiv</name>
         <value>0x4f1d</value>
         <object_component_ref idref="oc-290"/>
      </symbol>
      <symbol id="sm-6ea">
         <name>__aeabi_d2iz</name>
         <value>0x5971</value>
         <object_component_ref idref="oc-29a"/>
      </symbol>
      <symbol id="sm-6f4">
         <name>__aeabi_i2d</name>
         <value>0x5af5</value>
         <object_component_ref idref="oc-2a5"/>
      </symbol>
      <symbol id="sm-701">
         <name>__aeabi_uldivmod</name>
         <value>0x54d3</value>
         <object_component_ref idref="oc-289"/>
      </symbol>
      <symbol id="sm-710">
         <name>__aeabi_memset</name>
         <value>0x5677</value>
         <object_component_ref idref="oc-a3"/>
      </symbol>
      <symbol id="sm-711">
         <name>memset</name>
         <value>0x567d</value>
         <object_component_ref idref="oc-a3"/>
      </symbol>
      <symbol id="sm-712">
         <name>__aeabi_memset8</name>
         <value>0x5677</value>
         <object_component_ref idref="oc-a3"/>
      </symbol>
      <symbol id="sm-713">
         <name>__aeabi_memset4</name>
         <value>0x5677</value>
         <object_component_ref idref="oc-a3"/>
      </symbol>
      <symbol id="sm-714">
         <name>__aeabi_memclr8</name>
         <value>0x5675</value>
         <object_component_ref idref="oc-a3"/>
      </symbol>
      <symbol id="sm-715">
         <name>__aeabi_memclr4</name>
         <value>0x5675</value>
         <object_component_ref idref="oc-a3"/>
      </symbol>
      <symbol id="sm-716">
         <name>__aeabi_memclr</name>
         <value>0x5675</value>
         <object_component_ref idref="oc-a3"/>
      </symbol>
      <symbol id="sm-73e">
         <name>__TI_auto_init_nobinit_nopinit</name>
         <value>0x59b9</value>
         <object_component_ref idref="oc-12e"/>
      </symbol>
      <symbol id="sm-748">
         <name>_system_pre_init</name>
         <value>0x5c41</value>
         <object_component_ref idref="oc-a9"/>
      </symbol>
      <symbol id="sm-754">
         <name>C$$EXIT</name>
         <value>0x5c45</value>
         <object_component_ref idref="oc-122"/>
      </symbol>
      <symbol id="sm-755">
         <name>abort</name>
         <value>0x5c45</value>
         <object_component_ref idref="oc-122"/>
      </symbol>
      <symbol id="sm-76d">
         <name>atoi</name>
         <value>0x5925</value>
         <object_component_ref idref="oc-216"/>
      </symbol>
      <symbol id="sm-778">
         <name>_ctypes_</name>
         <value>0x5c48</value>
         <object_component_ref idref="oc-284"/>
      </symbol>
      <symbol id="sm-787">
         <name>ltoa</name>
         <value>0x587f</value>
         <object_component_ref idref="oc-29f"/>
      </symbol>
      <symbol id="sm-797">
         <name>memccpy</name>
         <value>0x5b67</value>
         <object_component_ref idref="oc-23f"/>
      </symbol>
      <symbol id="sm-7a7">
         <name>strchr</name>
         <value>0x5bcd</value>
         <object_component_ref idref="oc-2d6"/>
      </symbol>
      <symbol id="sm-7b5">
         <name>strlen</name>
         <value>0x5be3</value>
         <object_component_ref idref="oc-210"/>
      </symbol>
      <symbol id="sm-7cb">
         <name>__aeabi_errno_addr</name>
         <value>0x5c39</value>
         <object_component_ref idref="oc-24b"/>
      </symbol>
      <symbol id="sm-7cc">
         <name>errno</name>
         <value>0x200026a4</value>
         <object_component_ref idref="oc-2e6"/>
      </symbol>
      <symbol id="sm-7e5">
         <name>wcslen</name>
         <value>0x5bf7</value>
         <object_component_ref idref="oc-245"/>
      </symbol>
      <symbol id="sm-805">
         <name>frexpl</name>
         <value>0x57c5</value>
         <object_component_ref idref="oc-2ca"/>
      </symbol>
      <symbol id="sm-806">
         <name>frexp</name>
         <value>0x57c5</value>
         <object_component_ref idref="oc-2ca"/>
      </symbol>
      <symbol id="sm-823">
         <name>scalbn</name>
         <value>0x5179</value>
         <object_component_ref idref="oc-2d0"/>
      </symbol>
      <symbol id="sm-824">
         <name>scalbnl</name>
         <value>0x5179</value>
         <object_component_ref idref="oc-2d0"/>
      </symbol>
      <symbol id="sm-825">
         <name>ldexpl</name>
         <value>0x5179</value>
         <object_component_ref idref="oc-2d0"/>
      </symbol>
      <symbol id="sm-826">
         <name>ldexp</name>
         <value>0x5179</value>
         <object_component_ref idref="oc-2d0"/>
      </symbol>
      <symbol id="sm-830">
         <name>__aeabi_idiv0</name>
         <value>0x2b37</value>
         <object_component_ref idref="oc-312"/>
      </symbol>
      <symbol id="sm-831">
         <name>__aeabi_ldiv0</name>
         <value>0x2b37</value>
         <object_component_ref idref="oc-312"/>
      </symbol>
      <symbol id="sm-83b">
         <name>copysign</name>
         <value>0x5b83</value>
         <object_component_ref idref="oc-32a"/>
      </symbol>
      <symbol id="sm-83c">
         <name>copysignl</name>
         <value>0x5b83</value>
         <object_component_ref idref="oc-32a"/>
      </symbol>
      <symbol id="sm-83d">
         <name>__TI_static_base__</name>
         <value>0x0</value>
      </symbol>
      <symbol id="sm-840">
         <name>__mpu_init</name>
         <value>0x0</value>
      </symbol>
      <symbol id="sm-841">
         <name>_system_post_cinit</name>
         <value>0x0</value>
      </symbol>
   </symbol_table>
   <title>Link successful</title>
</link_info>
