******************************************************************************
                  TI ARM Linker PC v18.12.4                    
******************************************************************************
>> Linked Thu Apr 30 00:01:50 2020

OUTPUT FILE NAME:   <Project1_improved.out>
ENTRY POINT SYMBOL: "_c_int00_noargs"  address: 000054ad


MEMORY CONFIGURATION

         name            origin    length      used     unused   attr    fill
----------------------  --------  ---------  --------  --------  ----  --------
  FLASH                 00000000   00040000  000057ca  0003a836  R  X
  SRAM                  20000000   00008000  000026a4  0000595c  RW X


SEGMENT ALLOCATION MAP

run origin  load origin   length   init length attrs members
----------  ----------- ---------- ----------- ----- -------
00000000    00000000    000057d0   000057d0    r-x
  00000000    00000000    0000026c   0000026c    r-- .intvecs
  0000026c    0000026c    000053c8   000053c8    r-x .text
  00005634    00005634    0000015e   0000015e    r-- .const
  00005798    00005798    00000038   00000038    r-- .cinit
20000000    20000000    000026a7   00000000    rw-
  20000000    20000000    00002000   00000000    rw- .stack
  20002000    20002000    00000685   00000000    rw- .bss
  20002688    20002688    0000001f   00000000    rw- .data


SECTION ALLOCATION MAP

 output                                  attributes/
section   page    origin      length       input sections
--------  ----  ----------  ----------   ----------------
.intvecs   0    00000000    0000026c     
                  00000000    0000026c     tm4c123gh6pm_startup_ccs.obj (.intvecs)

.text      0    0000026c    000053c8     
                  0000026c    00001190     eth0.obj (.text)
                  000013fc    00000b9c     dhcp.obj (.text)
                  00001f98    00000a4e     rtsv7M4_T_le_v4SPD16_eabi.lib : _printfi.c.obj (.text:__TI_printfi)
                  000029e6    00000002                                   : div0.asm.obj (.text)
                  000029e8    000007c0     gpio.obj (.text)
                  000031a8    00000440     ethernet.obj (.text)
                  000035e8    00000374     timer.obj (.text)
                  0000395c    000002e0     commands.obj (.text)
                  00003c3c    000002ba     terminal.obj (.text)
                  00003ef6    00000002     --HOLE-- [fill = 0]
                  00003ef8    00000270     rtsv7M4_T_le_v4SPD16_eabi.lib : _printfi.c.obj (.text:_pconv_a)
                  00004168    000001d0                                   : _printfi.c.obj (.text:_pconv_g)
                  00004338    000001b6                                   : fd_add_t2.asm.obj (.text)
                  000044ee    00000002     --HOLE-- [fill = 0]
                  000044f0    0000017c     uart0.obj (.text)
                  0000466c    00000160     spi0.obj (.text)
                  000047cc    0000013c     rtsv7M4_T_le_v4SPD16_eabi.lib : _printfi.c.obj (.text:_pconv_e)
                  00004908    00000136                                   : fd_div_t2.asm.obj (.text)
                  00004a3e    00000002     --HOLE-- [fill = 0]
                  00004a40    00000124                                   : _printfi.c.obj (.text:fcvt)
                  00004b64    00000110                                   : s_scalbn.c.obj (.text:scalbn)
                  00004c74    000000fc                                   : fd_mul_t2.asm.obj (.text)
                  00004d70    000000b1                                   : _printfi.c.obj (.text:_ltostr)
                  00004e21    00000001     --HOLE-- [fill = 0]
                  00004e22    0000009c                                   : memcpy_t2.asm.obj (.text)
                  00004ebe    00000096                                   : ull_div_t2.asm.obj (.text)
                  00004f54    00000086                                   : fd_cmp_t2.asm.obj (.text:__aeabi_cdcmple)
                  00004fda    00000086                                   : fd_cmp_t2.asm.obj (.text:__aeabi_cdrcmple)
                  00005060    0000007a                                   : memset_t2.asm.obj (.text)
                  000050da    0000006e                                   : _printfi.c.obj (.text:_mcpy)
                  00005148    00000068                                   : copy_decompress_lzss.c.obj (.text:decompress:lzss:__TI_decompress_lzss)
                  000051b0    00000064                                   : s_frexp.c.obj (.text:frexp)
                  00005214    00000056                                   : _printfi.c.obj (.text:_pconv_f)
                  0000526a    00000054                                   : ltoa.c.obj (.text:ltoa)
                  000052be    00000052                                   : _printfi.c.obj (.text:_ecpy)
                  00005310    0000004c                                   : atoi.c.obj (.text:atoi)
                  0000535c    00000048                                   : fd_toi_t2.asm.obj (.text)
                  000053a4    00000044                                   : autoinit.c.obj (.text:__TI_auto_init_nobinit_nopinit:__TI_auto_init_nobinit_nopinit)
                  000053e8    00000044                                   : fd_tou_t2.asm.obj (.text)
                  0000542c    00000040                                   : sprintf.c.obj (.text:sprintf)
                  0000546c    0000003e                                   : _printfi.c.obj (.text:_fcpy)
                  000054aa    00000002     --HOLE-- [fill = 0]
                  000054ac    00000034                                   : boot_cortex_m.c.obj (.text:_c_int00_noargs:_c_int00_noargs)
                  000054e0    0000002e                                   : i_tofd_t2.asm.obj (.text)
                  0000550e    00000024     wait.obj (.text)
                  00005532    00000020     rtsv7M4_T_le_v4SPD16_eabi.lib : u_tofd_t2.asm.obj (.text)
                  00005552    0000001c                                   : memccpy.c.obj (.text:memccpy)
                  0000556e    0000001a                                   : s_copysign.c.obj (.text:copysign)
                  00005588    00000018                                   : sprintf.c.obj (.text:_outs)
                  000055a0    00000018                                   : strcmp.c.obj (.text:strcmp)
                  000055b8    00000016                                   : strchr.c.obj (.text:strchr)
                  000055ce    00000014                                   : strlen.c.obj (.text:strlen)
                  000055e2    00000012                                   : wcslen.c.obj (.text:wcslen)
                  000055f4    0000000e                                   : copy_decompress_none.c.obj (.text:decompress:none:__TI_decompress_none)
                  00005602    0000000c                                   : copy_zero_init.c.obj (.text:decompress:ZI:__TI_zero_init)
                  0000560e    0000000c     tm4c123gh6pm_startup_ccs.obj (.text)
                  0000561a    0000000a     rtsv7M4_T_le_v4SPD16_eabi.lib : sprintf.c.obj (.text:_outc)
                  00005624    00000008                                   : errno.c.obj (.text:__aeabi_errno_addr)
                  0000562c    00000004                                   : pre_init.c.obj (.text:_system_pre_init)
                  00005630    00000004                                   : exit.c.obj (.text:abort:abort)

.const     0    00005634    0000015e     
                  00005634    00000101     rtsv7M4_T_le_v4SPD16_eabi.lib : ctype.c.obj (.const:.string:_ctypes_)
                  00005735    0000005d     ethernet.obj (.const:$P$T0$1)

.cinit     0    00005798    00000038     
                  00005798    00000014     (.cinit..data.load) [load image, compression = lzss]
                  000057ac    0000000c     (__TI_handler_table)
                  000057b8    00000008     (.cinit..bss.load) [load image, compression = zero_init]
                  000057c0    00000010     (__TI_cinit_table)

.init_array 
*          0    00000000    00000000     UNINITIALIZED

.bss       0    20002000    00000685     UNINITIALIZED
                  20002000    000005f4     (.common:data)
                  200025f4    00000028     (.common:fn)
                  2000261c    00000028     (.common:period)
                  20002644    00000028     (.common:ticks)
                  2000266c    0000000c     (.common:reload)
                  20002678    00000004     (.common:dhcpLeaseTime)
                  2000267c    00000004     (.common:dhcpState)
                  20002680    00000004     (.common:sum)
                  20002684    00000001     (.common:dhcpEnabled)

.data      0    20002688    0000001f     UNINITIALIZED
                  20002688    00000006     eth0.obj (.data:macAddress)
                  2000268e    00000004     eth0.obj (.data:ipAddress)
                  20002692    00000004     eth0.obj (.data:ipDnsAddress)
                  20002696    00000004     eth0.obj (.data:ipGwAddress)
                  2000269a    00000004     eth0.obj (.data:ipSubnetMask)
                  2000269e    00000002     --HOLE--
                  200026a0    00000004     rtsv7M4_T_le_v4SPD16_eabi.lib : errno.c.obj (.data)
                  200026a4    00000003     eth0.obj (.data)

.stack     0    20000000    00002000     UNINITIALIZED
                  20000000    00000004     rtsv7M4_T_le_v4SPD16_eabi.lib : boot_cortex_m.c.obj (.stack)
                  20000004    00001ffc     --HOLE--

MODULE SUMMARY

       Module                         code    ro data   rw data
       ------                         ----    -------   -------
    .\
       eth0.obj                       4496    0         25     
       dhcp.obj                       2972    0         5      
       commands.obj                   736     0         1532   
       gpio.obj                       1984    0         0      
       ethernet.obj                   1088    93        0      
       timer.obj                      884     0         132    
       terminal.obj                   698     0         0      
       tm4c123gh6pm_startup_ccs.obj   12      620       0      
       uart0.obj                      380     0         0      
       spi0.obj                       352     0         0      
       wait.obj                       36      0         0      
    +--+------------------------------+-------+---------+---------+
       Total:                         13638   713       1694   
                                                               
    C:\ti\ccs930\ccs\tools\compiler\ti-cgt-arm_18.12.4.LTS\lib\rtsv7M4_T_le_v4SPD16_eabi.lib
       _printfi.c.obj                 4851    0         0      
       fd_add_t2.asm.obj              438     0         0      
       fd_div_t2.asm.obj              310     0         0      
       s_scalbn.c.obj                 272     0         0      
       fd_cmp_t2.asm.obj              268     0         0      
       ctype.c.obj                    0       257       0      
       fd_mul_t2.asm.obj              252     0         0      
       memcpy_t2.asm.obj              156     0         0      
       ull_div_t2.asm.obj             150     0         0      
       memset_t2.asm.obj              122     0         0      
       copy_decompress_lzss.c.obj     104     0         0      
       s_frexp.c.obj                  100     0         0      
       sprintf.c.obj                  98      0         0      
       ltoa.c.obj                     84      0         0      
       atoi.c.obj                     76      0         0      
       fd_toi_t2.asm.obj              72      0         0      
       autoinit.c.obj                 68      0         0      
       fd_tou_t2.asm.obj              68      0         0      
       boot_cortex_m.c.obj            52      0         0      
       i_tofd_t2.asm.obj              46      0         0      
       u_tofd_t2.asm.obj              32      0         0      
       memccpy.c.obj                  28      0         0      
       s_copysign.c.obj               26      0         0      
       strcmp.c.obj                   24      0         0      
       strchr.c.obj                   22      0         0      
       strlen.c.obj                   20      0         0      
       wcslen.c.obj                   18      0         0      
       copy_decompress_none.c.obj     14      0         0      
       copy_zero_init.c.obj           12      0         0      
       errno.c.obj                    8       0         4      
       exit.c.obj                     4       0         0      
       pre_init.c.obj                 4       0         0      
       div0.asm.obj                   2       0         0      
    +--+------------------------------+-------+---------+---------+
       Total:                         7801    257       4      
                                                               
       Stack:                         0       0         8192   
       Linker Generated:              0       56        0      
    +--+------------------------------+-------+---------+---------+
       Grand Total:                   21439   1026      9890   


LINKER GENERATED COPY TABLES

__TI_cinit_table @ 000057c0 records: 2, size/record: 8, table size: 16
	.data: load addr=00005798, load size=00000014 bytes, run addr=20002688, run size=0000001f bytes, compression=lzss
	.bss: load addr=000057b8, load size=00000008 bytes, run addr=20002000, run size=00000685 bytes, compression=zero_init


LINKER GENERATED HANDLER TABLE

__TI_handler_table @ 000057ac records: 3, size/record: 4, table size: 12
	index: 0, handler: __TI_decompress_lzss
	index: 1, handler: __TI_decompress_none
	index: 2, handler: __TI_zero_init


GLOBAL SYMBOLS: SORTED ALPHABETICALLY BY Name 

address   name                          
-------   ----                          
00005631  C$$EXIT                       
0000560f  ResetISR                      
20002000  __STACK_END                   
00002000  __STACK_SIZE                  
20000200  __STACK_TOP                   
000057c0  __TI_CINIT_Base               
000057d0  __TI_CINIT_Limit              
000057ac  __TI_Handler_Table_Base       
000057b8  __TI_Handler_Table_Limit      
000053a5  __TI_auto_init_nobinit_nopinit
00005149  __TI_decompress_lzss          
000055f5  __TI_decompress_none          
ffffffff  __TI_pprof_out_hndl           
00001f99  __TI_printfi                  
ffffffff  __TI_prof_data_size           
ffffffff  __TI_prof_data_start          
00000000  __TI_static_base__            
00005603  __TI_zero_init                
00004f55  __aeabi_cdcmpeq               
00004f55  __aeabi_cdcmple               
00004fdb  __aeabi_cdrcmple              
0000535d  __aeabi_d2iz                  
000053e9  __aeabi_d2uiz                 
00004343  __aeabi_dadd                  
00004909  __aeabi_ddiv                  
00004c75  __aeabi_dmul                  
00004339  __aeabi_dsub                  
00005625  __aeabi_errno_addr            
000054e1  __aeabi_i2d                   
000029e7  __aeabi_idiv0                 
000029e7  __aeabi_ldiv0                 
00005061  __aeabi_memclr                
00005061  __aeabi_memclr4               
00005061  __aeabi_memclr8               
00004e23  __aeabi_memcpy                
00004e23  __aeabi_memcpy4               
00004e23  __aeabi_memcpy8               
00005063  __aeabi_memset                
00005063  __aeabi_memset4               
00005063  __aeabi_memset8               
00005533  __aeabi_ui2d                  
00004ebf  __aeabi_uldivmod              
ffffffff  __binit__                     
ffffffff  __c_args__                    
UNDEFED   __mpu_init                    
20000000  __stack                       
000054ad  _c_int00_noargs               
00005634  _ctypes_                      
UNDEFED   _system_post_cinit            
0000562d  _system_pre_init              
00005631  abort                         
00001a19  acceptDhcp                    
00005311  atoi                          
ffffffff  binit                         
00001d2b  callDiscover                  
00001d41  callRequest                   
0000556f  copysign                      
0000556f  copysignl                     
20002000  data                          
00001d8d  dhcpBound                     
20002684  dhcpEnabled                   
00001d51  dhcpInit                      
20002678  dhcpLeaseTime                 
00001deb  dhcpRebinding                 
00001dd5  dhcpRenew                     
00001d7f  dhcpRequesting                
00001d63  dhcpSelecting                 
2000267c  dhcpState                     
00003019  disablePinInterrupt           
00002d51  disablePinPulldown            
00002d09  disablePinPullup              
00002aa5  disablePort                   
000033b1  displayConnectionInfo         
00002ff5  enablePinInterrupt            
00002d2d  enablePinPulldown             
00002cdb  enablePinPullup               
000029e9  enablePort                    
200026a0  errno                         
00000939  etherCalcIpChecksum           
0000032b  etherClearReg                 
00000283  etherCsOff                    
0000026d  etherCsOn                     
00001119  etherDisableDhcpMode          
00001111  etherEnableDhcpMode           
000010fb  etherGetId                    
00001191  etherGetIpAddress             
000012e7  etherGetIpDnsAddress          
00001275  etherGetIpGatewayAddress      
00001203  etherGetIpSubnetMask          
00001363  etherGetMacAddress            
000006a5  etherGetPacket                
00000f09  etherGetUdpData               
00001107  etherIncId                    
00000477  etherInit                     
00000bd1  etherIsArpRequest             
0000065b  etherIsDataAvailable          
0000172b  etherIsDhcp                   
00001121  etherIsDhcpEnabled            
00000995  etherIsIp                     
00000a09  etherIsIpUnicast              
0000112d  etherIsIpValid                
00000641  etherIsLinkUp                 
00000675  etherIsOverflow               
00000a71  etherIsPingRequest            
00000e69  etherIsUdp                    
00000791  etherPutPacket                
0000045f  etherReadMem                  
0000044d  etherReadMemStart             
0000046f  etherReadMemStop              
000003b3  etherReadPhy                  
000002c5  etherReadReg                  
00000d57  etherSendArpRequest           
00000c7d  etherSendArpResponse          
00000ab9  etherSendPingResponse         
00000f35  etherSendUdpResponse          
0000035f  etherSetBank                  
00001153  etherSetIpAddress             
000012af  etherSetIpDnsAddress          
0000123d  etherSetIpGatewayAddress      
000011cb  etherSetIpSubnetMask          
00001321  etherSetMacAddress            
000002f7  etherSetReg                   
00000873  etherSumWords                 
00000431  etherWriteMem                 
0000041f  etherWriteMemStart            
00000445  etherWriteMemStop             
0000037b  etherWritePhy                 
00000291  etherWriteReg                 
00001a0f  flash                         
200025f4  fn                            
000051b1  frexp                         
000051b1  frexpl                        
00000000  g_pfnVectors                  
000008ed  getEtherChecksum              
00003063  getPinValue                   
00003119  getPortValue                  
000045f9  getcUart0                     
00003c3d  getsUart0                     
00000971  htons                         
00001ad9  ifconfig                      
0000334d  initHw                        
0000466d  initSpi0                      
000035e9  initTimer                     
000044f1  initUart0                     
2000268e  ipAddress                     
20002692  ipDnsAddress                  
20002696  ipGwAddress                   
2000269a  ipSubnetMask                  
0000460d  kbhitUart0                    
00004b65  ldexp                         
00004b65  ldexpl                        
0000526b  ltoa                          
20002688  macAddress                    
000031a9  main                          
000013fd  makeDhcpDiscoverPacket        
000017c7  makeDhcpRequestPacket         
00005553  memccpy                       
00004e23  memcpy                        
00005069  memset                        
200026a4  nextPacketLsb                 
200026a5  nextPacketMsb                 
00003d35  parseFields                   
2000261c  period                        
000045b1  putcUart0                     
000045cd  putsUart0                     
0000393f  random32                      
000047a5  readSpi0Data                  
2000266c  reload                        
00003835  restartTimer                  
0000395d  runCommands                   
00004b65  scalbn                        
00004b65  scalbnl                       
00002c0f  selectPinAnalogInput          
00002bc1  selectPinDigitalInput         
00002f2b  selectPinInterruptBothEdges   
00002edb  selectPinInterruptFallingEdge 
00002f81  selectPinInterruptHighLevel   
00002fbb  selectPinInterruptLowLevel    
00002e8b  selectPinInterruptRisingEdge  
00002b73  selectPinOpenDrainOutput      
00002b25  selectPinPushPullOutput       
200026a6  sequenceId                    
00002d79  setPinAuxFunction             
00002c5f  setPinCommitControl           
0000303d  setPinValue                   
00003095  setPortValue                  
00004709  setSpi0BaudRate               
0000473f  setSpi0Mode                   
00004585  setUart0BaudRate              
0000542d  sprintf                       
00003689  startOneshotTimer             
00003733  startPeriodicTimer            
000037cf  stopTimer                     
000055b9  strchr                        
000055a1  strcmp                        
000055cf  strlen                        
20002680  sum                           
00001cd7  t1_expired                    
00001ced  t2_expired                    
00001d03  t3_expired                    
000038c5  tickIsr                       
20002644  ticks                         
0000550f  waitMicrosecond               
000055e3  wcslen                        
0000478d  writeSpi0Data                 


GLOBAL SYMBOLS: SORTED BY Symbol Address 

address   name                          
-------   ----                          
00000000  __TI_static_base__            
00000000  g_pfnVectors                  
0000026d  etherCsOn                     
00000283  etherCsOff                    
00000291  etherWriteReg                 
000002c5  etherReadReg                  
000002f7  etherSetReg                   
0000032b  etherClearReg                 
0000035f  etherSetBank                  
0000037b  etherWritePhy                 
000003b3  etherReadPhy                  
0000041f  etherWriteMemStart            
00000431  etherWriteMem                 
00000445  etherWriteMemStop             
0000044d  etherReadMemStart             
0000045f  etherReadMem                  
0000046f  etherReadMemStop              
00000477  etherInit                     
00000641  etherIsLinkUp                 
0000065b  etherIsDataAvailable          
00000675  etherIsOverflow               
000006a5  etherGetPacket                
00000791  etherPutPacket                
00000873  etherSumWords                 
000008ed  getEtherChecksum              
00000939  etherCalcIpChecksum           
00000971  htons                         
00000995  etherIsIp                     
00000a09  etherIsIpUnicast              
00000a71  etherIsPingRequest            
00000ab9  etherSendPingResponse         
00000bd1  etherIsArpRequest             
00000c7d  etherSendArpResponse          
00000d57  etherSendArpRequest           
00000e69  etherIsUdp                    
00000f09  etherGetUdpData               
00000f35  etherSendUdpResponse          
000010fb  etherGetId                    
00001107  etherIncId                    
00001111  etherEnableDhcpMode           
00001119  etherDisableDhcpMode          
00001121  etherIsDhcpEnabled            
0000112d  etherIsIpValid                
00001153  etherSetIpAddress             
00001191  etherGetIpAddress             
000011cb  etherSetIpSubnetMask          
00001203  etherGetIpSubnetMask          
0000123d  etherSetIpGatewayAddress      
00001275  etherGetIpGatewayAddress      
000012af  etherSetIpDnsAddress          
000012e7  etherGetIpDnsAddress          
00001321  etherSetMacAddress            
00001363  etherGetMacAddress            
000013fd  makeDhcpDiscoverPacket        
0000172b  etherIsDhcp                   
000017c7  makeDhcpRequestPacket         
00001a0f  flash                         
00001a19  acceptDhcp                    
00001ad9  ifconfig                      
00001cd7  t1_expired                    
00001ced  t2_expired                    
00001d03  t3_expired                    
00001d2b  callDiscover                  
00001d41  callRequest                   
00001d51  dhcpInit                      
00001d63  dhcpSelecting                 
00001d7f  dhcpRequesting                
00001d8d  dhcpBound                     
00001dd5  dhcpRenew                     
00001deb  dhcpRebinding                 
00001f99  __TI_printfi                  
00002000  __STACK_SIZE                  
000029e7  __aeabi_idiv0                 
000029e7  __aeabi_ldiv0                 
000029e9  enablePort                    
00002aa5  disablePort                   
00002b25  selectPinPushPullOutput       
00002b73  selectPinOpenDrainOutput      
00002bc1  selectPinDigitalInput         
00002c0f  selectPinAnalogInput          
00002c5f  setPinCommitControl           
00002cdb  enablePinPullup               
00002d09  disablePinPullup              
00002d2d  enablePinPulldown             
00002d51  disablePinPulldown            
00002d79  setPinAuxFunction             
00002e8b  selectPinInterruptRisingEdge  
00002edb  selectPinInterruptFallingEdge 
00002f2b  selectPinInterruptBothEdges   
00002f81  selectPinInterruptHighLevel   
00002fbb  selectPinInterruptLowLevel    
00002ff5  enablePinInterrupt            
00003019  disablePinInterrupt           
0000303d  setPinValue                   
00003063  getPinValue                   
00003095  setPortValue                  
00003119  getPortValue                  
000031a9  main                          
0000334d  initHw                        
000033b1  displayConnectionInfo         
000035e9  initTimer                     
00003689  startOneshotTimer             
00003733  startPeriodicTimer            
000037cf  stopTimer                     
00003835  restartTimer                  
000038c5  tickIsr                       
0000393f  random32                      
0000395d  runCommands                   
00003c3d  getsUart0                     
00003d35  parseFields                   
00004339  __aeabi_dsub                  
00004343  __aeabi_dadd                  
000044f1  initUart0                     
00004585  setUart0BaudRate              
000045b1  putcUart0                     
000045cd  putsUart0                     
000045f9  getcUart0                     
0000460d  kbhitUart0                    
0000466d  initSpi0                      
00004709  setSpi0BaudRate               
0000473f  setSpi0Mode                   
0000478d  writeSpi0Data                 
000047a5  readSpi0Data                  
00004909  __aeabi_ddiv                  
00004b65  ldexp                         
00004b65  ldexpl                        
00004b65  scalbn                        
00004b65  scalbnl                       
00004c75  __aeabi_dmul                  
00004e23  __aeabi_memcpy                
00004e23  __aeabi_memcpy4               
00004e23  __aeabi_memcpy8               
00004e23  memcpy                        
00004ebf  __aeabi_uldivmod              
00004f55  __aeabi_cdcmpeq               
00004f55  __aeabi_cdcmple               
00004fdb  __aeabi_cdrcmple              
00005061  __aeabi_memclr                
00005061  __aeabi_memclr4               
00005061  __aeabi_memclr8               
00005063  __aeabi_memset                
00005063  __aeabi_memset4               
00005063  __aeabi_memset8               
00005069  memset                        
00005149  __TI_decompress_lzss          
000051b1  frexp                         
000051b1  frexpl                        
0000526b  ltoa                          
00005311  atoi                          
0000535d  __aeabi_d2iz                  
000053a5  __TI_auto_init_nobinit_nopinit
000053e9  __aeabi_d2uiz                 
0000542d  sprintf                       
000054ad  _c_int00_noargs               
000054e1  __aeabi_i2d                   
0000550f  waitMicrosecond               
00005533  __aeabi_ui2d                  
00005553  memccpy                       
0000556f  copysign                      
0000556f  copysignl                     
000055a1  strcmp                        
000055b9  strchr                        
000055cf  strlen                        
000055e3  wcslen                        
000055f5  __TI_decompress_none          
00005603  __TI_zero_init                
0000560f  ResetISR                      
00005625  __aeabi_errno_addr            
0000562d  _system_pre_init              
00005631  C$$EXIT                       
00005631  abort                         
00005634  _ctypes_                      
000057ac  __TI_Handler_Table_Base       
000057b8  __TI_Handler_Table_Limit      
000057c0  __TI_CINIT_Base               
000057d0  __TI_CINIT_Limit              
20000000  __stack                       
20000200  __STACK_TOP                   
20002000  __STACK_END                   
20002000  data                          
200025f4  fn                            
2000261c  period                        
20002644  ticks                         
2000266c  reload                        
20002678  dhcpLeaseTime                 
2000267c  dhcpState                     
20002680  sum                           
20002684  dhcpEnabled                   
20002688  macAddress                    
2000268e  ipAddress                     
20002692  ipDnsAddress                  
20002696  ipGwAddress                   
2000269a  ipSubnetMask                  
200026a0  errno                         
200026a4  nextPacketLsb                 
200026a5  nextPacketMsb                 
200026a6  sequenceId                    
ffffffff  __TI_pprof_out_hndl           
ffffffff  __TI_prof_data_size           
ffffffff  __TI_prof_data_start          
ffffffff  __binit__                     
ffffffff  __c_args__                    
ffffffff  binit                         
UNDEFED   __mpu_init                    
UNDEFED   _system_post_cinit            

[205 symbols]
