******************************************************************************
                  TI ARM Linker PC v18.12.4                    
******************************************************************************
>> Linked Wed Apr 29 03:53:32 2020

OUTPUT FILE NAME:   <Project1_improved.out>
ENTRY POINT SYMBOL: "_c_int00_noargs"  address: 00004e35


MEMORY CONFIGURATION

         name            origin    length      used     unused   attr    fill
----------------------  --------  ---------  --------  --------  ----  --------
  FLASH                 00000000   00040000  0000513a  0003aec6  R  X
  SRAM                  20000000   00008000  00002698  00005968  RW X


SEGMENT ALLOCATION MAP

run origin  load origin   length   init length attrs members
----------  ----------- ---------- ----------- ----- -------
00000000    00000000    00005140   00005140    r-x
  00000000    00000000    0000026c   0000026c    r-- .intvecs
  0000026c    0000026c    00004d30   00004d30    r-x .text
  00004f9c    00004f9c    0000015e   0000015e    r-- .const
  00005100    00005100    00000040   00000040    r-- .cinit
20000000    20000000    0000269b   00000000    rw-
  20000000    20000000    00002000   00000000    rw- .stack
  20002000    20002000    0000067d   00000000    rw- .bss
  20002680    20002680    0000001b   00000000    rw- .data


SECTION ALLOCATION MAP

 output                                  attributes/
section   page    origin      length       input sections
--------  ----  ----------  ----------   ----------------
.intvecs   0    00000000    0000026c     
                  00000000    0000026c     tm4c123gh6pm_startup_ccs.obj (.intvecs)

.text      0    0000026c    00004d30     
                  0000026c    00001110     eth0.obj (.text)
                  0000137c    00000a4e     rtsv7M4_T_le_v4SPD16_eabi.lib : _printfi.c.obj (.text:__TI_printfi)
                  00001dca    00000002                                   : div0.asm.obj (.text)
                  00001dcc    000007c0     gpio.obj (.text)
                  0000258c    00000634     dhcp.obj (.text)
                  00002bc0    00000430     ethernet.obj (.text)
                  00002ff0    00000338     timer.obj (.text)
                  00003328    000002e0     commands.obj (.text)
                  00003608    000002ba     terminal.obj (.text)
                  000038c2    00000002     --HOLE-- [fill = 0]
                  000038c4    00000270     rtsv7M4_T_le_v4SPD16_eabi.lib : _printfi.c.obj (.text:_pconv_a)
                  00003b34    000001d0                                   : _printfi.c.obj (.text:_pconv_g)
                  00003d04    000001b6                                   : fd_add_t2.asm.obj (.text)
                  00003eba    00000002     --HOLE-- [fill = 0]
                  00003ebc    0000017c     uart0.obj (.text)
                  00004038    00000160     spi0.obj (.text)
                  00004198    0000013c     rtsv7M4_T_le_v4SPD16_eabi.lib : _printfi.c.obj (.text:_pconv_e)
                  000042d4    00000136                                   : fd_div_t2.asm.obj (.text)
                  0000440a    00000002     --HOLE-- [fill = 0]
                  0000440c    00000124                                   : _printfi.c.obj (.text:fcvt)
                  00004530    00000110                                   : s_scalbn.c.obj (.text:scalbn)
                  00004640    000000fc                                   : fd_mul_t2.asm.obj (.text)
                  0000473c    000000b1                                   : _printfi.c.obj (.text:_ltostr)
                  000047ed    00000001     --HOLE-- [fill = 0]
                  000047ee    0000009c                                   : memcpy_t2.asm.obj (.text)
                  0000488a    00000096                                   : ull_div_t2.asm.obj (.text)
                  00004920    00000086                                   : fd_cmp_t2.asm.obj (.text:__aeabi_cdcmple)
                  000049a6    00000086                                   : fd_cmp_t2.asm.obj (.text:__aeabi_cdrcmple)
                  00004a2c    0000007a                                   : memset_t2.asm.obj (.text)
                  00004aa6    0000006e                                   : _printfi.c.obj (.text:_mcpy)
                  00004b14    00000068                                   : copy_decompress_lzss.c.obj (.text:decompress:lzss:__TI_decompress_lzss)
                  00004b7c    00000064                                   : s_frexp.c.obj (.text:frexp)
                  00004be0    00000056                                   : _printfi.c.obj (.text:_pconv_f)
                  00004c36    00000054                                   : ltoa.c.obj (.text:ltoa)
                  00004c8a    00000052                                   : _printfi.c.obj (.text:_ecpy)
                  00004cdc    0000004c                                   : atoi.c.obj (.text:atoi)
                  00004d28    00000048                                   : fd_toi_t2.asm.obj (.text)
                  00004d70    00000044                                   : autoinit.c.obj (.text:__TI_auto_init_nobinit_nopinit:__TI_auto_init_nobinit_nopinit)
                  00004db4    00000040                                   : sprintf.c.obj (.text:sprintf)
                  00004df4    0000003e                                   : _printfi.c.obj (.text:_fcpy)
                  00004e32    00000002     --HOLE-- [fill = 0]
                  00004e34    00000034                                   : boot_cortex_m.c.obj (.text:_c_int00_noargs:_c_int00_noargs)
                  00004e68    0000002e                                   : i_tofd_t2.asm.obj (.text)
                  00004e96    00000024     wait.obj (.text)
                  00004eba    0000001c     rtsv7M4_T_le_v4SPD16_eabi.lib : memccpy.c.obj (.text:memccpy)
                  00004ed6    0000001a                                   : s_copysign.c.obj (.text:copysign)
                  00004ef0    00000018                                   : sprintf.c.obj (.text:_outs)
                  00004f08    00000018                                   : strcmp.c.obj (.text:strcmp)
                  00004f20    00000016                                   : strchr.c.obj (.text:strchr)
                  00004f36    00000014                                   : strlen.c.obj (.text:strlen)
                  00004f4a    00000012                                   : wcslen.c.obj (.text:wcslen)
                  00004f5c    0000000e                                   : copy_decompress_none.c.obj (.text:decompress:none:__TI_decompress_none)
                  00004f6a    0000000c                                   : copy_zero_init.c.obj (.text:decompress:ZI:__TI_zero_init)
                  00004f76    0000000c     tm4c123gh6pm_startup_ccs.obj (.text)
                  00004f82    0000000a     rtsv7M4_T_le_v4SPD16_eabi.lib : sprintf.c.obj (.text:_outc)
                  00004f8c    00000008                                   : errno.c.obj (.text:__aeabi_errno_addr)
                  00004f94    00000004                                   : pre_init.c.obj (.text:_system_pre_init)
                  00004f98    00000004                                   : exit.c.obj (.text:abort:abort)

.const     0    00004f9c    0000015e     
                  00004f9c    00000101     rtsv7M4_T_le_v4SPD16_eabi.lib : ctype.c.obj (.const:.string:_ctypes_)
                  0000509d    0000005d     ethernet.obj (.const:$P$T0$1)

.cinit     0    00005100    00000040     
                  00005100    00000015     (.cinit..data.load) [load image, compression = lzss]
                  00005115    00000003     --HOLE-- [fill = 0]
                  00005118    0000000c     (__TI_handler_table)
                  00005124    00000004     --HOLE-- [fill = 0]
                  00005128    00000008     (.cinit..bss.load) [load image, compression = zero_init]
                  00005130    00000010     (__TI_cinit_table)

.init_array 
*          0    00000000    00000000     UNINITIALIZED

.bss       0    20002000    0000067d     UNINITIALIZED
                  20002000    000005f4     (.common:data)
                  200025f4    00000028     (.common:fn)
                  2000261c    00000028     (.common:period)
                  20002644    00000028     (.common:ticks)
                  2000266c    0000000c     (.common:reload)
                  20002678    00000004     (.common:sum)
                  2000267c    00000001     (.common:dhcpEnabled)

.data      0    20002680    0000001b     UNINITIALIZED
                  20002680    00000006     eth0.obj (.data:macAddress)
                  20002686    00000004     eth0.obj (.data:ipAddress)
                  2000268a    00000004     eth0.obj (.data:ipGwAddress)
                  2000268e    00000004     eth0.obj (.data:ipSubnetMask)
                  20002692    00000002     --HOLE--
                  20002694    00000004     rtsv7M4_T_le_v4SPD16_eabi.lib : errno.c.obj (.data)
                  20002698    00000003     eth0.obj (.data)

.stack     0    20000000    00002000     UNINITIALIZED
                  20000000    00000004     rtsv7M4_T_le_v4SPD16_eabi.lib : boot_cortex_m.c.obj (.stack)
                  20000004    00001ffc     --HOLE--

MODULE SUMMARY

       Module                         code    ro data   rw data
       ------                         ----    -------   -------
    .\
       eth0.obj                       4368    0         21     
       commands.obj                   736     0         1524   
       gpio.obj                       1984    0         0      
       dhcp.obj                       1588    0         5      
       ethernet.obj                   1072    93        0      
       timer.obj                      824     0         132    
       terminal.obj                   698     0         0      
       tm4c123gh6pm_startup_ccs.obj   12      620       0      
       uart0.obj                      380     0         0      
       spi0.obj                       352     0         0      
       wait.obj                       36      0         0      
    +--+------------------------------+-------+---------+---------+
       Total:                         12050   713       1682   
                                                               
    C:\ti\ccs930\ccs\tools\compiler\ti-cgt-arm_18.12.4.LTS\lib\rtsv7M4_T_le_v4SPD16_eabi.lib
       _printfi.c.obj                 4851    0         0      
       fd_add_t2.asm.obj              438     0         0      
       fd_div_t2.asm.obj              310     0         0      
       s_scalbn.c.obj                 272     0         0      
       fd_cmp_t2.asm.obj              268     0         0      
       ctype.c.obj                    0       257       0      
       fd_mul_t2.asm.obj              252     0         0      
       memcpy_t2.asm.obj              156     0         0      
       ull_div_t2.asm.obj             150     0         0      
       memset_t2.asm.obj              122     0         0      
       copy_decompress_lzss.c.obj     104     0         0      
       s_frexp.c.obj                  100     0         0      
       sprintf.c.obj                  98      0         0      
       ltoa.c.obj                     84      0         0      
       atoi.c.obj                     76      0         0      
       fd_toi_t2.asm.obj              72      0         0      
       autoinit.c.obj                 68      0         0      
       boot_cortex_m.c.obj            52      0         0      
       i_tofd_t2.asm.obj              46      0         0      
       memccpy.c.obj                  28      0         0      
       s_copysign.c.obj               26      0         0      
       strcmp.c.obj                   24      0         0      
       strchr.c.obj                   22      0         0      
       strlen.c.obj                   20      0         0      
       wcslen.c.obj                   18      0         0      
       copy_decompress_none.c.obj     14      0         0      
       copy_zero_init.c.obj           12      0         0      
       errno.c.obj                    8       0         4      
       exit.c.obj                     4       0         0      
       pre_init.c.obj                 4       0         0      
       div0.asm.obj                   2       0         0      
    +--+------------------------------+-------+---------+---------+
       Total:                         7701    257       4      
                                                               
       Stack:                         0       0         8192   
       Linker Generated:              0       57        0      
    +--+------------------------------+-------+---------+---------+
       Grand Total:                   19751   1027      9878   


LINKER GENERATED COPY TABLES

__TI_cinit_table @ 00005130 records: 2, size/record: 8, table size: 16
	.data: load addr=00005100, load size=00000015 bytes, run addr=20002680, run size=0000001b bytes, compression=lzss
	.bss: load addr=00005128, load size=00000008 bytes, run addr=20002000, run size=0000067d bytes, compression=zero_init


LINKER GENERATED HANDLER TABLE

__TI_handler_table @ 00005118 records: 3, size/record: 4, table size: 12
	index: 0, handler: __TI_decompress_lzss
	index: 1, handler: __TI_decompress_none
	index: 2, handler: __TI_zero_init


GLOBAL SYMBOLS: SORTED ALPHABETICALLY BY Name 

address   name                          
-------   ----                          
00004f99  C$$EXIT                       
00004f77  ResetISR                      
20002000  __STACK_END                   
00002000  __STACK_SIZE                  
20000200  __STACK_TOP                   
00005130  __TI_CINIT_Base               
00005140  __TI_CINIT_Limit              
00005118  __TI_Handler_Table_Base       
00005124  __TI_Handler_Table_Limit      
00004d71  __TI_auto_init_nobinit_nopinit
00004b15  __TI_decompress_lzss          
00004f5d  __TI_decompress_none          
ffffffff  __TI_pprof_out_hndl           
0000137d  __TI_printfi                  
ffffffff  __TI_prof_data_size           
ffffffff  __TI_prof_data_start          
00000000  __TI_static_base__            
00004f6b  __TI_zero_init                
00004921  __aeabi_cdcmpeq               
00004921  __aeabi_cdcmple               
000049a7  __aeabi_cdrcmple              
00004d29  __aeabi_d2iz                  
00003d0f  __aeabi_dadd                  
000042d5  __aeabi_ddiv                  
00004641  __aeabi_dmul                  
00003d05  __aeabi_dsub                  
00004f8d  __aeabi_errno_addr            
00004e69  __aeabi_i2d                   
00001dcb  __aeabi_idiv0                 
00001dcb  __aeabi_ldiv0                 
00004a2d  __aeabi_memclr                
00004a2d  __aeabi_memclr4               
00004a2d  __aeabi_memclr8               
000047ef  __aeabi_memcpy                
000047ef  __aeabi_memcpy4               
000047ef  __aeabi_memcpy8               
00004a2f  __aeabi_memset                
00004a2f  __aeabi_memset4               
00004a2f  __aeabi_memset8               
0000488b  __aeabi_uldivmod              
ffffffff  __binit__                     
ffffffff  __c_args__                    
UNDEFED   __mpu_init                    
20000000  __stack                       
00004e35  _c_int00_noargs               
00004f9c  _ctypes_                      
UNDEFED   _system_post_cinit            
00004f95  _system_pre_init              
00004f99  abort                         
00004cdd  atoi                          
ffffffff  binit                         
00004ed7  copysign                      
00004ed7  copysignl                     
20002000  data                          
2000267c  dhcpEnabled                   
000023fd  disablePinInterrupt           
00002135  disablePinPulldown            
000020ed  disablePinPullup              
00001e89  disablePort                   
00002d99  displayConnectionInfo         
000023d9  enablePinInterrupt            
00002111  enablePinPulldown             
000020bf  enablePinPullup               
00001dcd  enablePort                    
20002694  errno                         
00000939  etherCalcIpChecksum           
0000032b  etherClearReg                 
00000283  etherCsOff                    
0000026d  etherCsOn                     
00001119  etherDisableDhcpMode          
00001111  etherEnableDhcpMode           
000010fb  etherGetId                    
00001191  etherGetIpAddress             
00001275  etherGetIpGatewayAddress      
00001203  etherGetIpSubnetMask          
000012f1  etherGetMacAddress            
000006a5  etherGetPacket                
00000f09  etherGetUdpData               
00001107  etherIncId                    
00000477  etherInit                     
00000bd1  etherIsArpRequest             
0000065b  etherIsDataAvailable          
000028bb  etherIsDhcp                   
00001121  etherIsDhcpEnabled            
00000995  etherIsIp                     
00000a09  etherIsIpUnicast              
0000112d  etherIsIpValid                
00000641  etherIsLinkUp                 
00000675  etherIsOverflow               
00000a71  etherIsPingRequest            
00000e69  etherIsUdp                    
00000791  etherPutPacket                
0000045f  etherReadMem                  
0000044d  etherReadMemStart             
0000046f  etherReadMemStop              
000003b3  etherReadPhy                  
000002c5  etherReadReg                  
00000d57  etherSendArpRequest           
00000c7d  etherSendArpResponse          
00000ab9  etherSendPingResponse         
00000f35  etherSendUdpResponse          
0000035f  etherSetBank                  
00001153  etherSetIpAddress             
0000123d  etherSetIpGatewayAddress      
000011cb  etherSetIpSubnetMask          
000012af  etherSetMacAddress            
000002f7  etherSetReg                   
00000873  etherSumWords                 
00000431  etherWriteMem                 
0000041f  etherWriteMemStart            
00000445  etherWriteMemStop             
0000037b  etherWritePhy                 
00000291  etherWriteReg                 
00002b9f  flash                         
200025f4  fn                            
00004b7d  frexp                         
00004b7d  frexpl                        
00000000  g_pfnVectors                  
000008ed  getEtherChecksum              
00002447  getPinValue                   
000024fd  getPortValue                  
00003fc5  getcUart0                     
00003609  getsUart0                     
00000971  htons                         
00002d3f  initHw                        
00004039  initSpi0                      
00002f29  initState                     
00002ff1  initTimer                     
00003ebd  initUart0                     
20002686  ipAddress                     
2000268a  ipGwAddress                   
2000268e  ipSubnetMask                  
00003fd9  kbhitUart0                    
00004531  ldexp                         
00004531  ldexpl                        
00004c37  ltoa                          
20002680  macAddress                    
00002bc1  main                          
0000258d  makeDhcpDiscoverPacket        
00002957  makeDhcpRequestPacket         
00004ebb  memccpy                       
000047ef  memcpy                        
00004a35  memset                        
20002698  nextPacketLsb                 
20002699  nextPacketMsb                 
00003701  parseFields                   
2000261c  period                        
00003f7d  putcUart0                     
00003f99  putsUart0                     
000032eb  random32                      
00004171  readSpi0Data                  
2000266c  reload                        
00003203  restartTimer                  
00003329  runCommands                   
00004531  scalbn                        
00004531  scalbnl                       
00001ff3  selectPinAnalogInput          
00001fa5  selectPinDigitalInput         
0000230f  selectPinInterruptBothEdges   
000022bf  selectPinInterruptFallingEdge 
00002365  selectPinInterruptHighLevel   
0000239f  selectPinInterruptLowLevel    
0000226f  selectPinInterruptRisingEdge  
00001f57  selectPinOpenDrainOutput      
00001f09  selectPinPushPullOutput       
2000269a  sequenceId                    
0000215d  setPinAuxFunction             
00002043  setPinCommitControl           
00002421  setPinValue                   
00002479  setPortValue                  
000040d5  setSpi0BaudRate               
0000410b  setSpi0Mode                   
00003f51  setUart0BaudRate              
00004db5  sprintf                       
00003091  startOneshotTimer             
00003117  startPeriodicTimer            
0000319d  stopTimer                     
00004f21  strchr                        
00004f09  strcmp                        
00004f37  strlen                        
20002678  sum                           
00003271  tickIsr                       
20002644  ticks                         
00004e97  waitMicrosecond               
00004f4b  wcslen                        
00004159  writeSpi0Data                 


GLOBAL SYMBOLS: SORTED BY Symbol Address 

address   name                          
-------   ----                          
00000000  __TI_static_base__            
00000000  g_pfnVectors                  
0000026d  etherCsOn                     
00000283  etherCsOff                    
00000291  etherWriteReg                 
000002c5  etherReadReg                  
000002f7  etherSetReg                   
0000032b  etherClearReg                 
0000035f  etherSetBank                  
0000037b  etherWritePhy                 
000003b3  etherReadPhy                  
0000041f  etherWriteMemStart            
00000431  etherWriteMem                 
00000445  etherWriteMemStop             
0000044d  etherReadMemStart             
0000045f  etherReadMem                  
0000046f  etherReadMemStop              
00000477  etherInit                     
00000641  etherIsLinkUp                 
0000065b  etherIsDataAvailable          
00000675  etherIsOverflow               
000006a5  etherGetPacket                
00000791  etherPutPacket                
00000873  etherSumWords                 
000008ed  getEtherChecksum              
00000939  etherCalcIpChecksum           
00000971  htons                         
00000995  etherIsIp                     
00000a09  etherIsIpUnicast              
00000a71  etherIsPingRequest            
00000ab9  etherSendPingResponse         
00000bd1  etherIsArpRequest             
00000c7d  etherSendArpResponse          
00000d57  etherSendArpRequest           
00000e69  etherIsUdp                    
00000f09  etherGetUdpData               
00000f35  etherSendUdpResponse          
000010fb  etherGetId                    
00001107  etherIncId                    
00001111  etherEnableDhcpMode           
00001119  etherDisableDhcpMode          
00001121  etherIsDhcpEnabled            
0000112d  etherIsIpValid                
00001153  etherSetIpAddress             
00001191  etherGetIpAddress             
000011cb  etherSetIpSubnetMask          
00001203  etherGetIpSubnetMask          
0000123d  etherSetIpGatewayAddress      
00001275  etherGetIpGatewayAddress      
000012af  etherSetMacAddress            
000012f1  etherGetMacAddress            
0000137d  __TI_printfi                  
00001dcb  __aeabi_idiv0                 
00001dcb  __aeabi_ldiv0                 
00001dcd  enablePort                    
00001e89  disablePort                   
00001f09  selectPinPushPullOutput       
00001f57  selectPinOpenDrainOutput      
00001fa5  selectPinDigitalInput         
00001ff3  selectPinAnalogInput          
00002000  __STACK_SIZE                  
00002043  setPinCommitControl           
000020bf  enablePinPullup               
000020ed  disablePinPullup              
00002111  enablePinPulldown             
00002135  disablePinPulldown            
0000215d  setPinAuxFunction             
0000226f  selectPinInterruptRisingEdge  
000022bf  selectPinInterruptFallingEdge 
0000230f  selectPinInterruptBothEdges   
00002365  selectPinInterruptHighLevel   
0000239f  selectPinInterruptLowLevel    
000023d9  enablePinInterrupt            
000023fd  disablePinInterrupt           
00002421  setPinValue                   
00002447  getPinValue                   
00002479  setPortValue                  
000024fd  getPortValue                  
0000258d  makeDhcpDiscoverPacket        
000028bb  etherIsDhcp                   
00002957  makeDhcpRequestPacket         
00002b9f  flash                         
00002bc1  main                          
00002d3f  initHw                        
00002d99  displayConnectionInfo         
00002f29  initState                     
00002ff1  initTimer                     
00003091  startOneshotTimer             
00003117  startPeriodicTimer            
0000319d  stopTimer                     
00003203  restartTimer                  
00003271  tickIsr                       
000032eb  random32                      
00003329  runCommands                   
00003609  getsUart0                     
00003701  parseFields                   
00003d05  __aeabi_dsub                  
00003d0f  __aeabi_dadd                  
00003ebd  initUart0                     
00003f51  setUart0BaudRate              
00003f7d  putcUart0                     
00003f99  putsUart0                     
00003fc5  getcUart0                     
00003fd9  kbhitUart0                    
00004039  initSpi0                      
000040d5  setSpi0BaudRate               
0000410b  setSpi0Mode                   
00004159  writeSpi0Data                 
00004171  readSpi0Data                  
000042d5  __aeabi_ddiv                  
00004531  ldexp                         
00004531  ldexpl                        
00004531  scalbn                        
00004531  scalbnl                       
00004641  __aeabi_dmul                  
000047ef  __aeabi_memcpy                
000047ef  __aeabi_memcpy4               
000047ef  __aeabi_memcpy8               
000047ef  memcpy                        
0000488b  __aeabi_uldivmod              
00004921  __aeabi_cdcmpeq               
00004921  __aeabi_cdcmple               
000049a7  __aeabi_cdrcmple              
00004a2d  __aeabi_memclr                
00004a2d  __aeabi_memclr4               
00004a2d  __aeabi_memclr8               
00004a2f  __aeabi_memset                
00004a2f  __aeabi_memset4               
00004a2f  __aeabi_memset8               
00004a35  memset                        
00004b15  __TI_decompress_lzss          
00004b7d  frexp                         
00004b7d  frexpl                        
00004c37  ltoa                          
00004cdd  atoi                          
00004d29  __aeabi_d2iz                  
00004d71  __TI_auto_init_nobinit_nopinit
00004db5  sprintf                       
00004e35  _c_int00_noargs               
00004e69  __aeabi_i2d                   
00004e97  waitMicrosecond               
00004ebb  memccpy                       
00004ed7  copysign                      
00004ed7  copysignl                     
00004f09  strcmp                        
00004f21  strchr                        
00004f37  strlen                        
00004f4b  wcslen                        
00004f5d  __TI_decompress_none          
00004f6b  __TI_zero_init                
00004f77  ResetISR                      
00004f8d  __aeabi_errno_addr            
00004f95  _system_pre_init              
00004f99  C$$EXIT                       
00004f99  abort                         
00004f9c  _ctypes_                      
00005118  __TI_Handler_Table_Base       
00005124  __TI_Handler_Table_Limit      
00005130  __TI_CINIT_Base               
00005140  __TI_CINIT_Limit              
20000000  __stack                       
20000200  __STACK_TOP                   
20002000  __STACK_END                   
20002000  data                          
200025f4  fn                            
2000261c  period                        
20002644  ticks                         
2000266c  reload                        
20002678  sum                           
2000267c  dhcpEnabled                   
20002680  macAddress                    
20002686  ipAddress                     
2000268a  ipGwAddress                   
2000268e  ipSubnetMask                  
20002694  errno                         
20002698  nextPacketLsb                 
20002699  nextPacketMsb                 
2000269a  sequenceId                    
ffffffff  __TI_pprof_out_hndl           
ffffffff  __TI_prof_data_size           
ffffffff  __TI_prof_data_start          
ffffffff  __binit__                     
ffffffff  __c_args__                    
ffffffff  binit                         
UNDEFED   __mpu_init                    
UNDEFED   _system_post_cinit            

[186 symbols]
