******************************************************************************
                  TI ARM Linker PC v18.12.4                    
******************************************************************************
>> Linked Sat May  2 17:53:47 2020

OUTPUT FILE NAME:   <Project1_improved.out>
ENTRY POINT SYMBOL: "_c_int00_noargs"  address: 00005ac1


MEMORY CONFIGURATION

         name            origin    length      used     unused   attr    fill
----------------------  --------  ---------  --------  --------  ----  --------
  FLASH                 00000000   00040000  00005dde  0003a222  R  X
  SRAM                  20000000   00008000  000026a8  00005958  RW X


SEGMENT ALLOCATION MAP

run origin  load origin   length   init length attrs members
----------  ----------- ---------- ----------- ----- -------
00000000    00000000    00005de0   00005de0    r-x
  00000000    00000000    0000026c   0000026c    r-- .intvecs
  0000026c    0000026c    000059dc   000059dc    r-x .text
  00005c48    00005c48    0000015e   0000015e    r-- .const
  00005da8    00005da8    00000038   00000038    r-- .cinit
20000000    20000000    000026ab   00000000    rw-
  20000000    20000000    00002000   00000000    rw- .stack
  20002000    20002000    00000689   00000000    rw- .bss
  2000268c    2000268c    0000001f   00000000    rw- .data


SECTION ALLOCATION MAP

 output                                  attributes/
section   page    origin      length       input sections
--------  ----  ----------  ----------   ----------------
.intvecs   0    00000000    0000026c     
                  00000000    0000026c     tm4c123gh6pm_startup_ccs.obj (.intvecs)

.text      0    0000026c    000059dc     
                  0000026c    000011dc     eth0.obj (.text)
                  00001448    00000ca0     dhcp.obj (.text)
                  000020e8    00000a4e     rtsv7M4_T_le_v4SPD16_eabi.lib : _printfi.c.obj (.text:__TI_printfi)
                  00002b36    00000002                                   : div0.asm.obj (.text)
                  00002b38    000007c0     gpio.obj (.text)
                  000032f8    00000560     ethernet.obj (.text)
                  00003858    0000038c     tcp.obj (.text)
                  00003be4    00000374     timer.obj (.text)
                  00003f58    000002f8     commands.obj (.text)
                  00004250    000002ba     terminal.obj (.text)
                  0000450a    00000002     --HOLE-- [fill = 0]
                  0000450c    00000270     rtsv7M4_T_le_v4SPD16_eabi.lib : _printfi.c.obj (.text:_pconv_a)
                  0000477c    000001d0                                   : _printfi.c.obj (.text:_pconv_g)
                  0000494c    000001b6                                   : fd_add_t2.asm.obj (.text)
                  00004b02    00000002     --HOLE-- [fill = 0]
                  00004b04    0000017c     uart0.obj (.text)
                  00004c80    00000160     spi0.obj (.text)
                  00004de0    0000013c     rtsv7M4_T_le_v4SPD16_eabi.lib : _printfi.c.obj (.text:_pconv_e)
                  00004f1c    00000136                                   : fd_div_t2.asm.obj (.text)
                  00005052    00000002     --HOLE-- [fill = 0]
                  00005054    00000124                                   : _printfi.c.obj (.text:fcvt)
                  00005178    00000110                                   : s_scalbn.c.obj (.text:scalbn)
                  00005288    000000fc                                   : fd_mul_t2.asm.obj (.text)
                  00005384    000000b1                                   : _printfi.c.obj (.text:_ltostr)
                  00005435    00000001     --HOLE-- [fill = 0]
                  00005436    0000009c                                   : memcpy_t2.asm.obj (.text)
                  000054d2    00000096                                   : ull_div_t2.asm.obj (.text)
                  00005568    00000086                                   : fd_cmp_t2.asm.obj (.text:__aeabi_cdcmple)
                  000055ee    00000086                                   : fd_cmp_t2.asm.obj (.text:__aeabi_cdrcmple)
                  00005674    0000007a                                   : memset_t2.asm.obj (.text)
                  000056ee    0000006e                                   : _printfi.c.obj (.text:_mcpy)
                  0000575c    00000068                                   : copy_decompress_lzss.c.obj (.text:decompress:lzss:__TI_decompress_lzss)
                  000057c4    00000064                                   : s_frexp.c.obj (.text:frexp)
                  00005828    00000056                                   : _printfi.c.obj (.text:_pconv_f)
                  0000587e    00000054                                   : ltoa.c.obj (.text:ltoa)
                  000058d2    00000052                                   : _printfi.c.obj (.text:_ecpy)
                  00005924    0000004c                                   : atoi.c.obj (.text:atoi)
                  00005970    00000048                                   : fd_toi_t2.asm.obj (.text)
                  000059b8    00000044                                   : autoinit.c.obj (.text:__TI_auto_init_nobinit_nopinit:__TI_auto_init_nobinit_nopinit)
                  000059fc    00000044                                   : fd_tou_t2.asm.obj (.text)
                  00005a40    00000040                                   : sprintf.c.obj (.text:sprintf)
                  00005a80    0000003e                                   : _printfi.c.obj (.text:_fcpy)
                  00005abe    00000002     --HOLE-- [fill = 0]
                  00005ac0    00000034                                   : boot_cortex_m.c.obj (.text:_c_int00_noargs:_c_int00_noargs)
                  00005af4    0000002e                                   : i_tofd_t2.asm.obj (.text)
                  00005b22    00000024     wait.obj (.text)
                  00005b46    00000020     rtsv7M4_T_le_v4SPD16_eabi.lib : u_tofd_t2.asm.obj (.text)
                  00005b66    0000001c                                   : memccpy.c.obj (.text:memccpy)
                  00005b82    0000001a                                   : s_copysign.c.obj (.text:copysign)
                  00005b9c    00000018                                   : sprintf.c.obj (.text:_outs)
                  00005bb4    00000018                                   : strcmp.c.obj (.text:strcmp)
                  00005bcc    00000016                                   : strchr.c.obj (.text:strchr)
                  00005be2    00000014                                   : strlen.c.obj (.text:strlen)
                  00005bf6    00000012                                   : wcslen.c.obj (.text:wcslen)
                  00005c08    0000000e                                   : copy_decompress_none.c.obj (.text:decompress:none:__TI_decompress_none)
                  00005c16    0000000c                                   : copy_zero_init.c.obj (.text:decompress:ZI:__TI_zero_init)
                  00005c22    0000000c     tm4c123gh6pm_startup_ccs.obj (.text)
                  00005c2e    0000000a     rtsv7M4_T_le_v4SPD16_eabi.lib : sprintf.c.obj (.text:_outc)
                  00005c38    00000008                                   : errno.c.obj (.text:__aeabi_errno_addr)
                  00005c40    00000004                                   : pre_init.c.obj (.text:_system_pre_init)
                  00005c44    00000004                                   : exit.c.obj (.text:abort:abort)

.const     0    00005c48    0000015e     
                  00005c48    00000101     rtsv7M4_T_le_v4SPD16_eabi.lib : ctype.c.obj (.const:.string:_ctypes_)
                  00005d49    0000005d     ethernet.obj (.const:$P$T0$1)

.cinit     0    00005da8    00000038     
                  00005da8    00000014     (.cinit..data.load) [load image, compression = lzss]
                  00005dbc    0000000c     (__TI_handler_table)
                  00005dc8    00000008     (.cinit..bss.load) [load image, compression = zero_init]
                  00005dd0    00000010     (__TI_cinit_table)

.init_array 
*          0    00000000    00000000     UNINITIALIZED

.bss       0    20002000    00000689     UNINITIALIZED
                  20002000    000005f4     (.common:data)
                  200025f4    00000028     (.common:fn)
                  2000261c    00000028     (.common:period)
                  20002644    00000028     (.common:ticks)
                  2000266c    0000000c     (.common:reload)
                  20002678    00000004     (.common:dhcpLeaseTime)
                  2000267c    00000004     (.common:dhcpState)
                  20002680    00000004     (.common:sum)
                  20002684    00000004     (.common:tcpState)
                  20002688    00000001     (.common:dhcpEnabled)

.data      0    2000268c    0000001f     UNINITIALIZED
                  2000268c    00000006     eth0.obj (.data:macAddress)
                  20002692    00000004     eth0.obj (.data:ipAddress)
                  20002696    00000004     eth0.obj (.data:ipDnsAddress)
                  2000269a    00000004     eth0.obj (.data:ipGwAddress)
                  2000269e    00000004     eth0.obj (.data:ipSubnetMask)
                  200026a2    00000002     --HOLE--
                  200026a4    00000004     rtsv7M4_T_le_v4SPD16_eabi.lib : errno.c.obj (.data)
                  200026a8    00000003     eth0.obj (.data)

.stack     0    20000000    00002000     UNINITIALIZED
                  20000000    00000004     rtsv7M4_T_le_v4SPD16_eabi.lib : boot_cortex_m.c.obj (.stack)
                  20000004    00001ffc     --HOLE--

MODULE SUMMARY

       Module                         code    ro data   rw data
       ------                         ----    -------   -------
    .\
       eth0.obj                       4572    0         25     
       dhcp.obj                       3232    0         5      
       commands.obj                   760     0         1532   
       gpio.obj                       1984    0         0      
       ethernet.obj                   1376    93        4      
       timer.obj                      884     0         132    
       tcp.obj                        908     0         0      
       terminal.obj                   698     0         0      
       tm4c123gh6pm_startup_ccs.obj   12      620       0      
       uart0.obj                      380     0         0      
       spi0.obj                       352     0         0      
       wait.obj                       36      0         0      
    +--+------------------------------+-------+---------+---------+
       Total:                         15194   713       1698   
                                                               
    C:\ti\ccs930\ccs\tools\compiler\ti-cgt-arm_18.12.4.LTS\lib\rtsv7M4_T_le_v4SPD16_eabi.lib
       _printfi.c.obj                 4851    0         0      
       fd_add_t2.asm.obj              438     0         0      
       fd_div_t2.asm.obj              310     0         0      
       s_scalbn.c.obj                 272     0         0      
       fd_cmp_t2.asm.obj              268     0         0      
       ctype.c.obj                    0       257       0      
       fd_mul_t2.asm.obj              252     0         0      
       memcpy_t2.asm.obj              156     0         0      
       ull_div_t2.asm.obj             150     0         0      
       memset_t2.asm.obj              122     0         0      
       copy_decompress_lzss.c.obj     104     0         0      
       s_frexp.c.obj                  100     0         0      
       sprintf.c.obj                  98      0         0      
       ltoa.c.obj                     84      0         0      
       atoi.c.obj                     76      0         0      
       fd_toi_t2.asm.obj              72      0         0      
       autoinit.c.obj                 68      0         0      
       fd_tou_t2.asm.obj              68      0         0      
       boot_cortex_m.c.obj            52      0         0      
       i_tofd_t2.asm.obj              46      0         0      
       u_tofd_t2.asm.obj              32      0         0      
       memccpy.c.obj                  28      0         0      
       s_copysign.c.obj               26      0         0      
       strcmp.c.obj                   24      0         0      
       strchr.c.obj                   22      0         0      
       strlen.c.obj                   20      0         0      
       wcslen.c.obj                   18      0         0      
       copy_decompress_none.c.obj     14      0         0      
       copy_zero_init.c.obj           12      0         0      
       errno.c.obj                    8       0         4      
       exit.c.obj                     4       0         0      
       pre_init.c.obj                 4       0         0      
       div0.asm.obj                   2       0         0      
    +--+------------------------------+-------+---------+---------+
       Total:                         7801    257       4      
                                                               
       Stack:                         0       0         8192   
       Linker Generated:              0       56        0      
    +--+------------------------------+-------+---------+---------+
       Grand Total:                   22995   1026      9894   


LINKER GENERATED COPY TABLES

__TI_cinit_table @ 00005dd0 records: 2, size/record: 8, table size: 16
	.data: load addr=00005da8, load size=00000014 bytes, run addr=2000268c, run size=0000001f bytes, compression=lzss
	.bss: load addr=00005dc8, load size=00000008 bytes, run addr=20002000, run size=00000689 bytes, compression=zero_init


LINKER GENERATED HANDLER TABLE

__TI_handler_table @ 00005dbc records: 3, size/record: 4, table size: 12
	index: 0, handler: __TI_decompress_lzss
	index: 1, handler: __TI_decompress_none
	index: 2, handler: __TI_zero_init


GLOBAL SYMBOLS: SORTED ALPHABETICALLY BY Name 

address   name                          
-------   ----                          
00005c45  C$$EXIT                       
00005c23  ResetISR                      
20002000  __STACK_END                   
00002000  __STACK_SIZE                  
20000200  __STACK_TOP                   
00005dd0  __TI_CINIT_Base               
00005de0  __TI_CINIT_Limit              
00005dbc  __TI_Handler_Table_Base       
00005dc8  __TI_Handler_Table_Limit      
000059b9  __TI_auto_init_nobinit_nopinit
0000575d  __TI_decompress_lzss          
00005c09  __TI_decompress_none          
ffffffff  __TI_pprof_out_hndl           
000020e9  __TI_printfi                  
ffffffff  __TI_prof_data_size           
ffffffff  __TI_prof_data_start          
00000000  __TI_static_base__            
00005c17  __TI_zero_init                
00005569  __aeabi_cdcmpeq               
00005569  __aeabi_cdcmple               
000055ef  __aeabi_cdrcmple              
00005971  __aeabi_d2iz                  
000059fd  __aeabi_d2uiz                 
00004957  __aeabi_dadd                  
00004f1d  __aeabi_ddiv                  
00005289  __aeabi_dmul                  
0000494d  __aeabi_dsub                  
00005c39  __aeabi_errno_addr            
00005af5  __aeabi_i2d                   
00002b37  __aeabi_idiv0                 
00002b37  __aeabi_ldiv0                 
00005675  __aeabi_memclr                
00005675  __aeabi_memclr4               
00005675  __aeabi_memclr8               
00005437  __aeabi_memcpy                
00005437  __aeabi_memcpy4               
00005437  __aeabi_memcpy8               
00005677  __aeabi_memset                
00005677  __aeabi_memset4               
00005677  __aeabi_memset8               
00005b47  __aeabi_ui2d                  
000054d3  __aeabi_uldivmod              
ffffffff  __binit__                     
ffffffff  __c_args__                    
UNDEFED   __mpu_init                    
20000000  __stack                       
00005ac1  _c_int00_noargs               
00005c48  _ctypes_                      
UNDEFED   _system_post_cinit            
00005c41  _system_pre_init              
00005c45  abort                         
00001b71  acceptDhcp                    
00005925  atoi                          
ffffffff  binit                         
00001e83  callDiscover                  
00001e99  callRequest                   
00005b83  copysign                      
00005b83  copysignl                     
20002000  data                          
00001eeb  dhcpBound                     
20002688  dhcpEnabled                   
00001ea9  dhcpInit                      
20002678  dhcpLeaseTime                 
00001f43  dhcpRebinding                 
00001f2d  dhcpRenew                     
00001edd  dhcpRequesting                
00001ec1  dhcpSelecting                 
2000267c  dhcpState                     
00003169  disablePinInterrupt           
00002ea1  disablePinPulldown            
00002e59  disablePinPullup              
00002bf5  disablePort                   
000035bd  displayConnectionInfo         
00003145  enablePinInterrupt            
00002e7d  enablePinPulldown             
00002e2b  enablePinPullup               
00002b39  enablePort                    
200026a4  errno                         
00000939  etherCalcIpChecksum           
0000032b  etherClearReg                 
00000283  etherCsOff                    
0000026d  etherCsOn                     
00001165  etherDisableDhcpMode          
0000115d  etherEnableDhcpMode           
00001147  etherGetId                    
000011dd  etherGetIpAddress             
00001333  etherGetIpDnsAddress          
000012c1  etherGetIpGatewayAddress      
0000124f  etherGetIpSubnetMask          
000013af  etherGetMacAddress            
000006a5  etherGetPacket                
00000f55  etherGetUdpData               
00001153  etherIncId                    
00000477  etherInit                     
00000c01  etherIsArpRequest             
0000065b  etherIsDataAvailable          
00001777  etherIsDhcp                   
0000116d  etherIsDhcpEnabled            
000009c9  etherIsIp                     
00000a33  etherIsIpUnicast              
00001179  etherIsIpValid                
00000641  etherIsLinkUp                 
00000675  etherIsOverflow               
00000a9b  etherIsPingRequest            
000039e9  etherIsTcp                    
00000eb5  etherIsUdp                    
00000791  etherPutPacket                
0000045f  etherReadMem                  
0000044d  etherReadMemStart             
0000046f  etherReadMemStop              
000003b3  etherReadPhy                  
000002c5  etherReadReg                  
00000d87  etherSendArpRequest           
00000cad  etherSendArpResponse          
00000ae9  etherSendPingResponse         
00000f81  etherSendUdpResponse          
0000035f  etherSetBank                  
0000119f  etherSetIpAddress             
000012fb  etherSetIpDnsAddress          
00001289  etherSetIpGatewayAddress      
00001217  etherSetIpSubnetMask          
0000136d  etherSetMacAddress            
000002f7  etherSetReg                   
00000873  etherSumWords                 
00000431  etherWriteMem                 
0000041f  etherWriteMemStart            
00000445  etherWriteMemStop             
0000037b  etherWritePhy                 
00000291  etherWriteReg                 
00001b67  flash                         
200025f4  fn                            
000057c5  frexp                         
000057c5  frexpl                        
00000000  g_pfnVectors                  
000008ed  getEtherChecksum              
000031b3  getPinValue                   
00003269  getPortValue                  
00004c0d  getcUart0                     
00004251  getsUart0                     
00000971  htons                         
00000995  htons32                       
00001c31  ifconfig                      
00003541  initHw                        
00004c81  initSpi0                      
00003be5  initTimer                     
00004b05  initUart0                     
20002692  ipAddress                     
20002696  ipDnsAddress                  
2000269a  ipGwAddress                   
2000269e  ipSubnetMask                  
00004c21  kbhitUart0                    
00005179  ldexp                         
00005179  ldexpl                        
0000587f  ltoa                          
2000268c  macAddress                    
000032f9  main                          
00001449  makeDhcpDiscoverPacket        
00001851  makeDhcpRequestPacket         
00005b67  memccpy                       
00005437  memcpy                        
0000567d  memset                        
200026a8  nextPacketLsb                 
200026a9  nextPacketMsb                 
00004349  parseFields                   
2000261c  period                        
00004bc5  putcUart0                     
00004be1  putsUart0                     
00003f3b  random32                      
00004db9  readSpi0Data                  
2000266c  reload                        
00003e31  restartTimer                  
00003f59  runCommands                   
00005179  scalbn                        
00005179  scalbnl                       
00002d5f  selectPinAnalogInput          
00002d11  selectPinDigitalInput         
0000307b  selectPinInterruptBothEdges   
0000302b  selectPinInterruptFallingEdge 
000030d1  selectPinInterruptHighLevel   
0000310b  selectPinInterruptLowLevel    
00002fdb  selectPinInterruptRisingEdge  
00002cc3  selectPinOpenDrainOutput      
00002c75  selectPinPushPullOutput       
200026aa  sequenceId                    
00002ec9  setPinAuxFunction             
00002daf  setPinCommitControl           
0000318d  setPinValue                   
000031e5  setPortValue                  
00004d1d  setSpi0BaudRate               
00004d53  setSpi0Mode                   
00004b99  setUart0BaudRate              
00005a41  sprintf                       
00003c85  startOneshotTimer             
00003d2f  startPeriodicTimer            
00003dcb  stopTimer                     
00005bcd  strchr                        
00005bb5  strcmp                        
00005be3  strlen                        
20002680  sum                           
00001e2f  t1_expired                    
00001e45  t2_expired                    
00001e5b  t3_expired                    
00003a5d  tcpAcknowledge                
00003a5b  tcpEstablished                
00003a4f  tcpListen                     
00003859  tcpSendSynAck                 
20002684  tcpState                      
00003a51  tcpSynRecieved                
00003ec1  tickIsr                       
20002644  ticks                         
00005b23  waitMicrosecond               
00005bf7  wcslen                        
00004da1  writeSpi0Data                 


GLOBAL SYMBOLS: SORTED BY Symbol Address 

address   name                          
-------   ----                          
00000000  __TI_static_base__            
00000000  g_pfnVectors                  
0000026d  etherCsOn                     
00000283  etherCsOff                    
00000291  etherWriteReg                 
000002c5  etherReadReg                  
000002f7  etherSetReg                   
0000032b  etherClearReg                 
0000035f  etherSetBank                  
0000037b  etherWritePhy                 
000003b3  etherReadPhy                  
0000041f  etherWriteMemStart            
00000431  etherWriteMem                 
00000445  etherWriteMemStop             
0000044d  etherReadMemStart             
0000045f  etherReadMem                  
0000046f  etherReadMemStop              
00000477  etherInit                     
00000641  etherIsLinkUp                 
0000065b  etherIsDataAvailable          
00000675  etherIsOverflow               
000006a5  etherGetPacket                
00000791  etherPutPacket                
00000873  etherSumWords                 
000008ed  getEtherChecksum              
00000939  etherCalcIpChecksum           
00000971  htons                         
00000995  htons32                       
000009c9  etherIsIp                     
00000a33  etherIsIpUnicast              
00000a9b  etherIsPingRequest            
00000ae9  etherSendPingResponse         
00000c01  etherIsArpRequest             
00000cad  etherSendArpResponse          
00000d87  etherSendArpRequest           
00000eb5  etherIsUdp                    
00000f55  etherGetUdpData               
00000f81  etherSendUdpResponse          
00001147  etherGetId                    
00001153  etherIncId                    
0000115d  etherEnableDhcpMode           
00001165  etherDisableDhcpMode          
0000116d  etherIsDhcpEnabled            
00001179  etherIsIpValid                
0000119f  etherSetIpAddress             
000011dd  etherGetIpAddress             
00001217  etherSetIpSubnetMask          
0000124f  etherGetIpSubnetMask          
00001289  etherSetIpGatewayAddress      
000012c1  etherGetIpGatewayAddress      
000012fb  etherSetIpDnsAddress          
00001333  etherGetIpDnsAddress          
0000136d  etherSetMacAddress            
000013af  etherGetMacAddress            
00001449  makeDhcpDiscoverPacket        
00001777  etherIsDhcp                   
00001851  makeDhcpRequestPacket         
00001b67  flash                         
00001b71  acceptDhcp                    
00001c31  ifconfig                      
00001e2f  t1_expired                    
00001e45  t2_expired                    
00001e5b  t3_expired                    
00001e83  callDiscover                  
00001e99  callRequest                   
00001ea9  dhcpInit                      
00001ec1  dhcpSelecting                 
00001edd  dhcpRequesting                
00001eeb  dhcpBound                     
00001f2d  dhcpRenew                     
00001f43  dhcpRebinding                 
00002000  __STACK_SIZE                  
000020e9  __TI_printfi                  
00002b37  __aeabi_idiv0                 
00002b37  __aeabi_ldiv0                 
00002b39  enablePort                    
00002bf5  disablePort                   
00002c75  selectPinPushPullOutput       
00002cc3  selectPinOpenDrainOutput      
00002d11  selectPinDigitalInput         
00002d5f  selectPinAnalogInput          
00002daf  setPinCommitControl           
00002e2b  enablePinPullup               
00002e59  disablePinPullup              
00002e7d  enablePinPulldown             
00002ea1  disablePinPulldown            
00002ec9  setPinAuxFunction             
00002fdb  selectPinInterruptRisingEdge  
0000302b  selectPinInterruptFallingEdge 
0000307b  selectPinInterruptBothEdges   
000030d1  selectPinInterruptHighLevel   
0000310b  selectPinInterruptLowLevel    
00003145  enablePinInterrupt            
00003169  disablePinInterrupt           
0000318d  setPinValue                   
000031b3  getPinValue                   
000031e5  setPortValue                  
00003269  getPortValue                  
000032f9  main                          
00003541  initHw                        
000035bd  displayConnectionInfo         
00003859  tcpSendSynAck                 
000039e9  etherIsTcp                    
00003a4f  tcpListen                     
00003a51  tcpSynRecieved                
00003a5b  tcpEstablished                
00003a5d  tcpAcknowledge                
00003be5  initTimer                     
00003c85  startOneshotTimer             
00003d2f  startPeriodicTimer            
00003dcb  stopTimer                     
00003e31  restartTimer                  
00003ec1  tickIsr                       
00003f3b  random32                      
00003f59  runCommands                   
00004251  getsUart0                     
00004349  parseFields                   
0000494d  __aeabi_dsub                  
00004957  __aeabi_dadd                  
00004b05  initUart0                     
00004b99  setUart0BaudRate              
00004bc5  putcUart0                     
00004be1  putsUart0                     
00004c0d  getcUart0                     
00004c21  kbhitUart0                    
00004c81  initSpi0                      
00004d1d  setSpi0BaudRate               
00004d53  setSpi0Mode                   
00004da1  writeSpi0Data                 
00004db9  readSpi0Data                  
00004f1d  __aeabi_ddiv                  
00005179  ldexp                         
00005179  ldexpl                        
00005179  scalbn                        
00005179  scalbnl                       
00005289  __aeabi_dmul                  
00005437  __aeabi_memcpy                
00005437  __aeabi_memcpy4               
00005437  __aeabi_memcpy8               
00005437  memcpy                        
000054d3  __aeabi_uldivmod              
00005569  __aeabi_cdcmpeq               
00005569  __aeabi_cdcmple               
000055ef  __aeabi_cdrcmple              
00005675  __aeabi_memclr                
00005675  __aeabi_memclr4               
00005675  __aeabi_memclr8               
00005677  __aeabi_memset                
00005677  __aeabi_memset4               
00005677  __aeabi_memset8               
0000567d  memset                        
0000575d  __TI_decompress_lzss          
000057c5  frexp                         
000057c5  frexpl                        
0000587f  ltoa                          
00005925  atoi                          
00005971  __aeabi_d2iz                  
000059b9  __TI_auto_init_nobinit_nopinit
000059fd  __aeabi_d2uiz                 
00005a41  sprintf                       
00005ac1  _c_int00_noargs               
00005af5  __aeabi_i2d                   
00005b23  waitMicrosecond               
00005b47  __aeabi_ui2d                  
00005b67  memccpy                       
00005b83  copysign                      
00005b83  copysignl                     
00005bb5  strcmp                        
00005bcd  strchr                        
00005be3  strlen                        
00005bf7  wcslen                        
00005c09  __TI_decompress_none          
00005c17  __TI_zero_init                
00005c23  ResetISR                      
00005c39  __aeabi_errno_addr            
00005c41  _system_pre_init              
00005c45  C$$EXIT                       
00005c45  abort                         
00005c48  _ctypes_                      
00005dbc  __TI_Handler_Table_Base       
00005dc8  __TI_Handler_Table_Limit      
00005dd0  __TI_CINIT_Base               
00005de0  __TI_CINIT_Limit              
20000000  __stack                       
20000200  __STACK_TOP                   
20002000  __STACK_END                   
20002000  data                          
200025f4  fn                            
2000261c  period                        
20002644  ticks                         
2000266c  reload                        
20002678  dhcpLeaseTime                 
2000267c  dhcpState                     
20002680  sum                           
20002684  tcpState                      
20002688  dhcpEnabled                   
2000268c  macAddress                    
20002692  ipAddress                     
20002696  ipDnsAddress                  
2000269a  ipGwAddress                   
2000269e  ipSubnetMask                  
200026a4  errno                         
200026a8  nextPacketLsb                 
200026a9  nextPacketMsb                 
200026aa  sequenceId                    
ffffffff  __TI_pprof_out_hndl           
ffffffff  __TI_prof_data_size           
ffffffff  __TI_prof_data_start          
ffffffff  __binit__                     
ffffffff  __c_args__                    
ffffffff  binit                         
UNDEFED   __mpu_init                    
UNDEFED   _system_post_cinit            

[213 symbols]
